ARM GAS  C:\Users\BETTEF~1\AppData\Local\Temp\cceXEmh4.s 			page 1


   1              		.syntax unified
   2              		.cpu cortex-m3
   3              		.fpu softvfp
   4              		.eabi_attribute 20, 1
   5              		.eabi_attribute 21, 1
   6              		.eabi_attribute 23, 3
   7              		.eabi_attribute 24, 1
   8              		.eabi_attribute 25, 1
   9              		.eabi_attribute 26, 1
  10              		.eabi_attribute 30, 1
  11              		.eabi_attribute 34, 1
  12              		.eabi_attribute 18, 4
  13              		.thumb
  14              		.file	"Pin_int_y_end.c"
  15              		.text
  16              	.Ltext0:
  17              		.cfi_sections	.debug_frame
  18              		.section	.text.Pin_int_y_end_Write,"ax",%progbits
  19              		.align	2
  20              		.global	Pin_int_y_end_Write
  21              		.thumb
  22              		.thumb_func
  23              		.type	Pin_int_y_end_Write, %function
  24              	Pin_int_y_end_Write:
  25              	.LFB0:
  26              		.file 1 "Generated_Source\\PSoC5\\Pin_int_y_end.c"
   1:Generated_Source\PSoC5/Pin_int_y_end.c **** /*******************************************************************************
   2:Generated_Source\PSoC5/Pin_int_y_end.c **** * File Name: Pin_int_y_end.c  
   3:Generated_Source\PSoC5/Pin_int_y_end.c **** * Version 2.20
   4:Generated_Source\PSoC5/Pin_int_y_end.c **** *
   5:Generated_Source\PSoC5/Pin_int_y_end.c **** * Description:
   6:Generated_Source\PSoC5/Pin_int_y_end.c **** *  This file contains API to enable firmware control of a Pins component.
   7:Generated_Source\PSoC5/Pin_int_y_end.c **** *
   8:Generated_Source\PSoC5/Pin_int_y_end.c **** * Note:
   9:Generated_Source\PSoC5/Pin_int_y_end.c **** *
  10:Generated_Source\PSoC5/Pin_int_y_end.c **** ********************************************************************************
  11:Generated_Source\PSoC5/Pin_int_y_end.c **** * Copyright 2008-2015, Cypress Semiconductor Corporation.  All rights reserved.
  12:Generated_Source\PSoC5/Pin_int_y_end.c **** * You may use this file only in accordance with the license, terms, conditions, 
  13:Generated_Source\PSoC5/Pin_int_y_end.c **** * disclaimers, and limitations in the end user license agreement accompanying 
  14:Generated_Source\PSoC5/Pin_int_y_end.c **** * the software package with which this file was provided.
  15:Generated_Source\PSoC5/Pin_int_y_end.c **** *******************************************************************************/
  16:Generated_Source\PSoC5/Pin_int_y_end.c **** 
  17:Generated_Source\PSoC5/Pin_int_y_end.c **** #include "cytypes.h"
  18:Generated_Source\PSoC5/Pin_int_y_end.c **** #include "Pin_int_y_end.h"
  19:Generated_Source\PSoC5/Pin_int_y_end.c **** 
  20:Generated_Source\PSoC5/Pin_int_y_end.c **** /* APIs are not generated for P15[7:6] on PSoC 5 */
  21:Generated_Source\PSoC5/Pin_int_y_end.c **** #if !(CY_PSOC5A &&\
  22:Generated_Source\PSoC5/Pin_int_y_end.c **** 	 Pin_int_y_end__PORT == 15 && ((Pin_int_y_end__MASK & 0xC0) != 0))
  23:Generated_Source\PSoC5/Pin_int_y_end.c **** 
  24:Generated_Source\PSoC5/Pin_int_y_end.c **** 
  25:Generated_Source\PSoC5/Pin_int_y_end.c **** /*******************************************************************************
  26:Generated_Source\PSoC5/Pin_int_y_end.c **** * Function Name: Pin_int_y_end_Write
  27:Generated_Source\PSoC5/Pin_int_y_end.c **** ****************************************************************************//**
  28:Generated_Source\PSoC5/Pin_int_y_end.c **** *
  29:Generated_Source\PSoC5/Pin_int_y_end.c **** * \brief Writes the value to the physical port (data output register), masking
  30:Generated_Source\PSoC5/Pin_int_y_end.c **** *  and shifting the bits appropriately. 
  31:Generated_Source\PSoC5/Pin_int_y_end.c **** *
ARM GAS  C:\Users\BETTEF~1\AppData\Local\Temp\cceXEmh4.s 			page 2


  32:Generated_Source\PSoC5/Pin_int_y_end.c **** * The data output register controls the signal applied to the physical pin in 
  33:Generated_Source\PSoC5/Pin_int_y_end.c **** * conjunction with the drive mode parameter. This function avoids changing 
  34:Generated_Source\PSoC5/Pin_int_y_end.c **** * other bits in the port by using the appropriate method (read-modify-write or
  35:Generated_Source\PSoC5/Pin_int_y_end.c **** * bit banding).
  36:Generated_Source\PSoC5/Pin_int_y_end.c **** *
  37:Generated_Source\PSoC5/Pin_int_y_end.c **** * <b>Note</b> This function should not be used on a hardware digital output pin 
  38:Generated_Source\PSoC5/Pin_int_y_end.c **** * as it is driven by the hardware signal attached to it.
  39:Generated_Source\PSoC5/Pin_int_y_end.c **** *
  40:Generated_Source\PSoC5/Pin_int_y_end.c **** * \param value
  41:Generated_Source\PSoC5/Pin_int_y_end.c **** *  Value to write to the component instance.
  42:Generated_Source\PSoC5/Pin_int_y_end.c **** *
  43:Generated_Source\PSoC5/Pin_int_y_end.c **** * \return 
  44:Generated_Source\PSoC5/Pin_int_y_end.c **** *  None 
  45:Generated_Source\PSoC5/Pin_int_y_end.c **** *
  46:Generated_Source\PSoC5/Pin_int_y_end.c **** * \sideeffect
  47:Generated_Source\PSoC5/Pin_int_y_end.c **** *  If you use read-modify-write operations that are not atomic; the Interrupt 
  48:Generated_Source\PSoC5/Pin_int_y_end.c **** *  Service Routines (ISR) can cause corruption of this function. An ISR that 
  49:Generated_Source\PSoC5/Pin_int_y_end.c **** *  interrupts this function and performs writes to the Pins component data 
  50:Generated_Source\PSoC5/Pin_int_y_end.c **** *  register can cause corrupted port data. To avoid this issue, you should 
  51:Generated_Source\PSoC5/Pin_int_y_end.c **** *  either use the Per-Pin APIs (primary method) or disable interrupts around 
  52:Generated_Source\PSoC5/Pin_int_y_end.c **** *  this function.
  53:Generated_Source\PSoC5/Pin_int_y_end.c **** *
  54:Generated_Source\PSoC5/Pin_int_y_end.c **** * \funcusage
  55:Generated_Source\PSoC5/Pin_int_y_end.c **** *  \snippet Pin_int_y_end_SUT.c usage_Pin_int_y_end_Write
  56:Generated_Source\PSoC5/Pin_int_y_end.c **** *******************************************************************************/
  57:Generated_Source\PSoC5/Pin_int_y_end.c **** void Pin_int_y_end_Write(uint8 value)
  58:Generated_Source\PSoC5/Pin_int_y_end.c **** {
  27              		.loc 1 58 0
  28              		.cfi_startproc
  29              		@ args = 0, pretend = 0, frame = 0
  30              		@ frame_needed = 0, uses_anonymous_args = 0
  31              		@ link register save eliminated.
  32              	.LVL0:
  59:Generated_Source\PSoC5/Pin_int_y_end.c ****     uint8 staticBits = (Pin_int_y_end_DR & (uint8)(~Pin_int_y_end_MASK));
  33              		.loc 1 59 0
  34 0000 044A     		ldr	r2, .L2
  35 0002 1378     		ldrb	r3, [r2]	@ zero_extendqisi2
  36 0004 03F0FE03 		and	r3, r3, #254
  37              	.LVL1:
  60:Generated_Source\PSoC5/Pin_int_y_end.c ****     Pin_int_y_end_DR = staticBits | ((uint8)(value << Pin_int_y_end_SHIFT) & Pin_int_y_end_MASK);
  38              		.loc 1 60 0
  39 0008 00F00100 		and	r0, r0, #1
  40              	.LVL2:
  41 000c 1843     		orrs	r0, r0, r3
  42 000e 1070     		strb	r0, [r2]
  43 0010 7047     		bx	lr
  44              	.L3:
  45 0012 00BF     		.align	2
  46              	.L2:
  47 0014 20510040 		.word	1073762592
  48              		.cfi_endproc
  49              	.LFE0:
  50              		.size	Pin_int_y_end_Write, .-Pin_int_y_end_Write
  51              		.section	.text.Pin_int_y_end_SetDriveMode,"ax",%progbits
  52              		.align	2
  53              		.global	Pin_int_y_end_SetDriveMode
  54              		.thumb
ARM GAS  C:\Users\BETTEF~1\AppData\Local\Temp\cceXEmh4.s 			page 3


  55              		.thumb_func
  56              		.type	Pin_int_y_end_SetDriveMode, %function
  57              	Pin_int_y_end_SetDriveMode:
  58              	.LFB1:
  61:Generated_Source\PSoC5/Pin_int_y_end.c **** }
  62:Generated_Source\PSoC5/Pin_int_y_end.c **** 
  63:Generated_Source\PSoC5/Pin_int_y_end.c **** 
  64:Generated_Source\PSoC5/Pin_int_y_end.c **** /*******************************************************************************
  65:Generated_Source\PSoC5/Pin_int_y_end.c **** * Function Name: Pin_int_y_end_SetDriveMode
  66:Generated_Source\PSoC5/Pin_int_y_end.c **** ****************************************************************************//**
  67:Generated_Source\PSoC5/Pin_int_y_end.c **** *
  68:Generated_Source\PSoC5/Pin_int_y_end.c **** * \brief Sets the drive mode for each of the Pins component's pins.
  69:Generated_Source\PSoC5/Pin_int_y_end.c **** * 
  70:Generated_Source\PSoC5/Pin_int_y_end.c **** * <b>Note</b> This affects all pins in the Pins component instance. Use the
  71:Generated_Source\PSoC5/Pin_int_y_end.c **** * Per-Pin APIs if you wish to control individual pin's drive modes.
  72:Generated_Source\PSoC5/Pin_int_y_end.c **** *
  73:Generated_Source\PSoC5/Pin_int_y_end.c **** * \param mode
  74:Generated_Source\PSoC5/Pin_int_y_end.c **** *  Mode for the selected signals. Valid options are documented in 
  75:Generated_Source\PSoC5/Pin_int_y_end.c **** *  \ref driveMode.
  76:Generated_Source\PSoC5/Pin_int_y_end.c **** *
  77:Generated_Source\PSoC5/Pin_int_y_end.c **** * \return
  78:Generated_Source\PSoC5/Pin_int_y_end.c **** *  None
  79:Generated_Source\PSoC5/Pin_int_y_end.c **** *
  80:Generated_Source\PSoC5/Pin_int_y_end.c **** * \sideeffect
  81:Generated_Source\PSoC5/Pin_int_y_end.c **** *  If you use read-modify-write operations that are not atomic, the ISR can
  82:Generated_Source\PSoC5/Pin_int_y_end.c **** *  cause corruption of this function. An ISR that interrupts this function 
  83:Generated_Source\PSoC5/Pin_int_y_end.c **** *  and performs writes to the Pins component Drive Mode registers can cause 
  84:Generated_Source\PSoC5/Pin_int_y_end.c **** *  corrupted port data. To avoid this issue, you should either use the Per-Pin
  85:Generated_Source\PSoC5/Pin_int_y_end.c **** *  APIs (primary method) or disable interrupts around this function.
  86:Generated_Source\PSoC5/Pin_int_y_end.c **** *
  87:Generated_Source\PSoC5/Pin_int_y_end.c **** * \funcusage
  88:Generated_Source\PSoC5/Pin_int_y_end.c **** *  \snippet Pin_int_y_end_SUT.c usage_Pin_int_y_end_SetDriveMode
  89:Generated_Source\PSoC5/Pin_int_y_end.c **** *******************************************************************************/
  90:Generated_Source\PSoC5/Pin_int_y_end.c **** void Pin_int_y_end_SetDriveMode(uint8 mode)
  91:Generated_Source\PSoC5/Pin_int_y_end.c **** {
  59              		.loc 1 91 0
  60              		.cfi_startproc
  61              		@ args = 0, pretend = 0, frame = 0
  62              		@ frame_needed = 0, uses_anonymous_args = 0
  63              		@ link register save eliminated.
  64              	.LVL3:
  92:Generated_Source\PSoC5/Pin_int_y_end.c **** 	CyPins_SetPinDriveMode(Pin_int_y_end_0, mode);
  65              		.loc 1 92 0
  66 0000 044A     		ldr	r2, .L5
  67 0002 1378     		ldrb	r3, [r2]	@ zero_extendqisi2
  68 0004 03F0F103 		and	r3, r3, #241
  69 0008 00F00E00 		and	r0, r0, #14
  70              	.LVL4:
  71 000c 1843     		orrs	r0, r0, r3
  72 000e 1070     		strb	r0, [r2]
  73 0010 7047     		bx	lr
  74              	.L6:
  75 0012 00BF     		.align	2
  76              	.L5:
  77 0014 10500040 		.word	1073762320
  78              		.cfi_endproc
  79              	.LFE1:
ARM GAS  C:\Users\BETTEF~1\AppData\Local\Temp\cceXEmh4.s 			page 4


  80              		.size	Pin_int_y_end_SetDriveMode, .-Pin_int_y_end_SetDriveMode
  81              		.section	.text.Pin_int_y_end_Read,"ax",%progbits
  82              		.align	2
  83              		.global	Pin_int_y_end_Read
  84              		.thumb
  85              		.thumb_func
  86              		.type	Pin_int_y_end_Read, %function
  87              	Pin_int_y_end_Read:
  88              	.LFB2:
  93:Generated_Source\PSoC5/Pin_int_y_end.c **** }
  94:Generated_Source\PSoC5/Pin_int_y_end.c **** 
  95:Generated_Source\PSoC5/Pin_int_y_end.c **** 
  96:Generated_Source\PSoC5/Pin_int_y_end.c **** /*******************************************************************************
  97:Generated_Source\PSoC5/Pin_int_y_end.c **** * Function Name: Pin_int_y_end_Read
  98:Generated_Source\PSoC5/Pin_int_y_end.c **** ****************************************************************************//**
  99:Generated_Source\PSoC5/Pin_int_y_end.c **** *
 100:Generated_Source\PSoC5/Pin_int_y_end.c **** * \brief Reads the associated physical port (pin status register) and masks 
 101:Generated_Source\PSoC5/Pin_int_y_end.c **** *  the required bits according to the width and bit position of the component
 102:Generated_Source\PSoC5/Pin_int_y_end.c **** *  instance. 
 103:Generated_Source\PSoC5/Pin_int_y_end.c **** *
 104:Generated_Source\PSoC5/Pin_int_y_end.c **** * The pin's status register returns the current logic level present on the 
 105:Generated_Source\PSoC5/Pin_int_y_end.c **** * physical pin.
 106:Generated_Source\PSoC5/Pin_int_y_end.c **** *
 107:Generated_Source\PSoC5/Pin_int_y_end.c **** * \return 
 108:Generated_Source\PSoC5/Pin_int_y_end.c **** *  The current value for the pins in the component as a right justified number.
 109:Generated_Source\PSoC5/Pin_int_y_end.c **** *
 110:Generated_Source\PSoC5/Pin_int_y_end.c **** * \funcusage
 111:Generated_Source\PSoC5/Pin_int_y_end.c **** *  \snippet Pin_int_y_end_SUT.c usage_Pin_int_y_end_Read  
 112:Generated_Source\PSoC5/Pin_int_y_end.c **** *******************************************************************************/
 113:Generated_Source\PSoC5/Pin_int_y_end.c **** uint8 Pin_int_y_end_Read(void)
 114:Generated_Source\PSoC5/Pin_int_y_end.c **** {
  89              		.loc 1 114 0
  90              		.cfi_startproc
  91              		@ args = 0, pretend = 0, frame = 0
  92              		@ frame_needed = 0, uses_anonymous_args = 0
  93              		@ link register save eliminated.
 115:Generated_Source\PSoC5/Pin_int_y_end.c ****     return (Pin_int_y_end_PS & Pin_int_y_end_MASK) >> Pin_int_y_end_SHIFT;
  94              		.loc 1 115 0
  95 0000 024B     		ldr	r3, .L8
  96 0002 1878     		ldrb	r0, [r3]	@ zero_extendqisi2
 116:Generated_Source\PSoC5/Pin_int_y_end.c **** }
  97              		.loc 1 116 0
  98 0004 00F00100 		and	r0, r0, #1
  99 0008 7047     		bx	lr
 100              	.L9:
 101 000a 00BF     		.align	2
 102              	.L8:
 103 000c 21510040 		.word	1073762593
 104              		.cfi_endproc
 105              	.LFE2:
 106              		.size	Pin_int_y_end_Read, .-Pin_int_y_end_Read
 107              		.section	.text.Pin_int_y_end_ReadDataReg,"ax",%progbits
 108              		.align	2
 109              		.global	Pin_int_y_end_ReadDataReg
 110              		.thumb
 111              		.thumb_func
 112              		.type	Pin_int_y_end_ReadDataReg, %function
ARM GAS  C:\Users\BETTEF~1\AppData\Local\Temp\cceXEmh4.s 			page 5


 113              	Pin_int_y_end_ReadDataReg:
 114              	.LFB3:
 117:Generated_Source\PSoC5/Pin_int_y_end.c **** 
 118:Generated_Source\PSoC5/Pin_int_y_end.c **** 
 119:Generated_Source\PSoC5/Pin_int_y_end.c **** /*******************************************************************************
 120:Generated_Source\PSoC5/Pin_int_y_end.c **** * Function Name: Pin_int_y_end_ReadDataReg
 121:Generated_Source\PSoC5/Pin_int_y_end.c **** ****************************************************************************//**
 122:Generated_Source\PSoC5/Pin_int_y_end.c **** *
 123:Generated_Source\PSoC5/Pin_int_y_end.c **** * \brief Reads the associated physical port's data output register and masks 
 124:Generated_Source\PSoC5/Pin_int_y_end.c **** *  the correct bits according to the width and bit position of the component 
 125:Generated_Source\PSoC5/Pin_int_y_end.c **** *  instance. 
 126:Generated_Source\PSoC5/Pin_int_y_end.c **** *
 127:Generated_Source\PSoC5/Pin_int_y_end.c **** * The data output register controls the signal applied to the physical pin in 
 128:Generated_Source\PSoC5/Pin_int_y_end.c **** * conjunction with the drive mode parameter. This is not the same as the 
 129:Generated_Source\PSoC5/Pin_int_y_end.c **** * preferred Pin_int_y_end_Read() API because the 
 130:Generated_Source\PSoC5/Pin_int_y_end.c **** * Pin_int_y_end_ReadDataReg() reads the data register instead of the status 
 131:Generated_Source\PSoC5/Pin_int_y_end.c **** * register. For output pins this is a useful function to determine the value 
 132:Generated_Source\PSoC5/Pin_int_y_end.c **** * just written to the pin.
 133:Generated_Source\PSoC5/Pin_int_y_end.c **** *
 134:Generated_Source\PSoC5/Pin_int_y_end.c **** * \return 
 135:Generated_Source\PSoC5/Pin_int_y_end.c **** *  The current value of the data register masked and shifted into a right 
 136:Generated_Source\PSoC5/Pin_int_y_end.c **** *  justified number for the component instance.
 137:Generated_Source\PSoC5/Pin_int_y_end.c **** *
 138:Generated_Source\PSoC5/Pin_int_y_end.c **** * \funcusage
 139:Generated_Source\PSoC5/Pin_int_y_end.c **** *  \snippet Pin_int_y_end_SUT.c usage_Pin_int_y_end_ReadDataReg 
 140:Generated_Source\PSoC5/Pin_int_y_end.c **** *******************************************************************************/
 141:Generated_Source\PSoC5/Pin_int_y_end.c **** uint8 Pin_int_y_end_ReadDataReg(void)
 142:Generated_Source\PSoC5/Pin_int_y_end.c **** {
 115              		.loc 1 142 0
 116              		.cfi_startproc
 117              		@ args = 0, pretend = 0, frame = 0
 118              		@ frame_needed = 0, uses_anonymous_args = 0
 119              		@ link register save eliminated.
 143:Generated_Source\PSoC5/Pin_int_y_end.c ****     return (Pin_int_y_end_DR & Pin_int_y_end_MASK) >> Pin_int_y_end_SHIFT;
 120              		.loc 1 143 0
 121 0000 024B     		ldr	r3, .L11
 122 0002 1878     		ldrb	r0, [r3]	@ zero_extendqisi2
 144:Generated_Source\PSoC5/Pin_int_y_end.c **** }
 123              		.loc 1 144 0
 124 0004 00F00100 		and	r0, r0, #1
 125 0008 7047     		bx	lr
 126              	.L12:
 127 000a 00BF     		.align	2
 128              	.L11:
 129 000c 20510040 		.word	1073762592
 130              		.cfi_endproc
 131              	.LFE3:
 132              		.size	Pin_int_y_end_ReadDataReg, .-Pin_int_y_end_ReadDataReg
 133              		.section	.text.Pin_int_y_end_SetInterruptMode,"ax",%progbits
 134              		.align	2
 135              		.global	Pin_int_y_end_SetInterruptMode
 136              		.thumb
 137              		.thumb_func
 138              		.type	Pin_int_y_end_SetInterruptMode, %function
 139              	Pin_int_y_end_SetInterruptMode:
 140              	.LFB4:
 145:Generated_Source\PSoC5/Pin_int_y_end.c **** 
ARM GAS  C:\Users\BETTEF~1\AppData\Local\Temp\cceXEmh4.s 			page 6


 146:Generated_Source\PSoC5/Pin_int_y_end.c **** 
 147:Generated_Source\PSoC5/Pin_int_y_end.c **** /* If interrupt is connected for this Pins component */ 
 148:Generated_Source\PSoC5/Pin_int_y_end.c **** #if defined(Pin_int_y_end_INTSTAT) 
 149:Generated_Source\PSoC5/Pin_int_y_end.c **** 
 150:Generated_Source\PSoC5/Pin_int_y_end.c ****     /*******************************************************************************
 151:Generated_Source\PSoC5/Pin_int_y_end.c ****     * Function Name: Pin_int_y_end_SetInterruptMode
 152:Generated_Source\PSoC5/Pin_int_y_end.c ****     ****************************************************************************//**
 153:Generated_Source\PSoC5/Pin_int_y_end.c ****     *
 154:Generated_Source\PSoC5/Pin_int_y_end.c ****     * \brief Configures the interrupt mode for each of the Pins component's
 155:Generated_Source\PSoC5/Pin_int_y_end.c ****     *  pins. Alternatively you may set the interrupt mode for all the pins
 156:Generated_Source\PSoC5/Pin_int_y_end.c ****     *  specified in the Pins component.
 157:Generated_Source\PSoC5/Pin_int_y_end.c ****     *
 158:Generated_Source\PSoC5/Pin_int_y_end.c ****     *  <b>Note</b> The interrupt is port-wide and therefore any enabled pin
 159:Generated_Source\PSoC5/Pin_int_y_end.c ****     *  interrupt may trigger it.
 160:Generated_Source\PSoC5/Pin_int_y_end.c ****     *
 161:Generated_Source\PSoC5/Pin_int_y_end.c ****     * \param position
 162:Generated_Source\PSoC5/Pin_int_y_end.c ****     *  The pin position as listed in the Pins component. You may OR these to be 
 163:Generated_Source\PSoC5/Pin_int_y_end.c ****     *  able to configure the interrupt mode of multiple pins within a Pins 
 164:Generated_Source\PSoC5/Pin_int_y_end.c ****     *  component. Or you may use Pin_int_y_end_INTR_ALL to configure the
 165:Generated_Source\PSoC5/Pin_int_y_end.c ****     *  interrupt mode of all the pins in the Pins component.       
 166:Generated_Source\PSoC5/Pin_int_y_end.c ****     *  - Pin_int_y_end_0_INTR       (First pin in the list)
 167:Generated_Source\PSoC5/Pin_int_y_end.c ****     *  - Pin_int_y_end_1_INTR       (Second pin in the list)
 168:Generated_Source\PSoC5/Pin_int_y_end.c ****     *  - ...
 169:Generated_Source\PSoC5/Pin_int_y_end.c ****     *  - Pin_int_y_end_INTR_ALL     (All pins in Pins component)
 170:Generated_Source\PSoC5/Pin_int_y_end.c ****     *
 171:Generated_Source\PSoC5/Pin_int_y_end.c ****     * \param mode
 172:Generated_Source\PSoC5/Pin_int_y_end.c ****     *  Interrupt mode for the selected pins. Valid options are documented in
 173:Generated_Source\PSoC5/Pin_int_y_end.c ****     *  \ref intrMode.
 174:Generated_Source\PSoC5/Pin_int_y_end.c ****     *
 175:Generated_Source\PSoC5/Pin_int_y_end.c ****     * \return 
 176:Generated_Source\PSoC5/Pin_int_y_end.c ****     *  None
 177:Generated_Source\PSoC5/Pin_int_y_end.c ****     *  
 178:Generated_Source\PSoC5/Pin_int_y_end.c ****     * \sideeffect
 179:Generated_Source\PSoC5/Pin_int_y_end.c ****     *  It is recommended that the interrupt be disabled before calling this 
 180:Generated_Source\PSoC5/Pin_int_y_end.c ****     *  function to avoid unintended interrupt requests. Note that the interrupt
 181:Generated_Source\PSoC5/Pin_int_y_end.c ****     *  type is port wide, and therefore will trigger for any enabled pin on the 
 182:Generated_Source\PSoC5/Pin_int_y_end.c ****     *  port.
 183:Generated_Source\PSoC5/Pin_int_y_end.c ****     *
 184:Generated_Source\PSoC5/Pin_int_y_end.c ****     * \funcusage
 185:Generated_Source\PSoC5/Pin_int_y_end.c ****     *  \snippet Pin_int_y_end_SUT.c usage_Pin_int_y_end_SetInterruptMode
 186:Generated_Source\PSoC5/Pin_int_y_end.c ****     *******************************************************************************/
 187:Generated_Source\PSoC5/Pin_int_y_end.c ****     void Pin_int_y_end_SetInterruptMode(uint16 position, uint16 mode)
 188:Generated_Source\PSoC5/Pin_int_y_end.c ****     {
 141              		.loc 1 188 0
 142              		.cfi_startproc
 143              		@ args = 0, pretend = 0, frame = 0
 144              		@ frame_needed = 0, uses_anonymous_args = 0
 145              		@ link register save eliminated.
 146              	.LVL5:
 189:Generated_Source\PSoC5/Pin_int_y_end.c **** 		if((position & Pin_int_y_end_0_INTR) != 0u) 
 147              		.loc 1 189 0
 148 0000 10F0010F 		tst	r0, #1
 149 0004 02D0     		beq	.L13
 190:Generated_Source\PSoC5/Pin_int_y_end.c **** 		{ 
 191:Generated_Source\PSoC5/Pin_int_y_end.c **** 			 Pin_int_y_end_0_INTTYPE_REG = (uint8)mode; 
 150              		.loc 1 191 0
 151 0006 C9B2     		uxtb	r1, r1
ARM GAS  C:\Users\BETTEF~1\AppData\Local\Temp\cceXEmh4.s 			page 7


 152              	.LVL6:
 153 0008 014B     		ldr	r3, .L15
 154 000a 1970     		strb	r1, [r3]
 155              	.L13:
 156 000c 7047     		bx	lr
 157              	.L16:
 158 000e 00BF     		.align	2
 159              	.L15:
 160 0010 10450040 		.word	1073759504
 161              		.cfi_endproc
 162              	.LFE4:
 163              		.size	Pin_int_y_end_SetInterruptMode, .-Pin_int_y_end_SetInterruptMode
 164              		.section	.text.Pin_int_y_end_ClearInterrupt,"ax",%progbits
 165              		.align	2
 166              		.global	Pin_int_y_end_ClearInterrupt
 167              		.thumb
 168              		.thumb_func
 169              		.type	Pin_int_y_end_ClearInterrupt, %function
 170              	Pin_int_y_end_ClearInterrupt:
 171              	.LFB5:
 192:Generated_Source\PSoC5/Pin_int_y_end.c **** 		}
 193:Generated_Source\PSoC5/Pin_int_y_end.c ****     }
 194:Generated_Source\PSoC5/Pin_int_y_end.c ****     
 195:Generated_Source\PSoC5/Pin_int_y_end.c ****     
 196:Generated_Source\PSoC5/Pin_int_y_end.c ****     /*******************************************************************************
 197:Generated_Source\PSoC5/Pin_int_y_end.c ****     * Function Name: Pin_int_y_end_ClearInterrupt
 198:Generated_Source\PSoC5/Pin_int_y_end.c ****     ****************************************************************************//**
 199:Generated_Source\PSoC5/Pin_int_y_end.c ****     *
 200:Generated_Source\PSoC5/Pin_int_y_end.c ****     * \brief Clears any active interrupts attached with the component and returns 
 201:Generated_Source\PSoC5/Pin_int_y_end.c ****     *  the value of the interrupt status register allowing determination of which
 202:Generated_Source\PSoC5/Pin_int_y_end.c ****     *  pins generated an interrupt event.
 203:Generated_Source\PSoC5/Pin_int_y_end.c ****     *
 204:Generated_Source\PSoC5/Pin_int_y_end.c ****     * \return 
 205:Generated_Source\PSoC5/Pin_int_y_end.c ****     *  The right-shifted current value of the interrupt status register. Each pin 
 206:Generated_Source\PSoC5/Pin_int_y_end.c ****     *  has one bit set if it generated an interrupt event. For example, bit 0 is 
 207:Generated_Source\PSoC5/Pin_int_y_end.c ****     *  for pin 0 and bit 1 is for pin 1 of the Pins component.
 208:Generated_Source\PSoC5/Pin_int_y_end.c ****     *  
 209:Generated_Source\PSoC5/Pin_int_y_end.c ****     * \sideeffect
 210:Generated_Source\PSoC5/Pin_int_y_end.c ****     *  Clears all bits of the physical port's interrupt status register, not just
 211:Generated_Source\PSoC5/Pin_int_y_end.c ****     *  those associated with the Pins component.
 212:Generated_Source\PSoC5/Pin_int_y_end.c ****     *
 213:Generated_Source\PSoC5/Pin_int_y_end.c ****     * \funcusage
 214:Generated_Source\PSoC5/Pin_int_y_end.c ****     *  \snippet Pin_int_y_end_SUT.c usage_Pin_int_y_end_ClearInterrupt
 215:Generated_Source\PSoC5/Pin_int_y_end.c ****     *******************************************************************************/
 216:Generated_Source\PSoC5/Pin_int_y_end.c ****     uint8 Pin_int_y_end_ClearInterrupt(void)
 217:Generated_Source\PSoC5/Pin_int_y_end.c ****     {
 172              		.loc 1 217 0
 173              		.cfi_startproc
 174              		@ args = 0, pretend = 0, frame = 0
 175              		@ frame_needed = 0, uses_anonymous_args = 0
 176              		@ link register save eliminated.
 218:Generated_Source\PSoC5/Pin_int_y_end.c ****         return (Pin_int_y_end_INTSTAT & Pin_int_y_end_MASK) >> Pin_int_y_end_SHIFT;
 177              		.loc 1 218 0
 178 0000 024B     		ldr	r3, .L18
 179 0002 1878     		ldrb	r0, [r3]	@ zero_extendqisi2
 219:Generated_Source\PSoC5/Pin_int_y_end.c ****     }
 180              		.loc 1 219 0
ARM GAS  C:\Users\BETTEF~1\AppData\Local\Temp\cceXEmh4.s 			page 8


 181 0004 00F00100 		and	r0, r0, #1
 182 0008 7047     		bx	lr
 183              	.L19:
 184 000a 00BF     		.align	2
 185              	.L18:
 186 000c 82450040 		.word	1073759618
 187              		.cfi_endproc
 188              	.LFE5:
 189              		.size	Pin_int_y_end_ClearInterrupt, .-Pin_int_y_end_ClearInterrupt
 190              		.text
 191              	.Letext0:
 192              		.file 2 "Generated_Source\\PSoC5\\cytypes.h"
 193              		.section	.debug_info,"",%progbits
 194              	.Ldebug_info0:
 195 0000 6E010000 		.4byte	0x16e
 196 0004 0400     		.2byte	0x4
 197 0006 00000000 		.4byte	.Ldebug_abbrev0
 198 000a 04       		.byte	0x4
 199 000b 01       		.uleb128 0x1
 200 000c D8000000 		.4byte	.LASF24
 201 0010 01       		.byte	0x1
 202 0011 B1000000 		.4byte	.LASF25
 203 0015 E0010000 		.4byte	.LASF26
 204 0019 00000000 		.4byte	.Ldebug_ranges0+0
 205 001d 00000000 		.4byte	0
 206 0021 00000000 		.4byte	.Ldebug_line0
 207 0025 02       		.uleb128 0x2
 208 0026 01       		.byte	0x1
 209 0027 06       		.byte	0x6
 210 0028 6F020000 		.4byte	.LASF0
 211 002c 02       		.uleb128 0x2
 212 002d 01       		.byte	0x1
 213 002e 08       		.byte	0x8
 214 002f 45000000 		.4byte	.LASF1
 215 0033 02       		.uleb128 0x2
 216 0034 02       		.byte	0x2
 217 0035 05       		.byte	0x5
 218 0036 D0010000 		.4byte	.LASF2
 219 003a 02       		.uleb128 0x2
 220 003b 02       		.byte	0x2
 221 003c 07       		.byte	0x7
 222 003d 6A000000 		.4byte	.LASF3
 223 0041 02       		.uleb128 0x2
 224 0042 04       		.byte	0x4
 225 0043 05       		.byte	0x5
 226 0044 66020000 		.4byte	.LASF4
 227 0048 02       		.uleb128 0x2
 228 0049 04       		.byte	0x4
 229 004a 07       		.byte	0x7
 230 004b 58000000 		.4byte	.LASF5
 231 004f 02       		.uleb128 0x2
 232 0050 08       		.byte	0x8
 233 0051 05       		.byte	0x5
 234 0052 AA010000 		.4byte	.LASF6
 235 0056 02       		.uleb128 0x2
 236 0057 08       		.byte	0x8
 237 0058 07       		.byte	0x7
ARM GAS  C:\Users\BETTEF~1\AppData\Local\Temp\cceXEmh4.s 			page 9


 238 0059 73010000 		.4byte	.LASF7
 239 005d 03       		.uleb128 0x3
 240 005e 04       		.byte	0x4
 241 005f 05       		.byte	0x5
 242 0060 696E7400 		.ascii	"int\000"
 243 0064 02       		.uleb128 0x2
 244 0065 04       		.byte	0x4
 245 0066 07       		.byte	0x7
 246 0067 66010000 		.4byte	.LASF8
 247 006b 04       		.uleb128 0x4
 248 006c DA010000 		.4byte	.LASF9
 249 0070 02       		.byte	0x2
 250 0071 9201     		.2byte	0x192
 251 0073 2C000000 		.4byte	0x2c
 252 0077 04       		.uleb128 0x4
 253 0078 A1000000 		.4byte	.LASF10
 254 007c 02       		.byte	0x2
 255 007d 9301     		.2byte	0x193
 256 007f 3A000000 		.4byte	0x3a
 257 0083 02       		.uleb128 0x2
 258 0084 04       		.byte	0x4
 259 0085 04       		.byte	0x4
 260 0086 2B000000 		.4byte	.LASF11
 261 008a 02       		.uleb128 0x2
 262 008b 08       		.byte	0x8
 263 008c 04       		.byte	0x4
 264 008d 9A000000 		.4byte	.LASF12
 265 0091 02       		.uleb128 0x2
 266 0092 01       		.byte	0x1
 267 0093 08       		.byte	0x8
 268 0094 B8010000 		.4byte	.LASF13
 269 0098 04       		.uleb128 0x4
 270 0099 53000000 		.4byte	.LASF14
 271 009d 02       		.byte	0x2
 272 009e 3C02     		.2byte	0x23c
 273 00a0 A4000000 		.4byte	0xa4
 274 00a4 05       		.uleb128 0x5
 275 00a5 6B000000 		.4byte	0x6b
 276 00a9 06       		.uleb128 0x6
 277 00aa 31000000 		.4byte	.LASF15
 278 00ae 01       		.byte	0x1
 279 00af 39       		.byte	0x39
 280 00b0 00000000 		.4byte	.LFB0
 281 00b4 18000000 		.4byte	.LFE0-.LFB0
 282 00b8 01       		.uleb128 0x1
 283 00b9 9C       		.byte	0x9c
 284 00ba DB000000 		.4byte	0xdb
 285 00be 07       		.uleb128 0x7
 286 00bf 00000000 		.4byte	.LASF17
 287 00c3 01       		.byte	0x1
 288 00c4 39       		.byte	0x39
 289 00c5 6B000000 		.4byte	0x6b
 290 00c9 00000000 		.4byte	.LLST0
 291 00cd 08       		.uleb128 0x8
 292 00ce 06000000 		.4byte	.LASF27
 293 00d2 01       		.byte	0x1
 294 00d3 3B       		.byte	0x3b
ARM GAS  C:\Users\BETTEF~1\AppData\Local\Temp\cceXEmh4.s 			page 10


 295 00d4 6B000000 		.4byte	0x6b
 296 00d8 01       		.uleb128 0x1
 297 00d9 53       		.byte	0x53
 298 00da 00       		.byte	0
 299 00db 06       		.uleb128 0x6
 300 00dc 8A010000 		.4byte	.LASF16
 301 00e0 01       		.byte	0x1
 302 00e1 5A       		.byte	0x5a
 303 00e2 00000000 		.4byte	.LFB1
 304 00e6 18000000 		.4byte	.LFE1-.LFB1
 305 00ea 01       		.uleb128 0x1
 306 00eb 9C       		.byte	0x9c
 307 00ec 00010000 		.4byte	0x100
 308 00f0 07       		.uleb128 0x7
 309 00f1 A5010000 		.4byte	.LASF18
 310 00f5 01       		.byte	0x1
 311 00f6 5A       		.byte	0x5a
 312 00f7 6B000000 		.4byte	0x6b
 313 00fb 21000000 		.4byte	.LLST1
 314 00ff 00       		.byte	0
 315 0100 09       		.uleb128 0x9
 316 0101 BD010000 		.4byte	.LASF19
 317 0105 01       		.byte	0x1
 318 0106 71       		.byte	0x71
 319 0107 6B000000 		.4byte	0x6b
 320 010b 00000000 		.4byte	.LFB2
 321 010f 10000000 		.4byte	.LFE2-.LFB2
 322 0113 01       		.uleb128 0x1
 323 0114 9C       		.byte	0x9c
 324 0115 09       		.uleb128 0x9
 325 0116 11000000 		.4byte	.LASF20
 326 011a 01       		.byte	0x1
 327 011b 8D       		.byte	0x8d
 328 011c 6B000000 		.4byte	0x6b
 329 0120 00000000 		.4byte	.LFB3
 330 0124 10000000 		.4byte	.LFE3-.LFB3
 331 0128 01       		.uleb128 0x1
 332 0129 9C       		.byte	0x9c
 333 012a 06       		.uleb128 0x6
 334 012b 7B020000 		.4byte	.LASF21
 335 012f 01       		.byte	0x1
 336 0130 BB       		.byte	0xbb
 337 0131 00000000 		.4byte	.LFB4
 338 0135 14000000 		.4byte	.LFE4-.LFB4
 339 0139 01       		.uleb128 0x1
 340 013a 9C       		.byte	0x9c
 341 013b 5C010000 		.4byte	0x15c
 342 013f 0A       		.uleb128 0xa
 343 0140 A8000000 		.4byte	.LASF22
 344 0144 01       		.byte	0x1
 345 0145 BB       		.byte	0xbb
 346 0146 77000000 		.4byte	0x77
 347 014a 01       		.uleb128 0x1
 348 014b 50       		.byte	0x50
 349 014c 07       		.uleb128 0x7
 350 014d A5010000 		.4byte	.LASF18
 351 0151 01       		.byte	0x1
ARM GAS  C:\Users\BETTEF~1\AppData\Local\Temp\cceXEmh4.s 			page 11


 352 0152 BB       		.byte	0xbb
 353 0153 77000000 		.4byte	0x77
 354 0157 42000000 		.4byte	.LLST2
 355 015b 00       		.byte	0
 356 015c 09       		.uleb128 0x9
 357 015d 7D000000 		.4byte	.LASF23
 358 0161 01       		.byte	0x1
 359 0162 D8       		.byte	0xd8
 360 0163 6B000000 		.4byte	0x6b
 361 0167 00000000 		.4byte	.LFB5
 362 016b 10000000 		.4byte	.LFE5-.LFB5
 363 016f 01       		.uleb128 0x1
 364 0170 9C       		.byte	0x9c
 365 0171 00       		.byte	0
 366              		.section	.debug_abbrev,"",%progbits
 367              	.Ldebug_abbrev0:
 368 0000 01       		.uleb128 0x1
 369 0001 11       		.uleb128 0x11
 370 0002 01       		.byte	0x1
 371 0003 25       		.uleb128 0x25
 372 0004 0E       		.uleb128 0xe
 373 0005 13       		.uleb128 0x13
 374 0006 0B       		.uleb128 0xb
 375 0007 03       		.uleb128 0x3
 376 0008 0E       		.uleb128 0xe
 377 0009 1B       		.uleb128 0x1b
 378 000a 0E       		.uleb128 0xe
 379 000b 55       		.uleb128 0x55
 380 000c 17       		.uleb128 0x17
 381 000d 11       		.uleb128 0x11
 382 000e 01       		.uleb128 0x1
 383 000f 10       		.uleb128 0x10
 384 0010 17       		.uleb128 0x17
 385 0011 00       		.byte	0
 386 0012 00       		.byte	0
 387 0013 02       		.uleb128 0x2
 388 0014 24       		.uleb128 0x24
 389 0015 00       		.byte	0
 390 0016 0B       		.uleb128 0xb
 391 0017 0B       		.uleb128 0xb
 392 0018 3E       		.uleb128 0x3e
 393 0019 0B       		.uleb128 0xb
 394 001a 03       		.uleb128 0x3
 395 001b 0E       		.uleb128 0xe
 396 001c 00       		.byte	0
 397 001d 00       		.byte	0
 398 001e 03       		.uleb128 0x3
 399 001f 24       		.uleb128 0x24
 400 0020 00       		.byte	0
 401 0021 0B       		.uleb128 0xb
 402 0022 0B       		.uleb128 0xb
 403 0023 3E       		.uleb128 0x3e
 404 0024 0B       		.uleb128 0xb
 405 0025 03       		.uleb128 0x3
 406 0026 08       		.uleb128 0x8
 407 0027 00       		.byte	0
 408 0028 00       		.byte	0
ARM GAS  C:\Users\BETTEF~1\AppData\Local\Temp\cceXEmh4.s 			page 12


 409 0029 04       		.uleb128 0x4
 410 002a 16       		.uleb128 0x16
 411 002b 00       		.byte	0
 412 002c 03       		.uleb128 0x3
 413 002d 0E       		.uleb128 0xe
 414 002e 3A       		.uleb128 0x3a
 415 002f 0B       		.uleb128 0xb
 416 0030 3B       		.uleb128 0x3b
 417 0031 05       		.uleb128 0x5
 418 0032 49       		.uleb128 0x49
 419 0033 13       		.uleb128 0x13
 420 0034 00       		.byte	0
 421 0035 00       		.byte	0
 422 0036 05       		.uleb128 0x5
 423 0037 35       		.uleb128 0x35
 424 0038 00       		.byte	0
 425 0039 49       		.uleb128 0x49
 426 003a 13       		.uleb128 0x13
 427 003b 00       		.byte	0
 428 003c 00       		.byte	0
 429 003d 06       		.uleb128 0x6
 430 003e 2E       		.uleb128 0x2e
 431 003f 01       		.byte	0x1
 432 0040 3F       		.uleb128 0x3f
 433 0041 19       		.uleb128 0x19
 434 0042 03       		.uleb128 0x3
 435 0043 0E       		.uleb128 0xe
 436 0044 3A       		.uleb128 0x3a
 437 0045 0B       		.uleb128 0xb
 438 0046 3B       		.uleb128 0x3b
 439 0047 0B       		.uleb128 0xb
 440 0048 27       		.uleb128 0x27
 441 0049 19       		.uleb128 0x19
 442 004a 11       		.uleb128 0x11
 443 004b 01       		.uleb128 0x1
 444 004c 12       		.uleb128 0x12
 445 004d 06       		.uleb128 0x6
 446 004e 40       		.uleb128 0x40
 447 004f 18       		.uleb128 0x18
 448 0050 9742     		.uleb128 0x2117
 449 0052 19       		.uleb128 0x19
 450 0053 01       		.uleb128 0x1
 451 0054 13       		.uleb128 0x13
 452 0055 00       		.byte	0
 453 0056 00       		.byte	0
 454 0057 07       		.uleb128 0x7
 455 0058 05       		.uleb128 0x5
 456 0059 00       		.byte	0
 457 005a 03       		.uleb128 0x3
 458 005b 0E       		.uleb128 0xe
 459 005c 3A       		.uleb128 0x3a
 460 005d 0B       		.uleb128 0xb
 461 005e 3B       		.uleb128 0x3b
 462 005f 0B       		.uleb128 0xb
 463 0060 49       		.uleb128 0x49
 464 0061 13       		.uleb128 0x13
 465 0062 02       		.uleb128 0x2
ARM GAS  C:\Users\BETTEF~1\AppData\Local\Temp\cceXEmh4.s 			page 13


 466 0063 17       		.uleb128 0x17
 467 0064 00       		.byte	0
 468 0065 00       		.byte	0
 469 0066 08       		.uleb128 0x8
 470 0067 34       		.uleb128 0x34
 471 0068 00       		.byte	0
 472 0069 03       		.uleb128 0x3
 473 006a 0E       		.uleb128 0xe
 474 006b 3A       		.uleb128 0x3a
 475 006c 0B       		.uleb128 0xb
 476 006d 3B       		.uleb128 0x3b
 477 006e 0B       		.uleb128 0xb
 478 006f 49       		.uleb128 0x49
 479 0070 13       		.uleb128 0x13
 480 0071 02       		.uleb128 0x2
 481 0072 18       		.uleb128 0x18
 482 0073 00       		.byte	0
 483 0074 00       		.byte	0
 484 0075 09       		.uleb128 0x9
 485 0076 2E       		.uleb128 0x2e
 486 0077 00       		.byte	0
 487 0078 3F       		.uleb128 0x3f
 488 0079 19       		.uleb128 0x19
 489 007a 03       		.uleb128 0x3
 490 007b 0E       		.uleb128 0xe
 491 007c 3A       		.uleb128 0x3a
 492 007d 0B       		.uleb128 0xb
 493 007e 3B       		.uleb128 0x3b
 494 007f 0B       		.uleb128 0xb
 495 0080 27       		.uleb128 0x27
 496 0081 19       		.uleb128 0x19
 497 0082 49       		.uleb128 0x49
 498 0083 13       		.uleb128 0x13
 499 0084 11       		.uleb128 0x11
 500 0085 01       		.uleb128 0x1
 501 0086 12       		.uleb128 0x12
 502 0087 06       		.uleb128 0x6
 503 0088 40       		.uleb128 0x40
 504 0089 18       		.uleb128 0x18
 505 008a 9742     		.uleb128 0x2117
 506 008c 19       		.uleb128 0x19
 507 008d 00       		.byte	0
 508 008e 00       		.byte	0
 509 008f 0A       		.uleb128 0xa
 510 0090 05       		.uleb128 0x5
 511 0091 00       		.byte	0
 512 0092 03       		.uleb128 0x3
 513 0093 0E       		.uleb128 0xe
 514 0094 3A       		.uleb128 0x3a
 515 0095 0B       		.uleb128 0xb
 516 0096 3B       		.uleb128 0x3b
 517 0097 0B       		.uleb128 0xb
 518 0098 49       		.uleb128 0x49
 519 0099 13       		.uleb128 0x13
 520 009a 02       		.uleb128 0x2
 521 009b 18       		.uleb128 0x18
 522 009c 00       		.byte	0
ARM GAS  C:\Users\BETTEF~1\AppData\Local\Temp\cceXEmh4.s 			page 14


 523 009d 00       		.byte	0
 524 009e 00       		.byte	0
 525              		.section	.debug_loc,"",%progbits
 526              	.Ldebug_loc0:
 527              	.LLST0:
 528 0000 00000000 		.4byte	.LVL0
 529 0004 0C000000 		.4byte	.LVL2
 530 0008 0100     		.2byte	0x1
 531 000a 50       		.byte	0x50
 532 000b 0C000000 		.4byte	.LVL2
 533 000f 18000000 		.4byte	.LFE0
 534 0013 0400     		.2byte	0x4
 535 0015 F3       		.byte	0xf3
 536 0016 01       		.uleb128 0x1
 537 0017 50       		.byte	0x50
 538 0018 9F       		.byte	0x9f
 539 0019 00000000 		.4byte	0
 540 001d 00000000 		.4byte	0
 541              	.LLST1:
 542 0021 00000000 		.4byte	.LVL3
 543 0025 0C000000 		.4byte	.LVL4
 544 0029 0100     		.2byte	0x1
 545 002b 50       		.byte	0x50
 546 002c 0C000000 		.4byte	.LVL4
 547 0030 18000000 		.4byte	.LFE1
 548 0034 0400     		.2byte	0x4
 549 0036 F3       		.byte	0xf3
 550 0037 01       		.uleb128 0x1
 551 0038 50       		.byte	0x50
 552 0039 9F       		.byte	0x9f
 553 003a 00000000 		.4byte	0
 554 003e 00000000 		.4byte	0
 555              	.LLST2:
 556 0042 00000000 		.4byte	.LVL5
 557 0046 08000000 		.4byte	.LVL6
 558 004a 0100     		.2byte	0x1
 559 004c 51       		.byte	0x51
 560 004d 08000000 		.4byte	.LVL6
 561 0051 14000000 		.4byte	.LFE4
 562 0055 0400     		.2byte	0x4
 563 0057 F3       		.byte	0xf3
 564 0058 01       		.uleb128 0x1
 565 0059 51       		.byte	0x51
 566 005a 9F       		.byte	0x9f
 567 005b 00000000 		.4byte	0
 568 005f 00000000 		.4byte	0
 569              		.section	.debug_aranges,"",%progbits
 570 0000 44000000 		.4byte	0x44
 571 0004 0200     		.2byte	0x2
 572 0006 00000000 		.4byte	.Ldebug_info0
 573 000a 04       		.byte	0x4
 574 000b 00       		.byte	0
 575 000c 0000     		.2byte	0
 576 000e 0000     		.2byte	0
 577 0010 00000000 		.4byte	.LFB0
 578 0014 18000000 		.4byte	.LFE0-.LFB0
 579 0018 00000000 		.4byte	.LFB1
ARM GAS  C:\Users\BETTEF~1\AppData\Local\Temp\cceXEmh4.s 			page 15


 580 001c 18000000 		.4byte	.LFE1-.LFB1
 581 0020 00000000 		.4byte	.LFB2
 582 0024 10000000 		.4byte	.LFE2-.LFB2
 583 0028 00000000 		.4byte	.LFB3
 584 002c 10000000 		.4byte	.LFE3-.LFB3
 585 0030 00000000 		.4byte	.LFB4
 586 0034 14000000 		.4byte	.LFE4-.LFB4
 587 0038 00000000 		.4byte	.LFB5
 588 003c 10000000 		.4byte	.LFE5-.LFB5
 589 0040 00000000 		.4byte	0
 590 0044 00000000 		.4byte	0
 591              		.section	.debug_ranges,"",%progbits
 592              	.Ldebug_ranges0:
 593 0000 00000000 		.4byte	.LFB0
 594 0004 18000000 		.4byte	.LFE0
 595 0008 00000000 		.4byte	.LFB1
 596 000c 18000000 		.4byte	.LFE1
 597 0010 00000000 		.4byte	.LFB2
 598 0014 10000000 		.4byte	.LFE2
 599 0018 00000000 		.4byte	.LFB3
 600 001c 10000000 		.4byte	.LFE3
 601 0020 00000000 		.4byte	.LFB4
 602 0024 14000000 		.4byte	.LFE4
 603 0028 00000000 		.4byte	.LFB5
 604 002c 10000000 		.4byte	.LFE5
 605 0030 00000000 		.4byte	0
 606 0034 00000000 		.4byte	0
 607              		.section	.debug_line,"",%progbits
 608              	.Ldebug_line0:
 609 0000 BA000000 		.section	.debug_str,"MS",%progbits,1
 609      02004A00 
 609      00000201 
 609      FB0E0D00 
 609      01010101 
 610              	.LASF17:
 611 0000 76616C75 		.ascii	"value\000"
 611      6500
 612              	.LASF27:
 613 0006 73746174 		.ascii	"staticBits\000"
 613      69634269 
 613      747300
 614              	.LASF20:
 615 0011 50696E5F 		.ascii	"Pin_int_y_end_ReadDataReg\000"
 615      696E745F 
 615      795F656E 
 615      645F5265 
 615      61644461 
 616              	.LASF11:
 617 002b 666C6F61 		.ascii	"float\000"
 617      7400
 618              	.LASF15:
 619 0031 50696E5F 		.ascii	"Pin_int_y_end_Write\000"
 619      696E745F 
 619      795F656E 
 619      645F5772 
 619      69746500 
 620              	.LASF1:
ARM GAS  C:\Users\BETTEF~1\AppData\Local\Temp\cceXEmh4.s 			page 16


 621 0045 756E7369 		.ascii	"unsigned char\000"
 621      676E6564 
 621      20636861 
 621      7200
 622              	.LASF14:
 623 0053 72656738 		.ascii	"reg8\000"
 623      00
 624              	.LASF5:
 625 0058 6C6F6E67 		.ascii	"long unsigned int\000"
 625      20756E73 
 625      69676E65 
 625      6420696E 
 625      7400
 626              	.LASF3:
 627 006a 73686F72 		.ascii	"short unsigned int\000"
 627      7420756E 
 627      7369676E 
 627      65642069 
 627      6E7400
 628              	.LASF23:
 629 007d 50696E5F 		.ascii	"Pin_int_y_end_ClearInterrupt\000"
 629      696E745F 
 629      795F656E 
 629      645F436C 
 629      65617249 
 630              	.LASF12:
 631 009a 646F7562 		.ascii	"double\000"
 631      6C6500
 632              	.LASF10:
 633 00a1 75696E74 		.ascii	"uint16\000"
 633      313600
 634              	.LASF22:
 635 00a8 706F7369 		.ascii	"position\000"
 635      74696F6E 
 635      00
 636              	.LASF25:
 637 00b1 47656E65 		.ascii	"Generated_Source\\PSoC5\\Pin_int_y_end.c\000"
 637      72617465 
 637      645F536F 
 637      75726365 
 637      5C50536F 
 638              	.LASF24:
 639 00d8 474E5520 		.ascii	"GNU C 4.9.3 20150303 (release) [ARM/embedded-4_9-br"
 639      4320342E 
 639      392E3320 
 639      32303135 
 639      30333033 
 640 010b 616E6368 		.ascii	"anch revision 221220] -mcpu=cortex-m3 -mthumb -g -O"
 640      20726576 
 640      6973696F 
 640      6E203232 
 640      31323230 
 641 013e 67202D66 		.ascii	"g -ffunction-sections -ffat-lto-objects\000"
 641      66756E63 
 641      74696F6E 
 641      2D736563 
 641      74696F6E 
ARM GAS  C:\Users\BETTEF~1\AppData\Local\Temp\cceXEmh4.s 			page 17


 642              	.LASF8:
 643 0166 756E7369 		.ascii	"unsigned int\000"
 643      676E6564 
 643      20696E74 
 643      00
 644              	.LASF7:
 645 0173 6C6F6E67 		.ascii	"long long unsigned int\000"
 645      206C6F6E 
 645      6720756E 
 645      7369676E 
 645      65642069 
 646              	.LASF16:
 647 018a 50696E5F 		.ascii	"Pin_int_y_end_SetDriveMode\000"
 647      696E745F 
 647      795F656E 
 647      645F5365 
 647      74447269 
 648              	.LASF18:
 649 01a5 6D6F6465 		.ascii	"mode\000"
 649      00
 650              	.LASF6:
 651 01aa 6C6F6E67 		.ascii	"long long int\000"
 651      206C6F6E 
 651      6720696E 
 651      7400
 652              	.LASF13:
 653 01b8 63686172 		.ascii	"char\000"
 653      00
 654              	.LASF19:
 655 01bd 50696E5F 		.ascii	"Pin_int_y_end_Read\000"
 655      696E745F 
 655      795F656E 
 655      645F5265 
 655      616400
 656              	.LASF2:
 657 01d0 73686F72 		.ascii	"short int\000"
 657      7420696E 
 657      7400
 658              	.LASF9:
 659 01da 75696E74 		.ascii	"uint8\000"
 659      3800
 660              	.LASF26:
 661 01e0 433A5C55 		.ascii	"C:\\Users\\Bettefanden\\Documents\\IHA\\Semester 3\\"
 661      73657273 
 661      5C426574 
 661      74656661 
 661      6E64656E 
 662 020e 53656D65 		.ascii	"Semesterprojekt 3\\Software\\EndeligtUdkast\\Positi"
 662      73746572 
 662      70726F6A 
 662      656B7420 
 662      335C536F 
 663 023e 6F6E7363 		.ascii	"onscontroller\\Positionscontroller.cydsn\000"
 663      6F6E7472 
 663      6F6C6C65 
 663      725C506F 
 663      73697469 
ARM GAS  C:\Users\BETTEF~1\AppData\Local\Temp\cceXEmh4.s 			page 18


 664              	.LASF4:
 665 0266 6C6F6E67 		.ascii	"long int\000"
 665      20696E74 
 665      00
 666              	.LASF0:
 667 026f 7369676E 		.ascii	"signed char\000"
 667      65642063 
 667      68617200 
 668              	.LASF21:
 669 027b 50696E5F 		.ascii	"Pin_int_y_end_SetInterruptMode\000"
 669      696E745F 
 669      795F656E 
 669      645F5365 
 669      74496E74 
 670              		.ident	"GCC: (GNU Tools for ARM Embedded Processors) 4.9.3 20150303 (release) [ARM/embedded-4_9-br
