Archive member included because of file (symbol)

.\CortexM3\ARM_GCC_493\Debug\StepperMotor.a(cyfitter_cfg.o)
                              .\CortexM3\ARM_GCC_493\Debug\Cm3Start.o (cyfitter_cfg)
.\CortexM3\ARM_GCC_493\Debug\StepperMotor.a(UART_1.o)
                              .\CortexM3\ARM_GCC_493\Debug\main.o (UART_1_Start)
.\CortexM3\ARM_GCC_493\Debug\StepperMotor.a(isr_RxD.o)
                              .\CortexM3\ARM_GCC_493\Debug\main.o (isr_RxD_StartEx)
.\CortexM3\ARM_GCC_493\Debug\StepperMotor.a(UART_1_IntClock.o)
                              .\CortexM3\ARM_GCC_493\Debug\StepperMotor.a(UART_1.o) (UART_1_IntClock_Start)
.\CortexM3\ARM_GCC_493\Debug\StepperMotor.a(CyDmac.o)
                              .\CortexM3\ARM_GCC_493\Debug\Cm3Start.o (CyDmacConfigure)
.\CortexM3\ARM_GCC_493\Debug\StepperMotor.a(CyLib.o)
                              .\CortexM3\ARM_GCC_493\Debug\Cm3Start.o (CyHalt)
.\CortexM3\ARM_GCC_493\Debug\StepperMotor.a(cyPm.o)
                              .\CortexM3\ARM_GCC_493\Debug\StepperMotor.a(CyLib.o) (CyPmReadStatus)
.\CortexM3\ARM_GCC_493\Debug\StepperMotor.a(ADC_SAR_Seq_1.o)
                              .\CortexM3\ARM_GCC_493\Debug\main.o (ADC_SAR_Seq_1_Start)
.\CortexM3\ARM_GCC_493\Debug\StepperMotor.a(ADC_SAR_Seq_1_INT.o)
                              .\CortexM3\ARM_GCC_493\Debug\StepperMotor.a(ADC_SAR_Seq_1.o) (ADC_SAR_Seq_1_ISR)
.\CortexM3\ARM_GCC_493\Debug\StepperMotor.a(ADC_SAR_Seq_1_SAR.o)
                              .\CortexM3\ARM_GCC_493\Debug\StepperMotor.a(ADC_SAR_Seq_1.o) (ADC_SAR_Seq_1_SAR_shift)
.\CortexM3\ARM_GCC_493\Debug\StepperMotor.a(ADC_SAR_Seq_1_TempBuf_dma.o)
                              .\CortexM3\ARM_GCC_493\Debug\StepperMotor.a(ADC_SAR_Seq_1.o) (ADC_SAR_Seq_1_TempBuf_DmaInitialize)
.\CortexM3\ARM_GCC_493\Debug\StepperMotor.a(ADC_SAR_Seq_1_FinalBuf_dma.o)
                              .\CortexM3\ARM_GCC_493\Debug\StepperMotor.a(ADC_SAR_Seq_1.o) (ADC_SAR_Seq_1_FinalBuf_DmaInitialize)
.\CortexM3\ARM_GCC_493\Debug\StepperMotor.a(ADC_SAR_Seq_1_IRQ.o)
                              .\CortexM3\ARM_GCC_493\Debug\StepperMotor.a(ADC_SAR_Seq_1.o) (ADC_SAR_Seq_1_IRQ_SetVector)
.\CortexM3\ARM_GCC_493\Debug\StepperMotor.a(Coils_1.o)
                              .\CortexM3\ARM_GCC_493\Debug\main.o (Coils_1_Write)
.\CortexM3\ARM_GCC_493\Debug\StepperMotor.a(CyBootAsmGnu.o)
                              .\CortexM3\ARM_GCC_493\Debug\StepperMotor.a(cyfitter_cfg.o) (CyDelayCycles)
.\CortexM3\ARM_GCC_493\Debug\StepperMotor.a(CyFlash.o)
                              .\CortexM3\ARM_GCC_493\Debug\StepperMotor.a(cyPm.o) (CyFlash_SetWaitCycles)
.\CortexM3\ARM_GCC_493\Debug\StepperMotor.a(CySpc.o)
                              .\CortexM3\ARM_GCC_493\Debug\StepperMotor.a(CyFlash.o) (CySpcStart)
c:/program files (x86)/cypress/psoc creator/4.0/psoc creator/import/gnu/arm/4.9.3/bin/../lib/gcc/arm-none-eabi/4.9.3/armv7-m\libgcc.a(_arm_addsubsf3.o)
                              .\CortexM3\ARM_GCC_493\Debug\StepperMotor.a(ADC_SAR_Seq_1_SAR.o) (__aeabi_i2f)
c:/program files (x86)/cypress/psoc creator/4.0/psoc creator/import/gnu/arm/4.9.3/bin/../lib/gcc/arm-none-eabi/4.9.3/armv7-m\libgcc.a(_arm_muldivsf3.o)
                              .\CortexM3\ARM_GCC_493\Debug\StepperMotor.a(ADC_SAR_Seq_1_SAR.o) (__aeabi_fmul)
c:/program files (x86)/cypress/psoc creator/4.0/psoc creator/import/gnu/arm/4.9.3/bin/../lib/gcc/arm-none-eabi/4.9.3/armv7-m\libgcc.a(_aeabi_ldivmod.o)
                              .\CortexM3\ARM_GCC_493\Debug\StepperMotor.a(ADC_SAR_Seq_1_SAR.o) (__aeabi_ldivmod)
c:/program files (x86)/cypress/psoc creator/4.0/psoc creator/import/gnu/arm/4.9.3/bin/../lib/gcc/arm-none-eabi/4.9.3/armv7-m\libgcc.a(bpabi.o)
                              c:/program files (x86)/cypress/psoc creator/4.0/psoc creator/import/gnu/arm/4.9.3/bin/../lib/gcc/arm-none-eabi/4.9.3/armv7-m\libgcc.a(_aeabi_ldivmod.o) (__gnu_ldivmod_helper)
c:/program files (x86)/cypress/psoc creator/4.0/psoc creator/import/gnu/arm/4.9.3/bin/../lib/gcc/arm-none-eabi/4.9.3/armv7-m\libgcc.a(_dvmd_tls.o)
                              c:/program files (x86)/cypress/psoc creator/4.0/psoc creator/import/gnu/arm/4.9.3/bin/../lib/gcc/arm-none-eabi/4.9.3/armv7-m\libgcc.a(_aeabi_ldivmod.o) (__aeabi_ldiv0)
c:/program files (x86)/cypress/psoc creator/4.0/psoc creator/import/gnu/arm/4.9.3/bin/../lib/gcc/arm-none-eabi/4.9.3/armv7-m\libgcc.a(_divdi3.o)
                              c:/program files (x86)/cypress/psoc creator/4.0/psoc creator/import/gnu/arm/4.9.3/bin/../lib/gcc/arm-none-eabi/4.9.3/armv7-m\libgcc.a(bpabi.o) (__divdi3)
c:/program files (x86)/cypress/psoc creator/4.0/psoc creator/import/gnu/arm/4.9.3/bin/../lib/gcc/arm-none-eabi/4.9.3/armv7-m\libgcc.a(_udivdi3.o)
                              c:/program files (x86)/cypress/psoc creator/4.0/psoc creator/import/gnu/arm/4.9.3/bin/../lib/gcc/arm-none-eabi/4.9.3/armv7-m\libgcc.a(bpabi.o) (__udivdi3)
[...]
Memory Configuration

Name             Origin             Length             Attributes
rom              0x00000000         0x00040000         xr
ram              0x1fff8000         0x00010000         xrw
*default*        0x00000000         0xffffffff

Linker script and memory map

LOAD c:/program files (x86)/cypress/psoc creator/4.0/psoc creator/import/gnu/arm/4.9.3/bin/../lib/gcc/arm-none-eabi/4.9.3/armv7-m/crti.o
LOAD c:/program files (x86)/cypress/psoc creator/4.0/psoc creator/import/gnu/arm/4.9.3/bin/../lib/gcc/arm-none-eabi/4.9.3/armv7-m/crtbegin.o
LOAD c:/program files (x86)/cypress/psoc creator/4.0/psoc creator/import/gnu/arm/4.9.3/bin/../lib/gcc/arm-none-eabi/4.9.3/../../../../arm-none-eabi/lib/armv7-m/crt0.o
START GROUP
LOAD .\CortexM3\ARM_GCC_493\Debug\main.o
LOAD .\CortexM3\ARM_GCC_493\Debug\cymetadata.o
LOAD .\CortexM3\ARM_GCC_493\Debug\Cm3Start.o
LOAD .\CortexM3\ARM_GCC_493\Debug\StepperMotor.a
LOAD C:\Program Files (x86)\Cypress\PSoC Creator\4.0\PSoC Creator\psoc\content\cycomponentlibrary\CyComponentLibrary.cylib\CortexM3\ARM_GCC_493\Debug\CyComponentLibrary.a
END GROUP
START GROUP
LOAD c:/program files (x86)/cypress/psoc creator/4.0/psoc creator/import/gnu/arm/4.9.3/bin/../lib/gcc/arm-none-eabi/4.9.3/armv7-m\libgcc.a
LOAD c:/program files (x86)/cypress/psoc creator/4.0/psoc creator/import/gnu/arm/4.9.3/bin/../lib/gcc/arm-none-eabi/4.9.3/../../../../arm-none-eabi/lib/armv7-m\libg_nano.a
LOAD c:/program files (x86)/cypress/psoc creator/4.0/psoc creator/import/gnu/arm/4.9.3/bin/../lib/gcc/arm-none-eabi/4.9.3/../../../../arm-none-eabi/lib/armv7-m\libc_nano.a
END GROUP
START GROUP
LOAD c:/program files (x86)/cypress/psoc creator/4.0/psoc creator/import/gnu/arm/4.9.3/bin/../lib/gcc/arm-none-eabi/4.9.3/armv7-m\libgcc.a
LOAD c:/program files (x86)/cypress/psoc creator/4.0/psoc creator/import/gnu/arm/4.9.3/bin/../lib/gcc/arm-none-eabi/4.9.3/../../../../arm-none-eabi/lib/armv7-m\libc_nano.a
END GROUP
LOAD c:/program files (x86)/cypress/psoc creator/4.0/psoc creator/import/gnu/arm/4.9.3/bin/../lib/gcc/arm-none-eabi/4.9.3/armv7-m/crtend.o
LOAD c:/program files (x86)/cypress/psoc creator/4.0/psoc creator/import/gnu/arm/4.9.3/bin/../lib/gcc/arm-none-eabi/4.9.3/armv7-m/crtn.o
START GROUP
LOAD c:/program files (x86)/cypress/psoc creator/4.0/psoc creator/import/gnu/arm/4.9.3/bin/../lib/gcc/arm-none-eabi/4.9.3/armv7-m\libgcc.a
LOAD c:/program files (x86)/cypress/psoc creator/4.0/psoc creator/import/gnu/arm/4.9.3/bin/../lib/gcc/arm-none-eabi/4.9.3/../../../../arm-none-eabi/lib/armv7-m\libc.a
LOAD c:/program files (x86)/cypress/psoc creator/4.0/psoc creator/import/gnu/arm/4.9.3/bin/../lib/gcc/arm-none-eabi/4.9.3/../../../../arm-none-eabi/lib/armv7-m\libnosys.a
END GROUP
                0x00000000                CY_APPL_ORIGIN = 0x0
                0x00000100                CY_FLASH_ROW_SIZE = 0x100
                0x00000020                CY_ECC_ROW_SIZE = 0x20
                0x00000000                CY_EE_IN_BTLDR = 0x0
                0x00000000                CY_APPL_LOADABLE = 0x0
                0x00000800                CY_EE_SIZE = 0x800
                0x00000001                CY_APPL_NUM = 0x1
                0x00000001                CY_APPL_MAX = 0x1
                0x00000040                CY_METADATA_SIZE = 0x40
                0x00000000                CY_APPL_LOADABLE = 0x0
                0x00000000                CY_CHECKSUM_EXCLUDE_SIZE = ALIGN (0x0, CY_FLASH_ROW_SIZE)
                0x1fff81d8                PROVIDE (__cy_heap_start, _end)
                0x00000001                PROVIDE (__cy_region_num, ((__cy_regions_end - __cy_regions) / 0x10))
                0x20008000                PROVIDE (__cy_stack, (ORIGIN (ram) + 0x10000))
                0x20007800                PROVIDE (__cy_heap_end, (__cy_stack - 0x800))

.cybootloader   0x00000000        0x0
 *(.cybootloader)
                0x00000000                appl1_start = CY_APPL_ORIGIN?CY_APPL_ORIGIN:ALIGN (CY_FLASH_ROW_SIZE)
                0x0001ff00                appl2_start = (appl1_start + ALIGN ((((0x40000 - appl1_start) - (0x2 * CY_FLASH_ROW_SIZE)) / 0x2), CY_FLASH_ROW_SIZE))
                0x00000000                appl_start = (CY_APPL_NUM == 0x1)?appl1_start:appl2_start
                0x00000000                ecc_offset = ((appl_start / CY_FLASH_ROW_SIZE) * CY_ECC_ROW_SIZE)
                0x00000000                ee_offset = (CY_APPL_LOADABLE && ! (CY_EE_IN_BTLDR))?((CY_EE_SIZE / CY_APPL_MAX) * (CY_APPL_NUM - 0x1)):0x0
                0x00000800                ee_size = (CY_APPL_LOADABLE && ! (CY_EE_IN_BTLDR))?(CY_EE_SIZE / CY_APPL_MAX):CY_EE_SIZE
                0x00000000                PROVIDE (CY_ECC_OFFSET, ecc_offset)

.text           0x00000000      0xc16
 CREATE_OBJECT_SYMBOLS
                0x00000000                PROVIDE (__cy_interrupt_vector, RomVectors)
 *(.romvectors)
 .romvectors    0x00000000       0x10 .\CortexM3\ARM_GCC_493\Debug\Cm3Start.o
                0x00000000                RomVectors
                0x00000001                ASSERT ((. != __cy_interrupt_vector), No interrupt vector)
                0x00000001                ASSERT (CY_APPL_ORIGIN?(SIZEOF (.cybootloader) <= CY_APPL_ORIGIN):0x1, Wrong image location)
                0x00000010                PROVIDE (__cy_reset, Reset)
 *(.text.Reset)
 .text.Reset    0x00000010       0x18 .\CortexM3\ARM_GCC_493\Debug\Cm3Start.o
                0x00000010                Reset
                0x00000001                ASSERT ((. != __cy_reset), No reset code)
 *(.dma_init)
                0x00000001                ASSERT ((((appl_start + .) <= 0x10000) || 0x1), DMA Init must be within the first 64k of flash)
 *(.text .text.* .gnu.linkonce.t.*)
 .text          0x00000028       0x5c c:/program files (x86)/cypress/psoc creator/4.0/psoc creator/import/gnu/arm/4.9.3/bin/../lib/gcc/arm-none-eabi/4.9.3/armv7-m/crtbegin.o
 .text.isr_RxD  0x00000084       0x24 .\CortexM3\ARM_GCC_493\Debug\main.o
                0x00000084                isr_RxD
 .text.rotateRight
                0x000000a8        0xc .\CortexM3\ARM_GCC_493\Debug\main.o
                0x000000a8                rotateRight
 .text.rotateLeft
                0x000000b4        0xc .\CortexM3\ARM_GCC_493\Debug\main.o
                0x000000b4                rotateLeft
 .text.motorRunLeft
                0x000000c0       0x34 .\CortexM3\ARM_GCC_493\Debug\main.o
                0x000000c0                motorRunLeft
 .text.motorRunRight
                0x000000f4       0x34 .\CortexM3\ARM_GCC_493\Debug\main.o
                0x000000f4                motorRunRight
 .text.main     0x00000128       0x4c .\CortexM3\ARM_GCC_493\Debug\main.o
                0x00000128                main
 .text.IntDefaultHandler
                0x00000174       0x10 .\CortexM3\ARM_GCC_493\Debug\Cm3Start.o
                0x00000174                IntDefaultHandler
 .text.Start_c  0x00000184       0x4c .\CortexM3\ARM_GCC_493\Debug\Cm3Start.o
                0x00000184                Start_c
 .text.initialize_psoc
                0x000001d0       0x78 .\CortexM3\ARM_GCC_493\Debug\Cm3Start.o
                0x000001d0                initialize_psoc
 .text.CyClockStartupError
                0x00000248        0x4 .\CortexM3\ARM_GCC_493\Debug\StepperMotor.a(cyfitter_cfg.o)
 .text.cfg_write_bytes32
                0x0000024c       0x34 .\CortexM3\ARM_GCC_493\Debug\StepperMotor.a(cyfitter_cfg.o)
 .text.CYMEMZERO
                0x00000280        0xc .\CortexM3\ARM_GCC_493\Debug\StepperMotor.a(cyfitter_cfg.o)
 .text.ClockSetup
                0x0000028c       0xc4 .\CortexM3\ARM_GCC_493\Debug\StepperMotor.a(cyfitter_cfg.o)
 .text.AnalogSetDefault
                0x00000350       0x7c .\CortexM3\ARM_GCC_493\Debug\StepperMotor.a(cyfitter_cfg.o)
 .text.CYCONFIGCPY
                0x000003cc        0x8 .\CortexM3\ARM_GCC_493\Debug\StepperMotor.a(cyfitter_cfg.o)
 .text.cyfitter_cfg
                0x000003d4      0x140 .\CortexM3\ARM_GCC_493\Debug\StepperMotor.a(cyfitter_cfg.o)
                0x000003d4                cyfitter_cfg
 .text.UART_1_Init
                0x00000514       0x28 .\CortexM3\ARM_GCC_493\Debug\StepperMotor.a(UART_1.o)
                0x00000514                UART_1_Init
 .text.UART_1_Enable
                0x0000053c       0x38 .\CortexM3\ARM_GCC_493\Debug\StepperMotor.a(UART_1.o)
                0x0000053c                UART_1_Enable
 .text.UART_1_Start
                0x00000574       0x1c .\CortexM3\ARM_GCC_493\Debug\StepperMotor.a(UART_1.o)
                0x00000574                UART_1_Start
 .text.UART_1_ReadRxData
                0x00000590        0xc .\CortexM3\ARM_GCC_493\Debug\StepperMotor.a(UART_1.o)
                0x00000590                UART_1_ReadRxData
 .text.isr_RxD_SetVector
                0x0000059c        0xc .\CortexM3\ARM_GCC_493\Debug\StepperMotor.a(isr_RxD.o)
                0x0000059c                isr_RxD_SetVector
 .text.isr_RxD_SetPriority
                0x000005a8       0x10 .\CortexM3\ARM_GCC_493\Debug\StepperMotor.a(isr_RxD.o)
                0x000005a8                isr_RxD_SetPriority
 .text.isr_RxD_Enable
                0x000005b8        0xc .\CortexM3\ARM_GCC_493\Debug\StepperMotor.a(isr_RxD.o)
                0x000005b8                isr_RxD_Enable
 .text.isr_RxD_Disable
                0x000005c4        0xc .\CortexM3\ARM_GCC_493\Debug\StepperMotor.a(isr_RxD.o)
                0x000005c4                isr_RxD_Disable
 .text.isr_RxD_StartEx
                0x000005d0       0x1c .\CortexM3\ARM_GCC_493\Debug\StepperMotor.a(isr_RxD.o)
                0x000005d0                isr_RxD_StartEx
 .text.UART_1_IntClock_Start
                0x000005ec       0x1c .\CortexM3\ARM_GCC_493\Debug\StepperMotor.a(UART_1_IntClock.o)
                0x000005ec                UART_1_IntClock_Start
 .text.CyDmacConfigure
                0x00000608       0x34 .\CortexM3\ARM_GCC_493\Debug\StepperMotor.a(CyDmac.o)
                0x00000608                CyDmacConfigure
 .text.CyDmaChEnable
                0x0000063c       0x38 .\CortexM3\ARM_GCC_493\Debug\StepperMotor.a(CyDmac.o)
                0x0000063c                CyDmaChEnable
 .text.CyDmaClearPendingDrq
                0x00000674       0x28 .\CortexM3\ARM_GCC_493\Debug\StepperMotor.a(CyDmac.o)
                0x00000674                CyDmaClearPendingDrq
 .text.CyDmaChPriority
                0x0000069c       0x24 .\CortexM3\ARM_GCC_493\Debug\StepperMotor.a(CyDmac.o)
                0x0000069c                CyDmaChPriority
 .text.CyDmaChSetExtendedAddress
                0x000006c0       0x34 .\CortexM3\ARM_GCC_493\Debug\StepperMotor.a(CyDmac.o)
                0x000006c0                CyDmaChSetExtendedAddress
 .text.CyDmaChSetInitialTd
                0x000006f4       0x18 .\CortexM3\ARM_GCC_493\Debug\StepperMotor.a(CyDmac.o)
                0x000006f4                CyDmaChSetInitialTd
 .text.CyDmaChSetConfiguration
                0x0000070c       0x48 .\CortexM3\ARM_GCC_493\Debug\StepperMotor.a(CyDmac.o)
                0x0000070c                CyDmaChSetConfiguration
 .text.CyDmaTdAllocate
                0x00000754       0x34 .\CortexM3\ARM_GCC_493\Debug\StepperMotor.a(CyDmac.o)
                0x00000754                CyDmaTdAllocate
 .text.CyDmaTdSetConfiguration
                0x00000788       0x28 .\CortexM3\ARM_GCC_493\Debug\StepperMotor.a(CyDmac.o)
                0x00000788                CyDmaTdSetConfiguration
 .text.CyDmaTdSetAddress
                0x000007b0       0x1c .\CortexM3\ARM_GCC_493\Debug\StepperMotor.a(CyDmac.o)
                0x000007b0                CyDmaTdSetAddress
 .text.CyHalt   0x000007cc        0x4 .\CortexM3\ARM_GCC_493\Debug\StepperMotor.a(CyLib.o)
                0x000007cc                CyHalt
 .text.CyDelay  0x000007d0       0x2c .\CortexM3\ARM_GCC_493\Debug\StepperMotor.a(CyLib.o)
                0x000007d0                CyDelay
 .text.CyDelayUs
                0x000007fc       0x14 .\CortexM3\ARM_GCC_493\Debug\StepperMotor.a(CyLib.o)
                0x000007fc                CyDelayUs
 .text.ADC_SAR_Seq_1_Init
                0x00000810       0x3c .\CortexM3\ARM_GCC_493\Debug\StepperMotor.a(ADC_SAR_Seq_1.o)
                0x00000810                ADC_SAR_Seq_1_Init
 .text.ADC_SAR_Seq_1_Enable
                0x0000084c       0xcc .\CortexM3\ARM_GCC_493\Debug\StepperMotor.a(ADC_SAR_Seq_1.o)
                0x0000084c                ADC_SAR_Seq_1_Enable
 .text.ADC_SAR_Seq_1_Start
                0x00000918       0x28 .\CortexM3\ARM_GCC_493\Debug\StepperMotor.a(ADC_SAR_Seq_1.o)
                0x00000918                ADC_SAR_Seq_1_Start
 .text.ADC_SAR_Seq_1_StartConvert
                0x00000940        0x8 .\CortexM3\ARM_GCC_493\Debug\StepperMotor.a(ADC_SAR_Seq_1.o)
                0x00000940                ADC_SAR_Seq_1_StartConvert
 .text.ADC_SAR_Seq_1_IsEndConversion
                0x00000948       0x18 .\CortexM3\ARM_GCC_493\Debug\StepperMotor.a(ADC_SAR_Seq_1.o)
                0x00000948                ADC_SAR_Seq_1_IsEndConversion
 .text.ADC_SAR_Seq_1_ISR
                0x00000960        0x4 .\CortexM3\ARM_GCC_493\Debug\StepperMotor.a(ADC_SAR_Seq_1_INT.o)
                0x00000960                ADC_SAR_Seq_1_ISR
 .text.ADC_SAR_Seq_1_SAR_CalcGain
                0x00000964       0x64 .\CortexM3\ARM_GCC_493\Debug\StepperMotor.a(ADC_SAR_Seq_1_SAR.o)
 .text.ADC_SAR_Seq_1_SAR_Enable
                0x000009c8       0x78 .\CortexM3\ARM_GCC_493\Debug\StepperMotor.a(ADC_SAR_Seq_1_SAR.o)
                0x000009c8                ADC_SAR_Seq_1_SAR_Enable
 .text.ADC_SAR_Seq_1_SAR_SetResolution
                0x00000a40       0x38 .\CortexM3\ARM_GCC_493\Debug\StepperMotor.a(ADC_SAR_Seq_1_SAR.o)
                0x00000a40                ADC_SAR_Seq_1_SAR_SetResolution
 .text.ADC_SAR_Seq_1_SAR_Init
                0x00000a78       0x24 .\CortexM3\ARM_GCC_493\Debug\StepperMotor.a(ADC_SAR_Seq_1_SAR.o)
                0x00000a78                ADC_SAR_Seq_1_SAR_Init
 .text.ADC_SAR_Seq_1_SAR_Start
                0x00000a9c       0x1c .\CortexM3\ARM_GCC_493\Debug\StepperMotor.a(ADC_SAR_Seq_1_SAR.o)
                0x00000a9c                ADC_SAR_Seq_1_SAR_Start
 .text.ADC_SAR_Seq_1_SAR_StartConvert
                0x00000ab8       0x10 .\CortexM3\ARM_GCC_493\Debug\StepperMotor.a(ADC_SAR_Seq_1_SAR.o)
                0x00000ab8                ADC_SAR_Seq_1_SAR_StartConvert
 .text.ADC_SAR_Seq_1_TempBuf_DmaInitialize
                0x00000ac8       0x40 .\CortexM3\ARM_GCC_493\Debug\StepperMotor.a(ADC_SAR_Seq_1_TempBuf_dma.o)
                0x00000ac8                ADC_SAR_Seq_1_TempBuf_DmaInitialize
 .text.ADC_SAR_Seq_1_FinalBuf_DmaInitialize
                0x00000b08       0x3c .\CortexM3\ARM_GCC_493\Debug\StepperMotor.a(ADC_SAR_Seq_1_FinalBuf_dma.o)
                0x00000b08                ADC_SAR_Seq_1_FinalBuf_DmaInitialize
 .text.ADC_SAR_Seq_1_IRQ_SetVector
                0x00000b44        0xc .\CortexM3\ARM_GCC_493\Debug\StepperMotor.a(ADC_SAR_Seq_1_IRQ.o)
                0x00000b44                ADC_SAR_Seq_1_IRQ_SetVector
 .text.ADC_SAR_Seq_1_IRQ_SetPriority
                0x00000b50       0x10 .\CortexM3\ARM_GCC_493\Debug\StepperMotor.a(ADC_SAR_Seq_1_IRQ.o)
                0x00000b50                ADC_SAR_Seq_1_IRQ_SetPriority
 .text.Coils_1_Write
                0x00000b60       0x18 .\CortexM3\ARM_GCC_493\Debug\StepperMotor.a(Coils_1.o)
                0x00000b60                Coils_1_Write
 .text          0x00000b78       0x20 .\CortexM3\ARM_GCC_493\Debug\StepperMotor.a(CyBootAsmGnu.o)
                0x00000b78                CyDelayCycles
                0x00000b88                CyEnterCriticalSection
                0x00000b90                CyExitCriticalSection
 .text.__errno  0x00000b98        0xc c:/program files (x86)/cypress/psoc creator/4.0/psoc creator/import/gnu/arm/4.9.3/bin/../lib/gcc/arm-none-eabi/4.9.3/../../../../arm-none-eabi/lib/armv7-m\libg_nano.a(lib_a-errno.o)
                0x00000b98                __errno
 .text.__libc_init_array
                0x00000ba4       0x4c c:/program files (x86)/cypress/psoc creator/4.0/psoc creator/import/gnu/arm/4.9.3/bin/../lib/gcc/arm-none-eabi/4.9.3/../../../../arm-none-eabi/lib/armv7-m\libg_nano.a(lib_a-init.o)
                0x00000ba4                __libc_init_array
 .text.memcpy   0x00000bf0       0x16 c:/program files (x86)/cypress/psoc creator/4.0/psoc creator/import/gnu/arm/4.9.3/bin/../lib/gcc/arm-none-eabi/4.9.3/../../../../arm-none-eabi/lib/armv7-m\libg_nano.a(lib_a-memcpy.o)
                0x00000bf0                memcpy
 .text.memset   0x00000c06       0x10 c:/program files (x86)/cypress/psoc creator/4.0/psoc creator/import/gnu/arm/4.9.3/bin/../lib/gcc/arm-none-eabi/4.9.3/../../../../arm-none-eabi/lib/armv7-m\libg_nano.a(lib_a-memset.o)
                0x00000c06                memset
 *(.plt)
 *(.gnu.warning)
 *(.glue_7t)
 .glue_7t       0x00000000        0x0 linker stubs
 *(.glue_7)
 .glue_7        0x00000000        0x0 linker stubs
 *(.vfp11_veneer)
 .vfp11_veneer  0x00000000        0x0 linker stubs
 *(.bootloader)
 *(.ARM.extab* .gnu.linkonce.armextab.*)
 *(.gcc_except_table)

.v4_bx          0x00000c18        0x0
 .v4_bx         0x00000000        0x0 linker stubs

.iplt           0x00000c18        0x0
 .iplt          0x00000000        0x0 c:/program files (x86)/cypress/psoc creator/4.0/psoc creator/import/gnu/arm/4.9.3/bin/../lib/gcc/arm-none-eabi/4.9.3/armv7-m/crtbegin.o

.eh_frame_hdr
 *(.eh_frame_hdr)

.eh_frame       0x00000c18        0x4
 *(.eh_frame)
 .eh_frame      0x00000c18        0x0 c:/program files (x86)/cypress/psoc creator/4.0/psoc creator/import/gnu/arm/4.9.3/bin/../lib/gcc/arm-none-eabi/4.9.3/armv7-m/crtbegin.o
 .eh_frame      0x00000c18        0x4 c:/program files (x86)/cypress/psoc creator/4.0/psoc creator/import/gnu/arm/4.9.3/bin/../lib/gcc/arm-none-eabi/4.9.3/armv7-m/crtend.o
                0x00000c1c                PROVIDE (__exidx_start, .)

.ARM.exidx
 *(.ARM.exidx* .gnu.linkonce.armexidx.*)
                0x00000c1c                __exidx_end = .

.rodata         0x00000c1c       0x74
 *(.rodata .rodata.* .gnu.linkonce.r.*)
 .rodata        0x00000c1c       0x38 .\CortexM3\ARM_GCC_493\Debug\StepperMotor.a(cyfitter_cfg.o)
 .rodata.str1.1
                0x00000c54        0x2 c:/program files (x86)/cypress/psoc creator/4.0/psoc creator/import/gnu/arm/4.9.3/bin/../lib/gcc/arm-none-eabi/4.9.3/../../../../arm-none-eabi/lib/armv7-m\libg_nano.a(lib_a-impure.o)
                0x00000c58                . = ALIGN (0x4)
 *fill*         0x00000c56        0x2 
 *(.init)
 .init          0x00000c58        0x4 c:/program files (x86)/cypress/psoc creator/4.0/psoc creator/import/gnu/arm/4.9.3/bin/../lib/gcc/arm-none-eabi/4.9.3/armv7-m/crti.o
                0x00000c58                _init
 .init          0x00000c5c        0x8 c:/program files (x86)/cypress/psoc creator/4.0/psoc creator/import/gnu/arm/4.9.3/bin/../lib/gcc/arm-none-eabi/4.9.3/armv7-m/crtn.o
                0x00000c64                . = ALIGN (0x4)
                0x00000c64                __preinit_array_start = .
 *(.preinit_array)
                0x00000c64                __preinit_array_end = .
                0x00000c64                . = ALIGN (0x4)
                0x00000c64                __init_array_start = .
 *(SORT(.init_array.*))
 *(.init_array)
 .init_array    0x00000c64        0x4 c:/program files (x86)/cypress/psoc creator/4.0/psoc creator/import/gnu/arm/4.9.3/bin/../lib/gcc/arm-none-eabi/4.9.3/armv7-m/crtbegin.o
 .init_array    0x00000c68        0x4 .\CortexM3\ARM_GCC_493\Debug\Cm3Start.o
                0x00000c6c                __init_array_end = .
                0x00000c6c                . = ALIGN (0x4)
 *(.fini)
 .fini          0x00000c6c        0x4 c:/program files (x86)/cypress/psoc creator/4.0/psoc creator/import/gnu/arm/4.9.3/bin/../lib/gcc/arm-none-eabi/4.9.3/armv7-m/crti.o
                0x00000c6c                _fini
 .fini          0x00000c70        0x8 c:/program files (x86)/cypress/psoc creator/4.0/psoc creator/import/gnu/arm/4.9.3/bin/../lib/gcc/arm-none-eabi/4.9.3/armv7-m/crtn.o
                0x00000c78                . = ALIGN (0x4)
                0x00000c78                __fini_array_start = .
 *(.fini_array)
 .fini_array    0x00000c78        0x4 c:/program files (x86)/cypress/psoc creator/4.0/psoc creator/import/gnu/arm/4.9.3/bin/../lib/gcc/arm-none-eabi/4.9.3/armv7-m/crtbegin.o
 *(SORT(.fini_array.*))
                0x00000c7c                __fini_array_end = .
                0x00000c7c                . = ALIGN (0x4)
 *crtbegin.o(.ctors)
 *(EXCLUDE_FILE(*crtend.o) .ctors)
 *(SORT(.ctors.*))
 *crtend.o(.ctors)
                0x00000c7c                . = ALIGN (0x4)
 *crtbegin.o(.dtors)
 *(EXCLUDE_FILE(*crtend.o) .dtors)
 *(SORT(.dtors.*))
 *crtend.o(.dtors)
                0x00000c7c                . = ALIGN (0x4)
                0x00000c7c                __cy_regions = .
                0x00000c7c        0x4 LONG 0xc90 __cy_region_init_ram
                0x00000c80        0x4 LONG 0x1fff8108 __cy_region_start_data
                0x00000c84        0x4 LONG 0x88 __cy_region_init_size_ram
                0x00000c88        0x4 LONG 0x48 __cy_region_zero_size_ram
                0x00000c8c                __cy_regions_end = .
                0x00000c90                . = ALIGN (0x8)
 *fill*         0x00000c8c        0x4 
                0x00000c90                _etext = .

.cy_checksum_exclude
                0x00000c90        0x0
 *(.cy_checksum_exclude)

.ramvectors     0x1fff8000      0x100
                0x1fff8000                __cy_region_start_ram = .
 *(.ramvectors)
 .ramvectors    0x1fff8000      0x100 .\CortexM3\ARM_GCC_493\Debug\Cm3Start.o
                0x1fff8000                CyRamVectors

.noinit         0x1fff8100        0x5
 *(.noinit)
 .noinit        0x1fff8100        0x4 .\CortexM3\ARM_GCC_493\Debug\Cm3Start.o
 .noinit        0x1fff8104        0x1 .\CortexM3\ARM_GCC_493\Debug\StepperMotor.a(CyLib.o)
                0x1fff8104                CyResetStatus

.data           0x1fff8108       0x88 load address 0x00000c90
                0x1fff8108                __cy_region_start_data = .
 *(.jcr)
 .jcr           0x1fff8108        0x0 c:/program files (x86)/cypress/psoc creator/4.0/psoc creator/import/gnu/arm/4.9.3/bin/../lib/gcc/arm-none-eabi/4.9.3/armv7-m/crtbegin.o
 .jcr           0x1fff8108        0x4 c:/program files (x86)/cypress/psoc creator/4.0/psoc creator/import/gnu/arm/4.9.3/bin/../lib/gcc/arm-none-eabi/4.9.3/armv7-m/crtend.o
 *(.got.plt)
 *(.got)
 *(.shdata)
 *(.data .data.* .gnu.linkonce.d.*)
 .data          0x1fff810c        0x1 .\CortexM3\ARM_GCC_493\Debug\main.o
                0x1fff810c                step
 *fill*         0x1fff810d        0x3 
 .data          0x1fff8110        0x8 .\CortexM3\ARM_GCC_493\Debug\StepperMotor.a(CyDmac.o)
 .data          0x1fff8118       0x10 .\CortexM3\ARM_GCC_493\Debug\StepperMotor.a(CyLib.o)
                0x1fff8118                cydelay_32k_ms
                0x1fff811c                cydelay_freq_khz
                0x1fff8120                cydelay_freq_mhz
                0x1fff8124                cydelay_freq_hz
 .data          0x1fff8128        0x2 .\CortexM3\ARM_GCC_493\Debug\StepperMotor.a(ADC_SAR_Seq_1.o)
 .data          0x1fff812a        0x1 .\CortexM3\ARM_GCC_493\Debug\StepperMotor.a(ADC_SAR_Seq_1_TempBuf_dma.o)
                0x1fff812a                ADC_SAR_Seq_1_TempBuf_DmaHandle
 .data          0x1fff812b        0x1 .\CortexM3\ARM_GCC_493\Debug\StepperMotor.a(ADC_SAR_Seq_1_FinalBuf_dma.o)
                0x1fff812b                ADC_SAR_Seq_1_FinalBuf_DmaHandle
 .data.impure_data
                0x1fff812c       0x60 c:/program files (x86)/cypress/psoc creator/4.0/psoc creator/import/gnu/arm/4.9.3/bin/../lib/gcc/arm-none-eabi/4.9.3/../../../../arm-none-eabi/lib/armv7-m\libg_nano.a(lib_a-impure.o)
 .data._impure_ptr
                0x1fff818c        0x4 c:/program files (x86)/cypress/psoc creator/4.0/psoc creator/import/gnu/arm/4.9.3/bin/../lib/gcc/arm-none-eabi/4.9.3/../../../../arm-none-eabi/lib/armv7-m\libg_nano.a(lib_a-impure.o)
                0x1fff818c                _impure_ptr
                0x1fff8190                . = ALIGN (0x8)
 *(.ram)
                0x1fff8190                _edata = .

.igot.plt       0x1fff8190        0x0 load address 0x00000d18
 .igot.plt      0x00000000        0x0 c:/program files (x86)/cypress/psoc creator/4.0/psoc creator/import/gnu/arm/4.9.3/bin/../lib/gcc/arm-none-eabi/4.9.3/armv7-m/crtbegin.o

.bss            0x1fff8190       0x48 load address 0x00000d18
                0x1fff8190                PROVIDE (__bss_start__, .)
 *(.shbss)
 *(.bss .bss.* .gnu.linkonce.b.*)
 .bss           0x1fff8190       0x1c c:/program files (x86)/cypress/psoc creator/4.0/psoc creator/import/gnu/arm/4.9.3/bin/../lib/gcc/arm-none-eabi/4.9.3/armv7-m/crtbegin.o
 .bss           0x1fff81ac        0x4 .\CortexM3\ARM_GCC_493\Debug\main.o
                0x1fff81ac                enabled
                0x1fff81ae                stepCount
 .bss           0x1fff81b0        0x2 .\CortexM3\ARM_GCC_493\Debug\StepperMotor.a(UART_1.o)
                0x1fff81b0                UART_1_initVar
 *fill*         0x1fff81b2        0x2 
 .bss           0x1fff81b4        0xc .\CortexM3\ARM_GCC_493\Debug\StepperMotor.a(ADC_SAR_Seq_1.o)
                0x1fff81bc                ADC_SAR_Seq_1_initVar
 .bss           0x1fff81c0        0x1 .\CortexM3\ARM_GCC_493\Debug\StepperMotor.a(ADC_SAR_Seq_1_SAR.o)
                0x1fff81c0                ADC_SAR_Seq_1_SAR_initVar
 *(COMMON)
 *fill*         0x1fff81c1        0x3 
 COMMON         0x1fff81c4        0x2 .\CortexM3\ARM_GCC_493\Debug\StepperMotor.a(ADC_SAR_Seq_1.o)
                0x1fff81c4                ADC_SAR_Seq_1_finalArray
 *fill*         0x1fff81c6        0x2 
 COMMON         0x1fff81c8        0xa .\CortexM3\ARM_GCC_493\Debug\StepperMotor.a(ADC_SAR_Seq_1_SAR.o)
                0x1fff81c8                ADC_SAR_Seq_1_SAR_countsPerVolt
                0x1fff81ca                ADC_SAR_Seq_1_SAR_offset
                0x1fff81cc                ADC_SAR_Seq_1_SAR_countsPer10Volt
                0x1fff81d0                ADC_SAR_Seq_1_SAR_shift
                0x1fff81d8                . = ALIGN (0x8)
 *fill*         0x1fff81d2        0x6 
 *(.ram.b)
                0x1fff81d8                _end = .
                0x1fff81d8                __end = .
                0x1fff81d8                PROVIDE (end, .)
                0x1fff81d8                PROVIDE (__bss_end__, .)
                0x00000c90                __cy_region_init_ram = LOADADDR (.data)
                0x00000088                __cy_region_init_size_ram = (_edata - ADDR (.data))
                0x00000048                __cy_region_zero_size_ram = (_end - _edata)

.heap           0x1fff81d8       0x80 load address 0x00000d18
                0x1fff81d8                . = _end
                0x1fff8258                . = (. + 0x80)
 *fill*         0x1fff81d8       0x80 
                0x1fff8258                __cy_heap_limit = .

.stack          0x20007800      0x800
                0x20007800                __cy_stack_limit = .
                0x20008000                . = (. + 0x800)
 *fill*         0x20007800      0x800 
                0x00000001                ASSERT ((__cy_stack_limit >= __cy_heap_limit), region RAM overflowed with stack)
                0x00000000                cy_checksum_exclude_size = (CY_APPL_LOADABLE == 0x1)?SIZEOF (.cy_checksum_exclude):0x0
                0x00000001                ASSERT ((cy_checksum_exclude_size <= CY_CHECKSUM_EXCLUDE_SIZE), CY_BOOT: Section .cy_checksum_exclude size exceedes specified limit.)

.cyloadermeta
 *(.cyloadermeta)

.cyloadablemeta
 *(.cyloadablemeta)

.cyconfigecc    0x80000000      0x758
 *(.cyconfigecc)
 .cyconfigecc   0x80000000      0x758 .\CortexM3\ARM_GCC_493\Debug\cymetadata.o
                0x80000000                cy_meta_configecc

.cycustnvl      0x90000000        0x4
 *(.cycustnvl)
 .cycustnvl     0x90000000        0x4 .\CortexM3\ARM_GCC_493\Debug\cymetadata.o
                0x90000000                cy_meta_custnvl

.cywolatch      0x90100000        0x4
 *(.cywolatch)
 .cywolatch     0x90100000        0x4 .\CortexM3\ARM_GCC_493\Debug\cymetadata.o
                0x90100000                cy_meta_wonvl

.cyeeprom       0x90200000        0x0
 *(.cyeeprom)
                0x00000001                ASSERT ((. <= ((0x90200000 + ee_offset) + ee_size)), .cyeeprom data will not fit in EEPROM)

.cyflashprotect
                0x90400000      0x100
 *(.cyflashprotect)
 .cyflashprotect
                0x90400000      0x100 .\CortexM3\ARM_GCC_493\Debug\cymetadata.o
                0x90400000                cy_meta_flashprotect

.cymeta         0x90500000        0xc
 *(.cymeta)
 .cymeta        0x90500000        0xc .\CortexM3\ARM_GCC_493\Debug\cymetadata.o
                0x90500000                cy_metadata

.rel.dyn        0x00000d18        0x0 load address 0x9050000c
 .rel.iplt      0x00000000        0x0 c:/program files (x86)/cypress/psoc creator/4.0/psoc creator/import/gnu/arm/4.9.3/bin/../lib/gcc/arm-none-eabi/4.9.3/armv7-m/crtbegin.o

.stab
 *(.stab)

.stabstr
 *(.stabstr)

.debug
 *(.debug)

.line
 *(.line)

.debug_srcinfo
 *(.debug_srcinfo)

.debug_sfnames
 *(.debug_sfnames)

.debug_aranges  0x00000000      0xa78
 *(.debug_aranges)
 .debug_aranges
                0x00000000       0x48 .\CortexM3\ARM_GCC_493\Debug\main.o
 .debug_aranges
                0x00000048       0x18 .\CortexM3\ARM_GCC_493\Debug\cymetadata.o
 .debug_aranges
                0x00000060       0x48 .\CortexM3\ARM_GCC_493\Debug\Cm3Start.o
 .debug_aranges
                0x000000a8       0x58 .\CortexM3\ARM_GCC_493\Debug\StepperMotor.a(cyfitter_cfg.o)
 .debug_aranges
                0x00000100       0xf0 .\CortexM3\ARM_GCC_493\Debug\StepperMotor.a(UART_1.o)
 .debug_aranges
                0x000001f0       0x80 .\CortexM3\ARM_GCC_493\Debug\StepperMotor.a(isr_RxD.o)
 .debug_aranges
                0x00000270       0x70 .\CortexM3\ARM_GCC_493\Debug\StepperMotor.a(UART_1_IntClock.o)
 .debug_aranges
                0x000002e0       0xd8 .\CortexM3\ARM_GCC_493\Debug\StepperMotor.a(CyDmac.o)
 .debug_aranges
                0x000003b8      0x2a0 .\CortexM3\ARM_GCC_493\Debug\StepperMotor.a(CyLib.o)
 .debug_aranges
                0x00000658       0x98 .\CortexM3\ARM_GCC_493\Debug\StepperMotor.a(cyPm.o)
 .debug_aranges
                0x000006f0       0xa0 .\CortexM3\ARM_GCC_493\Debug\StepperMotor.a(ADC_SAR_Seq_1.o)
 .debug_aranges
                0x00000790       0x20 .\CortexM3\ARM_GCC_493\Debug\StepperMotor.a(ADC_SAR_Seq_1_INT.o)
 .debug_aranges
                0x000007b0       0xa8 .\CortexM3\ARM_GCC_493\Debug\StepperMotor.a(ADC_SAR_Seq_1_SAR.o)
 .debug_aranges
                0x00000858       0x28 .\CortexM3\ARM_GCC_493\Debug\StepperMotor.a(ADC_SAR_Seq_1_TempBuf_dma.o)
 .debug_aranges
                0x00000880       0x28 .\CortexM3\ARM_GCC_493\Debug\StepperMotor.a(ADC_SAR_Seq_1_FinalBuf_dma.o)
 .debug_aranges
                0x000008a8       0x80 .\CortexM3\ARM_GCC_493\Debug\StepperMotor.a(ADC_SAR_Seq_1_IRQ.o)
 .debug_aranges
                0x00000928       0x38 .\CortexM3\ARM_GCC_493\Debug\StepperMotor.a(Coils_1.o)
 .debug_aranges
                0x00000960       0x20 .\CortexM3\ARM_GCC_493\Debug\StepperMotor.a(CyBootAsmGnu.o)
 .debug_aranges
                0x00000980       0x80 .\CortexM3\ARM_GCC_493\Debug\StepperMotor.a(CyFlash.o)
 .debug_aranges
                0x00000a00       0x78 .\CortexM3\ARM_GCC_493\Debug\StepperMotor.a(CySpc.o)

.debug_pubnames
 *(.debug_pubnames)

.debug_info     0x00000000     0x625a
 *(.debug_info .gnu.linkonce.wi.*)
 .debug_info    0x00000000      0x345 .\CortexM3\ARM_GCC_493\Debug\main.o
 .debug_info    0x00000345      0x13f .\CortexM3\ARM_GCC_493\Debug\cymetadata.o
 .debug_info    0x00000484      0x3c3 .\CortexM3\ARM_GCC_493\Debug\Cm3Start.o
 .debug_info    0x00000847      0x644 .\CortexM3\ARM_GCC_493\Debug\StepperMotor.a(cyfitter_cfg.o)
 .debug_info    0x00000e8b      0x603 .\CortexM3\ARM_GCC_493\Debug\StepperMotor.a(UART_1.o)
 .debug_info    0x0000148e      0x2cb .\CortexM3\ARM_GCC_493\Debug\StepperMotor.a(isr_RxD.o)
 .debug_info    0x00001759      0x283 .\CortexM3\ARM_GCC_493\Debug\StepperMotor.a(UART_1_IntClock.o)
 .debug_info    0x000019dc      0x944 .\CortexM3\ARM_GCC_493\Debug\StepperMotor.a(CyDmac.o)
 .debug_info    0x00002320     0x1385 .\CortexM3\ARM_GCC_493\Debug\StepperMotor.a(CyLib.o)
 .debug_info    0x000036a5      0xa57 .\CortexM3\ARM_GCC_493\Debug\StepperMotor.a(cyPm.o)
 .debug_info    0x000040fc      0x7d5 .\CortexM3\ARM_GCC_493\Debug\StepperMotor.a(ADC_SAR_Seq_1.o)
 .debug_info    0x000048d1       0x99 .\CortexM3\ARM_GCC_493\Debug\StepperMotor.a(ADC_SAR_Seq_1_INT.o)
 .debug_info    0x0000496a      0x549 .\CortexM3\ARM_GCC_493\Debug\StepperMotor.a(ADC_SAR_Seq_1_SAR.o)
 .debug_info    0x00004eb3      0x1fd .\CortexM3\ARM_GCC_493\Debug\StepperMotor.a(ADC_SAR_Seq_1_TempBuf_dma.o)
 .debug_info    0x000050b0      0x1fd .\CortexM3\ARM_GCC_493\Debug\StepperMotor.a(ADC_SAR_Seq_1_FinalBuf_dma.o)
 .debug_info    0x000052ad      0x2cb .\CortexM3\ARM_GCC_493\Debug\StepperMotor.a(ADC_SAR_Seq_1_IRQ.o)
 .debug_info    0x00005578      0x121 .\CortexM3\ARM_GCC_493\Debug\StepperMotor.a(Coils_1.o)
 .debug_info    0x00005699       0xcf .\CortexM3\ARM_GCC_493\Debug\StepperMotor.a(CyBootAsmGnu.o)
 .debug_info    0x00005768      0x608 .\CortexM3\ARM_GCC_493\Debug\StepperMotor.a(CyFlash.o)
 .debug_info    0x00005d70      0x4ea .\CortexM3\ARM_GCC_493\Debug\StepperMotor.a(CySpc.o)

.debug_abbrev   0x00000000     0x1c40
 *(.debug_abbrev)
 .debug_abbrev  0x00000000      0x1ca .\CortexM3\ARM_GCC_493\Debug\main.o
 .debug_abbrev  0x000001ca       0x77 .\CortexM3\ARM_GCC_493\Debug\cymetadata.o
 .debug_abbrev  0x00000241      0x1f7 .\CortexM3\ARM_GCC_493\Debug\Cm3Start.o
 .debug_abbrev  0x00000438      0x212 .\CortexM3\ARM_GCC_493\Debug\StepperMotor.a(cyfitter_cfg.o)
 .debug_abbrev  0x0000064a      0x1a2 .\CortexM3\ARM_GCC_493\Debug\StepperMotor.a(UART_1.o)
 .debug_abbrev  0x000007ec      0x173 .\CortexM3\ARM_GCC_493\Debug\StepperMotor.a(isr_RxD.o)
 .debug_abbrev  0x0000095f      0x139 .\CortexM3\ARM_GCC_493\Debug\StepperMotor.a(UART_1_IntClock.o)
 .debug_abbrev  0x00000a98      0x1cc .\CortexM3\ARM_GCC_493\Debug\StepperMotor.a(CyDmac.o)
 .debug_abbrev  0x00000c64      0x296 .\CortexM3\ARM_GCC_493\Debug\StepperMotor.a(CyLib.o)
 .debug_abbrev  0x00000efa      0x1ed .\CortexM3\ARM_GCC_493\Debug\StepperMotor.a(cyPm.o)
 .debug_abbrev  0x000010e7      0x1a3 .\CortexM3\ARM_GCC_493\Debug\StepperMotor.a(ADC_SAR_Seq_1.o)
 .debug_abbrev  0x0000128a       0x42 .\CortexM3\ARM_GCC_493\Debug\StepperMotor.a(ADC_SAR_Seq_1_INT.o)
 .debug_abbrev  0x000012cc      0x1d9 .\CortexM3\ARM_GCC_493\Debug\StepperMotor.a(ADC_SAR_Seq_1_SAR.o)
 .debug_abbrev  0x000014a5       0xeb .\CortexM3\ARM_GCC_493\Debug\StepperMotor.a(ADC_SAR_Seq_1_TempBuf_dma.o)
 .debug_abbrev  0x00001590       0xeb .\CortexM3\ARM_GCC_493\Debug\StepperMotor.a(ADC_SAR_Seq_1_FinalBuf_dma.o)
 .debug_abbrev  0x0000167b      0x173 .\CortexM3\ARM_GCC_493\Debug\StepperMotor.a(ADC_SAR_Seq_1_IRQ.o)
 .debug_abbrev  0x000017ee       0x90 .\CortexM3\ARM_GCC_493\Debug\StepperMotor.a(Coils_1.o)
 .debug_abbrev  0x0000187e       0x14 .\CortexM3\ARM_GCC_493\Debug\StepperMotor.a(CyBootAsmGnu.o)
 .debug_abbrev  0x00001892      0x1ed .\CortexM3\ARM_GCC_493\Debug\StepperMotor.a(CyFlash.o)
 .debug_abbrev  0x00001a7f      0x1c1 .\CortexM3\ARM_GCC_493\Debug\StepperMotor.a(CySpc.o)

.debug_line     0x00000000     0x2704
 *(.debug_line)
 .debug_line    0x00000000      0x25e .\CortexM3\ARM_GCC_493\Debug\main.o
 .debug_line    0x0000025e       0x51 .\CortexM3\ARM_GCC_493\Debug\cymetadata.o
 .debug_line    0x000002af      0x25a .\CortexM3\ARM_GCC_493\Debug\Cm3Start.o
 .debug_line    0x00000509      0x20a .\CortexM3\ARM_GCC_493\Debug\StepperMotor.a(cyfitter_cfg.o)
 .debug_line    0x00000713      0x2c0 .\CortexM3\ARM_GCC_493\Debug\StepperMotor.a(UART_1.o)
 .debug_line    0x000009d3      0x134 .\CortexM3\ARM_GCC_493\Debug\StepperMotor.a(isr_RxD.o)
 .debug_line    0x00000b07      0x17e .\CortexM3\ARM_GCC_493\Debug\StepperMotor.a(UART_1_IntClock.o)
 .debug_line    0x00000c85      0x2e3 .\CortexM3\ARM_GCC_493\Debug\StepperMotor.a(CyDmac.o)
 .debug_line    0x00000f68      0x816 .\CortexM3\ARM_GCC_493\Debug\StepperMotor.a(CyLib.o)
 .debug_line    0x0000177e      0x364 .\CortexM3\ARM_GCC_493\Debug\StepperMotor.a(cyPm.o)
 .debug_line    0x00001ae2      0x234 .\CortexM3\ARM_GCC_493\Debug\StepperMotor.a(ADC_SAR_Seq_1.o)
 .debug_line    0x00001d16       0x5a .\CortexM3\ARM_GCC_493\Debug\StepperMotor.a(ADC_SAR_Seq_1_INT.o)
 .debug_line    0x00001d70      0x20e .\CortexM3\ARM_GCC_493\Debug\StepperMotor.a(ADC_SAR_Seq_1_SAR.o)
 .debug_line    0x00001f7e       0x92 .\CortexM3\ARM_GCC_493\Debug\StepperMotor.a(ADC_SAR_Seq_1_TempBuf_dma.o)
 .debug_line    0x00002010       0x93 .\CortexM3\ARM_GCC_493\Debug\StepperMotor.a(ADC_SAR_Seq_1_FinalBuf_dma.o)
 .debug_line    0x000020a3      0x13e .\CortexM3\ARM_GCC_493\Debug\StepperMotor.a(ADC_SAR_Seq_1_IRQ.o)
 .debug_line    0x000021e1       0x97 .\CortexM3\ARM_GCC_493\Debug\StepperMotor.a(Coils_1.o)
 .debug_line    0x00002278       0x66 .\CortexM3\ARM_GCC_493\Debug\StepperMotor.a(CyBootAsmGnu.o)
 .debug_line    0x000022de      0x1ea .\CortexM3\ARM_GCC_493\Debug\StepperMotor.a(CyFlash.o)
 .debug_line    0x000024c8      0x23c .\CortexM3\ARM_GCC_493\Debug\StepperMotor.a(CySpc.o)

.debug_frame    0x00000000     0x1bc4
 *(.debug_frame)
 .debug_frame   0x00000000       0xa8 .\CortexM3\ARM_GCC_493\Debug\main.o
 .debug_frame   0x000000a8       0xb8 .\CortexM3\ARM_GCC_493\Debug\Cm3Start.o
 .debug_frame   0x00000160       0xfc .\CortexM3\ARM_GCC_493\Debug\StepperMotor.a(cyfitter_cfg.o)
 .debug_frame   0x0000025c      0x250 .\CortexM3\ARM_GCC_493\Debug\StepperMotor.a(UART_1.o)
 .debug_frame   0x000004ac      0x104 .\CortexM3\ARM_GCC_493\Debug\StepperMotor.a(isr_RxD.o)
 .debug_frame   0x000005b0       0xe0 .\CortexM3\ARM_GCC_493\Debug\StepperMotor.a(UART_1_IntClock.o)
 .debug_frame   0x00000690      0x1f4 .\CortexM3\ARM_GCC_493\Debug\StepperMotor.a(CyDmac.o)
 .debug_frame   0x00000884      0x738 .\CortexM3\ARM_GCC_493\Debug\StepperMotor.a(CyLib.o)
 .debug_frame   0x00000fbc      0x1f8 .\CortexM3\ARM_GCC_493\Debug\StepperMotor.a(cyPm.o)
 .debug_frame   0x000011b4      0x1dc .\CortexM3\ARM_GCC_493\Debug\StepperMotor.a(ADC_SAR_Seq_1.o)
 .debug_frame   0x00001390       0x20 .\CortexM3\ARM_GCC_493\Debug\StepperMotor.a(ADC_SAR_Seq_1_INT.o)
 .debug_frame   0x000013b0      0x1a4 .\CortexM3\ARM_GCC_493\Debug\StepperMotor.a(ADC_SAR_Seq_1_SAR.o)
 .debug_frame   0x00001554       0x54 .\CortexM3\ARM_GCC_493\Debug\StepperMotor.a(ADC_SAR_Seq_1_TempBuf_dma.o)
 .debug_frame   0x000015a8       0x54 .\CortexM3\ARM_GCC_493\Debug\StepperMotor.a(ADC_SAR_Seq_1_FinalBuf_dma.o)
 .debug_frame   0x000015fc      0x104 .\CortexM3\ARM_GCC_493\Debug\StepperMotor.a(ADC_SAR_Seq_1_IRQ.o)
 .debug_frame   0x00001700       0x50 .\CortexM3\ARM_GCC_493\Debug\StepperMotor.a(Coils_1.o)
 .debug_frame   0x00001750      0x174 .\CortexM3\ARM_GCC_493\Debug\StepperMotor.a(CyFlash.o)
 .debug_frame   0x000018c4      0x160 .\CortexM3\ARM_GCC_493\Debug\StepperMotor.a(CySpc.o)
 .debug_frame   0x00001a24       0x28 c:/program files (x86)/cypress/psoc creator/4.0/psoc creator/import/gnu/arm/4.9.3/bin/../lib/gcc/arm-none-eabi/4.9.3/armv7-m\libgcc.a(_aeabi_ldivmod.o)
 .debug_frame   0x00001a4c       0x54 c:/program files (x86)/cypress/psoc creator/4.0/psoc creator/import/gnu/arm/4.9.3/bin/../lib/gcc/arm-none-eabi/4.9.3/armv7-m\libgcc.a(bpabi.o)
 .debug_frame   0x00001aa0       0x34 c:/program files (x86)/cypress/psoc creator/4.0/psoc creator/import/gnu/arm/4.9.3/bin/../lib/gcc/arm-none-eabi/4.9.3/armv7-m\libgcc.a(_divdi3.o)
 .debug_frame   0x00001ad4       0x34 c:/program files (x86)/cypress/psoc creator/4.0/psoc creator/import/gnu/arm/4.9.3/bin/../lib/gcc/arm-none-eabi/4.9.3/armv7-m\libgcc.a(_udivdi3.o)
 .debug_frame   0x00001b08       0x20 c:/program files (x86)/cypress/psoc creator/4.0/psoc creator/import/gnu/arm/4.9.3/bin/../lib/gcc/arm-none-eabi/4.9.3/../../../../arm-none-eabi/lib/armv7-m\libg_nano.a(lib_a-errno.o)
 .debug_frame   0x00001b28       0x28 c:/program files (x86)/cypress/psoc creator/4.0/psoc creator/import/gnu/arm/4.9.3/bin/../lib/gcc/arm-none-eabi/4.9.3/../../../../arm-none-eabi/lib/armv7-m\libg_nano.a(lib_a-exit.o)
 .debug_frame   0x00001b50       0x2c c:/program files (x86)/cypress/psoc creator/4.0/psoc creator/import/gnu/arm/4.9.3/bin/../lib/gcc/arm-none-eabi/4.9.3/../../../../arm-none-eabi/lib/armv7-m\libg_nano.a(lib_a-init.o)
 .debug_frame   0x00001b7c       0x28 c:/program files (x86)/cypress/psoc creator/4.0/psoc creator/import/gnu/arm/4.9.3/bin/../lib/gcc/arm-none-eabi/4.9.3/../../../../arm-none-eabi/lib/armv7-m\libg_nano.a(lib_a-memcpy.o)
 .debug_frame   0x00001ba4       0x20 c:/program files (x86)/cypress/psoc creator/4.0/psoc creator/import/gnu/arm/4.9.3/bin/../lib/gcc/arm-none-eabi/4.9.3/../../../../arm-none-eabi/lib/armv7-m\libg_nano.a(lib_a-memset.o)

.debug_str      0x00000000     0x255a
 *(.debug_str)
 .debug_str     0x00000000      0x2c9 .\CortexM3\ARM_GCC_493\Debug\main.o
                                0x30a (size before relaxing)
 .debug_str     0x000002c9       0x75 .\CortexM3\ARM_GCC_493\Debug\cymetadata.o
                                0x229 (size before relaxing)
 .debug_str     0x0000033e      0x166 .\CortexM3\ARM_GCC_493\Debug\Cm3Start.o
                                0x34d (size before relaxing)
 .debug_str     0x000004a4      0x17e .\CortexM3\ARM_GCC_493\Debug\StepperMotor.a(cyfitter_cfg.o)
                                0x381 (size before relaxing)
 .debug_str     0x00000622      0x2f3 .\CortexM3\ARM_GCC_493\Debug\StepperMotor.a(UART_1.o)
                                0x4e6 (size before relaxing)
 .debug_str     0x00000915      0x10a .\CortexM3\ARM_GCC_493\Debug\StepperMotor.a(isr_RxD.o)
                                0x2f5 (size before relaxing)
 .debug_str     0x00000a1f      0x19d .\CortexM3\ARM_GCC_493\Debug\StepperMotor.a(UART_1_IntClock.o)
                                0x38d (size before relaxing)
 .debug_str     0x00000bbc      0x356 .\CortexM3\ARM_GCC_493\Debug\StepperMotor.a(CyDmac.o)
                                0x57d (size before relaxing)
 .debug_str     0x00000f12      0x7d8 .\CortexM3\ARM_GCC_493\Debug\StepperMotor.a(CyLib.o)
                                0xa7a (size before relaxing)
 .debug_str     0x000016ea      0x359 .\CortexM3\ARM_GCC_493\Debug\StepperMotor.a(cyPm.o)
                                0x75a (size before relaxing)
 .debug_str     0x00001a43      0x451 .\CortexM3\ARM_GCC_493\Debug\StepperMotor.a(ADC_SAR_Seq_1.o)
                                0x76d (size before relaxing)
 .debug_str     0x00001e94       0x3d .\CortexM3\ARM_GCC_493\Debug\StepperMotor.a(ADC_SAR_Seq_1_INT.o)
                                0x1eb (size before relaxing)
 .debug_str     0x00001ed1      0x165 .\CortexM3\ARM_GCC_493\Debug\StepperMotor.a(ADC_SAR_Seq_1_SAR.o)
                                0x561 (size before relaxing)
 .debug_str     0x00002036       0xaf .\CortexM3\ARM_GCC_493\Debug\StepperMotor.a(ADC_SAR_Seq_1_TempBuf_dma.o)
                                0x2e8 (size before relaxing)
 .debug_str     0x000020e5       0x77 .\CortexM3\ARM_GCC_493\Debug\StepperMotor.a(ADC_SAR_Seq_1_FinalBuf_dma.o)
                                0x2ec (size before relaxing)
 .debug_str     0x0000215c      0x154 .\CortexM3\ARM_GCC_493\Debug\StepperMotor.a(ADC_SAR_Seq_1_IRQ.o)
                                0x381 (size before relaxing)
 .debug_str     0x000022b0       0x62 .\CortexM3\ARM_GCC_493\Debug\StepperMotor.a(Coils_1.o)
                                0x22b (size before relaxing)
 .debug_str     0x00002312      0x19c .\CortexM3\ARM_GCC_493\Debug\StepperMotor.a(CyFlash.o)
                                0x3d4 (size before relaxing)
 .debug_str     0x000024ae       0xac .\CortexM3\ARM_GCC_493\Debug\StepperMotor.a(CySpc.o)
                                0x35d (size before relaxing)

.debug_loc      0x00000000     0x2e71
 *(.debug_loc)
 .debug_loc     0x00000000       0xb1 .\CortexM3\ARM_GCC_493\Debug\main.o
 .debug_loc     0x000000b1      0x144 .\CortexM3\ARM_GCC_493\Debug\Cm3Start.o
 .debug_loc     0x000001f5      0x27f .\CortexM3\ARM_GCC_493\Debug\StepperMotor.a(cyfitter_cfg.o)
 .debug_loc     0x00000474      0x258 .\CortexM3\ARM_GCC_493\Debug\StepperMotor.a(UART_1.o)
 .debug_loc     0x000006cc       0x56 .\CortexM3\ARM_GCC_493\Debug\StepperMotor.a(isr_RxD.o)
 .debug_loc     0x00000722      0x128 .\CortexM3\ARM_GCC_493\Debug\StepperMotor.a(UART_1_IntClock.o)
 .debug_loc     0x0000084a      0xb83 .\CortexM3\ARM_GCC_493\Debug\StepperMotor.a(CyDmac.o)
 .debug_loc     0x000013cd      0xa11 .\CortexM3\ARM_GCC_493\Debug\StepperMotor.a(CyLib.o)
 .debug_loc     0x00001dde      0x1e4 .\CortexM3\ARM_GCC_493\Debug\StepperMotor.a(cyPm.o)
 .debug_loc     0x00001fc2      0x13c .\CortexM3\ARM_GCC_493\Debug\StepperMotor.a(ADC_SAR_Seq_1.o)
 .debug_loc     0x000020fe      0x273 .\CortexM3\ARM_GCC_493\Debug\StepperMotor.a(ADC_SAR_Seq_1_SAR.o)
 .debug_loc     0x00002371       0x84 .\CortexM3\ARM_GCC_493\Debug\StepperMotor.a(ADC_SAR_Seq_1_TempBuf_dma.o)
 .debug_loc     0x000023f5       0x84 .\CortexM3\ARM_GCC_493\Debug\StepperMotor.a(ADC_SAR_Seq_1_FinalBuf_dma.o)
 .debug_loc     0x00002479       0x56 .\CortexM3\ARM_GCC_493\Debug\StepperMotor.a(ADC_SAR_Seq_1_IRQ.o)
 .debug_loc     0x000024cf       0x55 .\CortexM3\ARM_GCC_493\Debug\StepperMotor.a(Coils_1.o)
 .debug_loc     0x00002524      0x300 .\CortexM3\ARM_GCC_493\Debug\StepperMotor.a(CyFlash.o)
 .debug_loc     0x00002824      0x64d .\CortexM3\ARM_GCC_493\Debug\StepperMotor.a(CySpc.o)

.debug_macinfo
 *(.debug_macinfo)

.debug_ranges   0x00000000      0x938
 *(.debug_ranges)
 .debug_ranges  0x00000000       0x50 .\CortexM3\ARM_GCC_493\Debug\main.o
 .debug_ranges  0x00000050       0x38 .\CortexM3\ARM_GCC_493\Debug\Cm3Start.o
 .debug_ranges  0x00000088       0x48 .\CortexM3\ARM_GCC_493\Debug\StepperMotor.a(cyfitter_cfg.o)
 .debug_ranges  0x000000d0       0xe0 .\CortexM3\ARM_GCC_493\Debug\StepperMotor.a(UART_1.o)
 .debug_ranges  0x000001b0       0x70 .\CortexM3\ARM_GCC_493\Debug\StepperMotor.a(isr_RxD.o)
 .debug_ranges  0x00000220       0x60 .\CortexM3\ARM_GCC_493\Debug\StepperMotor.a(UART_1_IntClock.o)
 .debug_ranges  0x00000280       0xc8 .\CortexM3\ARM_GCC_493\Debug\StepperMotor.a(CyDmac.o)
 .debug_ranges  0x00000348      0x290 .\CortexM3\ARM_GCC_493\Debug\StepperMotor.a(CyLib.o)
 .debug_ranges  0x000005d8       0x88 .\CortexM3\ARM_GCC_493\Debug\StepperMotor.a(cyPm.o)
 .debug_ranges  0x00000660       0x90 .\CortexM3\ARM_GCC_493\Debug\StepperMotor.a(ADC_SAR_Seq_1.o)
 .debug_ranges  0x000006f0       0x10 .\CortexM3\ARM_GCC_493\Debug\StepperMotor.a(ADC_SAR_Seq_1_INT.o)
 .debug_ranges  0x00000700       0x98 .\CortexM3\ARM_GCC_493\Debug\StepperMotor.a(ADC_SAR_Seq_1_SAR.o)
 .debug_ranges  0x00000798       0x18 .\CortexM3\ARM_GCC_493\Debug\StepperMotor.a(ADC_SAR_Seq_1_TempBuf_dma.o)
 .debug_ranges  0x000007b0       0x18 .\CortexM3\ARM_GCC_493\Debug\StepperMotor.a(ADC_SAR_Seq_1_FinalBuf_dma.o)
 .debug_ranges  0x000007c8       0x70 .\CortexM3\ARM_GCC_493\Debug\StepperMotor.a(ADC_SAR_Seq_1_IRQ.o)
 .debug_ranges  0x00000838       0x28 .\CortexM3\ARM_GCC_493\Debug\StepperMotor.a(Coils_1.o)
 .debug_ranges  0x00000860       0x70 .\CortexM3\ARM_GCC_493\Debug\StepperMotor.a(CyFlash.o)
 .debug_ranges  0x000008d0       0x68 .\CortexM3\ARM_GCC_493\Debug\StepperMotor.a(CySpc.o)

.comment        0x00000000       0x70
 .comment       0x00000000       0x70 .\CortexM3\ARM_GCC_493\Debug\main.o
                                 0x71 (size before relaxing)
 .comment       0x00000000       0x71 .\CortexM3\ARM_GCC_493\Debug\cymetadata.o
 .comment       0x00000000       0x71 .\CortexM3\ARM_GCC_493\Debug\Cm3Start.o
 .comment       0x00000000       0x71 .\CortexM3\ARM_GCC_493\Debug\StepperMotor.a(cyfitter_cfg.o)
 .comment       0x00000000       0x71 .\CortexM3\ARM_GCC_493\Debug\StepperMotor.a(UART_1.o)
 .comment       0x00000000       0x71 .\CortexM3\ARM_GCC_493\Debug\StepperMotor.a(isr_RxD.o)
 .comment       0x00000000       0x71 .\CortexM3\ARM_GCC_493\Debug\StepperMotor.a(UART_1_IntClock.o)
 .comment       0x00000000       0x71 .\CortexM3\ARM_GCC_493\Debug\StepperMotor.a(CyDmac.o)
 .comment       0x00000000       0x71 .\CortexM3\ARM_GCC_493\Debug\StepperMotor.a(CyLib.o)
 .comment       0x00000000       0x71 .\CortexM3\ARM_GCC_493\Debug\StepperMotor.a(cyPm.o)
 .comment       0x00000000       0x71 .\CortexM3\ARM_GCC_493\Debug\StepperMotor.a(ADC_SAR_Seq_1.o)
 .comment       0x00000000       0x71 .\CortexM3\ARM_GCC_493\Debug\StepperMotor.a(ADC_SAR_Seq_1_INT.o)
 .comment       0x00000000       0x71 .\CortexM3\ARM_GCC_493\Debug\StepperMotor.a(ADC_SAR_Seq_1_SAR.o)
 .comment       0x00000000       0x71 .\CortexM3\ARM_GCC_493\Debug\StepperMotor.a(ADC_SAR_Seq_1_TempBuf_dma.o)
 .comment       0x00000000       0x71 .\CortexM3\ARM_GCC_493\Debug\StepperMotor.a(ADC_SAR_Seq_1_FinalBuf_dma.o)
 .comment       0x00000000       0x71 .\CortexM3\ARM_GCC_493\Debug\StepperMotor.a(ADC_SAR_Seq_1_IRQ.o)
 .comment       0x00000000       0x71 .\CortexM3\ARM_GCC_493\Debug\StepperMotor.a(Coils_1.o)
 .comment       0x00000000       0x71 .\CortexM3\ARM_GCC_493\Debug\StepperMotor.a(CyFlash.o)
 .comment       0x00000000       0x71 .\CortexM3\ARM_GCC_493\Debug\StepperMotor.a(CySpc.o)

.debug_weaknames
 *(.debug_weaknames)

.debug_funcnames
 *(.debug_funcnames)

.debug_typenames
 *(.debug_typenames)

.debug_varnames
 *(.debug_varnames)

.note.gnu.arm.ident
 *(.note.gnu.arm.ident)

.ARM.attributes
                0x00000000       0x29
 *(.ARM.attributes)
 .ARM.attributes
                0x00000000       0x1d c:/program files (x86)/cypress/psoc creator/4.0/psoc creator/import/gnu/arm/4.9.3/bin/../lib/gcc/arm-none-eabi/4.9.3/armv7-m/crti.o
 .ARM.attributes
                0x0000001d       0x2d c:/program files (x86)/cypress/psoc creator/4.0/psoc creator/import/gnu/arm/4.9.3/bin/../lib/gcc/arm-none-eabi/4.9.3/armv7-m/crtbegin.o
 .ARM.attributes
                0x0000004a       0x1b c:/program files (x86)/cypress/psoc creator/4.0/psoc creator/import/gnu/arm/4.9.3/bin/../lib/gcc/arm-none-eabi/4.9.3/../../../../arm-none-eabi/lib/armv7-m/crt0.o
 .ARM.attributes
                0x00000065       0x33 .\CortexM3\ARM_GCC_493\Debug\main.o
 .ARM.attributes
                0x00000098       0x33 .\CortexM3\ARM_GCC_493\Debug\cymetadata.o
 .ARM.attributes
                0x000000cb       0x33 .\CortexM3\ARM_GCC_493\Debug\Cm3Start.o
 .ARM.attributes
                0x000000fe       0x33 .\CortexM3\ARM_GCC_493\Debug\StepperMotor.a(cyfitter_cfg.o)
 .ARM.attributes
                0x00000131       0x33 .\CortexM3\ARM_GCC_493\Debug\StepperMotor.a(UART_1.o)
 .ARM.attributes
                0x00000164       0x33 .\CortexM3\ARM_GCC_493\Debug\StepperMotor.a(isr_RxD.o)
 .ARM.attributes
                0x00000197       0x33 .\CortexM3\ARM_GCC_493\Debug\StepperMotor.a(UART_1_IntClock.o)
 .ARM.attributes
                0x000001ca       0x33 .\CortexM3\ARM_GCC_493\Debug\StepperMotor.a(CyDmac.o)
 .ARM.attributes
                0x000001fd       0x33 .\CortexM3\ARM_GCC_493\Debug\StepperMotor.a(CyLib.o)
 .ARM.attributes
                0x00000230       0x33 .\CortexM3\ARM_GCC_493\Debug\StepperMotor.a(cyPm.o)
 .ARM.attributes
                0x00000263       0x33 .\CortexM3\ARM_GCC_493\Debug\StepperMotor.a(ADC_SAR_Seq_1.o)
 .ARM.attributes
                0x00000296       0x33 .\CortexM3\ARM_GCC_493\Debug\StepperMotor.a(ADC_SAR_Seq_1_INT.o)
 .ARM.attributes
                0x000002c9       0x33 .\CortexM3\ARM_GCC_493\Debug\StepperMotor.a(ADC_SAR_Seq_1_SAR.o)
 .ARM.attributes
                0x000002fc       0x33 .\CortexM3\ARM_GCC_493\Debug\StepperMotor.a(ADC_SAR_Seq_1_TempBuf_dma.o)
 .ARM.attributes
                0x0000032f       0x33 .\CortexM3\ARM_GCC_493\Debug\StepperMotor.a(ADC_SAR_Seq_1_FinalBuf_dma.o)
 .ARM.attributes
                0x00000362       0x33 .\CortexM3\ARM_GCC_493\Debug\StepperMotor.a(ADC_SAR_Seq_1_IRQ.o)
 .ARM.attributes
                0x00000395       0x33 .\CortexM3\ARM_GCC_493\Debug\StepperMotor.a(Coils_1.o)
 .ARM.attributes
                0x000003c8       0x21 .\CortexM3\ARM_GCC_493\Debug\StepperMotor.a(CyBootAsmGnu.o)
 .ARM.attributes
                0x000003e9       0x33 .\CortexM3\ARM_GCC_493\Debug\StepperMotor.a(CyFlash.o)
 .ARM.attributes
                0x0000041c       0x33 .\CortexM3\ARM_GCC_493\Debug\StepperMotor.a(CySpc.o)
 .ARM.attributes
                0x0000044f       0x1d c:/program files (x86)/cypress/psoc creator/4.0/psoc creator/import/gnu/arm/4.9.3/bin/../lib/gcc/arm-none-eabi/4.9.3/armv7-m\libgcc.a(_arm_addsubsf3.o)
 .ARM.attributes
                0x0000046c       0x1d c:/program files (x86)/cypress/psoc creator/4.0/psoc creator/import/gnu/arm/4.9.3/bin/../lib/gcc/arm-none-eabi/4.9.3/armv7-m\libgcc.a(_arm_muldivsf3.o)
 .ARM.attributes
                0x00000489       0x1d c:/program files (x86)/cypress/psoc creator/4.0/psoc creator/import/gnu/arm/4.9.3/bin/../lib/gcc/arm-none-eabi/4.9.3/armv7-m\libgcc.a(_aeabi_ldivmod.o)
 .ARM.attributes
                0x000004a6       0x2d c:/program files (x86)/cypress/psoc creator/4.0/psoc creator/import/gnu/arm/4.9.3/bin/../lib/gcc/arm-none-eabi/4.9.3/armv7-m\libgcc.a(bpabi.o)
 .ARM.attributes
                0x000004d3       0x1d c:/program files (x86)/cypress/psoc creator/4.0/psoc creator/import/gnu/arm/4.9.3/bin/../lib/gcc/arm-none-eabi/4.9.3/armv7-m\libgcc.a(_dvmd_tls.o)
 .ARM.attributes
                0x000004f0       0x2d c:/program files (x86)/cypress/psoc creator/4.0/psoc creator/import/gnu/arm/4.9.3/bin/../lib/gcc/arm-none-eabi/4.9.3/armv7-m\libgcc.a(_divdi3.o)
 .ARM.attributes
                0x0000051d       0x2d c:/program files (x86)/cypress/psoc creator/4.0/psoc creator/import/gnu/arm/4.9.3/bin/../lib/gcc/arm-none-eabi/4.9.3/armv7-m\libgcc.a(_udivdi3.o)
 .ARM.attributes
                0x0000054a       0x2d c:/program files (x86)/cypress/psoc creator/4.0/psoc creator/import/gnu/arm/4.9.3/bin/../lib/gcc/arm-none-eabi/4.9.3/../../../../arm-none-eabi/lib/armv7-m\libg_nano.a(lib_a-errno.o)
 .ARM.attributes
                0x00000577       0x2d c:/program files (x86)/cypress/psoc creator/4.0/psoc creator/import/gnu/arm/4.9.3/bin/../lib/gcc/arm-none-eabi/4.9.3/../../../../arm-none-eabi/lib/armv7-m\libg_nano.a(lib_a-exit.o)
 .ARM.attributes
                0x000005a4       0x2d c:/program files (x86)/cypress/psoc creator/4.0/psoc creator/import/gnu/arm/4.9.3/bin/../lib/gcc/arm-none-eabi/4.9.3/../../../../arm-none-eabi/lib/armv7-m\libg_nano.a(lib_a-impure.o)
 .ARM.attributes
                0x000005d1       0x2d c:/program files (x86)/cypress/psoc creator/4.0/psoc creator/import/gnu/arm/4.9.3/bin/../lib/gcc/arm-none-eabi/4.9.3/../../../../arm-none-eabi/lib/armv7-m\libg_nano.a(lib_a-init.o)
 .ARM.attributes
                0x000005fe       0x2d c:/program files (x86)/cypress/psoc creator/4.0/psoc creator/import/gnu/arm/4.9.3/bin/../lib/gcc/arm-none-eabi/4.9.3/../../../../arm-none-eabi/lib/armv7-m\libg_nano.a(lib_a-memcpy.o)
 .ARM.attributes
                0x0000062b       0x2d c:/program files (x86)/cypress/psoc creator/4.0/psoc creator/import/gnu/arm/4.9.3/bin/../lib/gcc/arm-none-eabi/4.9.3/../../../../arm-none-eabi/lib/armv7-m\libg_nano.a(lib_a-memset.o)
 .ARM.attributes
                0x00000658       0x2d c:/program files (x86)/cypress/psoc creator/4.0/psoc creator/import/gnu/arm/4.9.3/bin/../lib/gcc/arm-none-eabi/4.9.3/armv7-m/crtend.o
 .ARM.attributes
                0x00000685       0x1d c:/program files (x86)/cypress/psoc creator/4.0/psoc creator/import/gnu/arm/4.9.3/bin/../lib/gcc/arm-none-eabi/4.9.3/armv7-m/crtn.o

/DISCARD/
 *(.note.GNU-stack)
OUTPUT(.\CortexM3\ARM_GCC_493\Debug\StepperMotor.elf elf32-littlearm)
