Archive member included because of file (symbol)

.\CortexM3\ARM_GCC_493\Debug\Bipolar.a(cyfitter_cfg.o)
                              .\CortexM3\ARM_GCC_493\Debug\Cm3Start.o (cyfitter_cfg)
.\CortexM3\ARM_GCC_493\Debug\Bipolar.a(Direction_1.o)
                              .\CortexM3\ARM_GCC_493\Debug\main.o (Direction_1_Write)
.\CortexM3\ARM_GCC_493\Debug\Bipolar.a(Enable_1.o)
                              .\CortexM3\ARM_GCC_493\Debug\main.o (Enable_1_Write)
.\CortexM3\ARM_GCC_493\Debug\Bipolar.a(PWM_1.o)
                              .\CortexM3\ARM_GCC_493\Debug\main.o (PWM_1_Start)
.\CortexM3\ARM_GCC_493\Debug\Bipolar.a(isr_RxD.o)
                              .\CortexM3\ARM_GCC_493\Debug\main.o (isr_RxD_StartEx)
.\CortexM3\ARM_GCC_493\Debug\Bipolar.a(UART_1.o)
                              .\CortexM3\ARM_GCC_493\Debug\main.o (UART_1_Start)
.\CortexM3\ARM_GCC_493\Debug\Bipolar.a(UART_1_IntClock.o)
                              .\CortexM3\ARM_GCC_493\Debug\Bipolar.a(UART_1.o) (UART_1_IntClock_Start)
.\CortexM3\ARM_GCC_493\Debug\Bipolar.a(CyDmac.o)
                              .\CortexM3\ARM_GCC_493\Debug\Cm3Start.o (CyDmacConfigure)
.\CortexM3\ARM_GCC_493\Debug\Bipolar.a(CyLib.o)
                              .\CortexM3\ARM_GCC_493\Debug\Cm3Start.o (CyHalt)
.\CortexM3\ARM_GCC_493\Debug\Bipolar.a(cyPm.o)
                              .\CortexM3\ARM_GCC_493\Debug\Bipolar.a(CyLib.o) (CyPmReadStatus)
.\CortexM3\ARM_GCC_493\Debug\Bipolar.a(ADC_SAR_Seq.o)
                              .\CortexM3\ARM_GCC_493\Debug\main.o (ADC_SAR_Seq_Start)
.\CortexM3\ARM_GCC_493\Debug\Bipolar.a(ADC_SAR_Seq_INT.o)
                              .\CortexM3\ARM_GCC_493\Debug\Bipolar.a(ADC_SAR_Seq.o) (ADC_SAR_Seq_ISR)
.\CortexM3\ARM_GCC_493\Debug\Bipolar.a(ADC_SAR_Seq_SAR.o)
                              .\CortexM3\ARM_GCC_493\Debug\Bipolar.a(ADC_SAR_Seq.o) (ADC_SAR_Seq_SAR_shift)
.\CortexM3\ARM_GCC_493\Debug\Bipolar.a(ADC_SAR_Seq_TempBuf_dma.o)
                              .\CortexM3\ARM_GCC_493\Debug\Bipolar.a(ADC_SAR_Seq.o) (ADC_SAR_Seq_TempBuf_DmaInitialize)
.\CortexM3\ARM_GCC_493\Debug\Bipolar.a(ADC_SAR_Seq_FinalBuf_dma.o)
                              .\CortexM3\ARM_GCC_493\Debug\Bipolar.a(ADC_SAR_Seq.o) (ADC_SAR_Seq_FinalBuf_DmaInitialize)
.\CortexM3\ARM_GCC_493\Debug\Bipolar.a(ADC_SAR_Seq_IRQ.o)
                              .\CortexM3\ARM_GCC_493\Debug\Bipolar.a(ADC_SAR_Seq.o) (ADC_SAR_Seq_IRQ_SetVector)
.\CortexM3\ARM_GCC_493\Debug\Bipolar.a(isr_x_home.o)
                              .\CortexM3\ARM_GCC_493\Debug\main.o (isr_x_home_Enable)
.\CortexM3\ARM_GCC_493\Debug\Bipolar.a(CyBootAsmGnu.o)
                              .\CortexM3\ARM_GCC_493\Debug\Bipolar.a(cyfitter_cfg.o) (CyDelayCycles)
.\CortexM3\ARM_GCC_493\Debug\Bipolar.a(CyFlash.o)
                              .\CortexM3\ARM_GCC_493\Debug\Bipolar.a(cyPm.o) (CyFlash_SetWaitCycles)
.\CortexM3\ARM_GCC_493\Debug\Bipolar.a(CySpc.o)
                              .\CortexM3\ARM_GCC_493\Debug\Bipolar.a(CyFlash.o) (CySpcStart)
c:/program files (x86)/cypress/psoc creator/4.0/psoc creator/import/gnu/arm/4.9.3/bin/../lib/gcc/arm-none-eabi/4.9.3/armv7-m\libgcc.a(_arm_addsubsf3.o)
                              .\CortexM3\ARM_GCC_493\Debug\Bipolar.a(ADC_SAR_Seq_SAR.o) (__aeabi_i2f)
c:/program files (x86)/cypress/psoc creator/4.0/psoc creator/import/gnu/arm/4.9.3/bin/../lib/gcc/arm-none-eabi/4.9.3/armv7-m\libgcc.a(_arm_muldivsf3.o)
                              .\CortexM3\ARM_GCC_493\Debug\Bipolar.a(ADC_SAR_Seq_SAR.o) (__aeabi_fmul)
c:/program files (x86)/cypress/psoc creator/4.0/psoc creator/import/gnu/arm/4.9.3/bin/../lib/gcc/arm-none-eabi/4.9.3/armv7-m\libgcc.a(_aeabi_ldivmod.o)
                              .\CortexM3\ARM_GCC_493\Debug\Bipolar.a(ADC_SAR_Seq_SAR.o) (__aeabi_ldivmod)
c:/program files (x86)/cypress/psoc creator/4.0/psoc creator/import/gnu/arm/4.9.3/bin/../lib/gcc/arm-none-eabi/4.9.3/armv7-m\libgcc.a(bpabi.o)
                              c:/program files (x86)/cypress/psoc creator/4.0/psoc creator/import/gnu/arm/4.9.3/bin/../lib/gcc/arm-none-eabi/4.9.3/armv7-m\libgcc.a(_aeabi_ldivmod.o) (__gnu_ldivmod_helper)
c:/program files (x86)/cypress/psoc creator/4.0/psoc creator/import/gnu/arm/4.9.3/bin/../lib/gcc/arm-none-eabi/4.9.3/armv7-m\libgcc.a(_dvmd_tls.o)
                              c:/program files (x86)/cypress/psoc creator/4.0/psoc creator/import/gnu/arm/4.9.3/bin/../lib/gcc/arm-none-eabi/4.9.3/armv7-m\libgcc.a(_aeabi_ldivmod.o) (__aeabi_ldiv0)
c:/program files (x86)/cypress/psoc creator/4.0/psoc creator/import/gnu/arm/4.9.3/bin/../lib/gcc/arm-none-eabi/4.9.3/armv7-m\libgcc.a(_divdi3.o)
                              c:/program files (x86)/cypress/psoc creator/4.0/psoc creator/import/gnu/arm/4.9.3/bin/../lib/gcc/arm-none-eabi/4.9.3/armv7-m\libgcc.a(bpabi.o) (__divdi3)
c:/program files (x86)/cypress/psoc creator/4.0/psoc creator/import/gnu/arm/4.9.3/bin/../lib/gcc/arm-none-eabi/4.9.3/armv7-m\libgcc.a(_udivdi3.o)
[...]
Memory Configuration

Name             Origin             Length             Attributes
rom              0x00000000         0x00040000         xr
ram              0x1fff8000         0x00010000         xrw
*default*        0x00000000         0xffffffff

Linker script and memory map

LOAD c:/program files (x86)/cypress/psoc creator/4.0/psoc creator/import/gnu/arm/4.9.3/bin/../lib/gcc/arm-none-eabi/4.9.3/armv7-m/crti.o
LOAD c:/program files (x86)/cypress/psoc creator/4.0/psoc creator/import/gnu/arm/4.9.3/bin/../lib/gcc/arm-none-eabi/4.9.3/armv7-m/crtbegin.o
LOAD c:/program files (x86)/cypress/psoc creator/4.0/psoc creator/import/gnu/arm/4.9.3/bin/../lib/gcc/arm-none-eabi/4.9.3/../../../../arm-none-eabi/lib/armv7-m/crt0.o
START GROUP
LOAD .\CortexM3\ARM_GCC_493\Debug\main.o
LOAD .\CortexM3\ARM_GCC_493\Debug\cymetadata.o
LOAD .\CortexM3\ARM_GCC_493\Debug\Cm3Start.o
LOAD .\CortexM3\ARM_GCC_493\Debug\Bipolar.a
LOAD C:\Program Files (x86)\Cypress\PSoC Creator\4.0\PSoC Creator\psoc\content\cycomponentlibrary\CyComponentLibrary.cylib\CortexM3\ARM_GCC_493\Debug\CyComponentLibrary.a
END GROUP
START GROUP
LOAD c:/program files (x86)/cypress/psoc creator/4.0/psoc creator/import/gnu/arm/4.9.3/bin/../lib/gcc/arm-none-eabi/4.9.3/armv7-m\libgcc.a
LOAD c:/program files (x86)/cypress/psoc creator/4.0/psoc creator/import/gnu/arm/4.9.3/bin/../lib/gcc/arm-none-eabi/4.9.3/../../../../arm-none-eabi/lib/armv7-m\libg_nano.a
LOAD c:/program files (x86)/cypress/psoc creator/4.0/psoc creator/import/gnu/arm/4.9.3/bin/../lib/gcc/arm-none-eabi/4.9.3/../../../../arm-none-eabi/lib/armv7-m\libc_nano.a
END GROUP
START GROUP
LOAD c:/program files (x86)/cypress/psoc creator/4.0/psoc creator/import/gnu/arm/4.9.3/bin/../lib/gcc/arm-none-eabi/4.9.3/armv7-m\libgcc.a
LOAD c:/program files (x86)/cypress/psoc creator/4.0/psoc creator/import/gnu/arm/4.9.3/bin/../lib/gcc/arm-none-eabi/4.9.3/../../../../arm-none-eabi/lib/armv7-m\libc_nano.a
END GROUP
LOAD c:/program files (x86)/cypress/psoc creator/4.0/psoc creator/import/gnu/arm/4.9.3/bin/../lib/gcc/arm-none-eabi/4.9.3/armv7-m/crtend.o
LOAD c:/program files (x86)/cypress/psoc creator/4.0/psoc creator/import/gnu/arm/4.9.3/bin/../lib/gcc/arm-none-eabi/4.9.3/armv7-m/crtn.o
START GROUP
LOAD c:/program files (x86)/cypress/psoc creator/4.0/psoc creator/import/gnu/arm/4.9.3/bin/../lib/gcc/arm-none-eabi/4.9.3/armv7-m\libgcc.a
LOAD c:/program files (x86)/cypress/psoc creator/4.0/psoc creator/import/gnu/arm/4.9.3/bin/../lib/gcc/arm-none-eabi/4.9.3/../../../../arm-none-eabi/lib/armv7-m\libc.a
LOAD c:/program files (x86)/cypress/psoc creator/4.0/psoc creator/import/gnu/arm/4.9.3/bin/../lib/gcc/arm-none-eabi/4.9.3/../../../../arm-none-eabi/lib/armv7-m\libnosys.a
END GROUP
                0x00000000                CY_APPL_ORIGIN = 0x0
                0x00000100                CY_FLASH_ROW_SIZE = 0x100
                0x00000020                CY_ECC_ROW_SIZE = 0x20
                0x00000000                CY_EE_IN_BTLDR = 0x0
                0x00000000                CY_APPL_LOADABLE = 0x0
                0x00000800                CY_EE_SIZE = 0x800
                0x00000001                CY_APPL_NUM = 0x1
                0x00000001                CY_APPL_MAX = 0x1
                0x00000040                CY_METADATA_SIZE = 0x40
                0x00000000                CY_APPL_LOADABLE = 0x0
                0x00000000                CY_CHECKSUM_EXCLUDE_SIZE = ALIGN (0x0, CY_FLASH_ROW_SIZE)
                0x1fff81d8                PROVIDE (__cy_heap_start, _end)
                0x00000001                PROVIDE (__cy_region_num, ((__cy_regions_end - __cy_regions) / 0x10))
                0x20008000                PROVIDE (__cy_stack, (ORIGIN (ram) + 0x10000))
                0x20007800                PROVIDE (__cy_heap_end, (__cy_stack - 0x800))

.cybootloader   0x00000000        0x0
 *(.cybootloader)
                0x00000000                appl1_start = CY_APPL_ORIGIN?CY_APPL_ORIGIN:ALIGN (CY_FLASH_ROW_SIZE)
                0x0001ff00                appl2_start = (appl1_start + ALIGN ((((0x40000 - appl1_start) - (0x2 * CY_FLASH_ROW_SIZE)) / 0x2), CY_FLASH_ROW_SIZE))
                0x00000000                appl_start = (CY_APPL_NUM == 0x1)?appl1_start:appl2_start
                0x00000000                ecc_offset = ((appl_start / CY_FLASH_ROW_SIZE) * CY_ECC_ROW_SIZE)
                0x00000000                ee_offset = (CY_APPL_LOADABLE && ! (CY_EE_IN_BTLDR))?((CY_EE_SIZE / CY_APPL_MAX) * (CY_APPL_NUM - 0x1)):0x0
                0x00000800                ee_size = (CY_APPL_LOADABLE && ! (CY_EE_IN_BTLDR))?(CY_EE_SIZE / CY_APPL_MAX):CY_EE_SIZE
                0x00000000                PROVIDE (CY_ECC_OFFSET, ecc_offset)

.text           0x00000000      0xeee
 CREATE_OBJECT_SYMBOLS
                0x00000000                PROVIDE (__cy_interrupt_vector, RomVectors)
 *(.romvectors)
 .romvectors    0x00000000       0x10 .\CortexM3\ARM_GCC_493\Debug\Cm3Start.o
                0x00000000                RomVectors
                0x00000001                ASSERT ((. != __cy_interrupt_vector), No interrupt vector)
                0x00000001                ASSERT (CY_APPL_ORIGIN?(SIZEOF (.cybootloader) <= CY_APPL_ORIGIN):0x1, Wrong image location)
                0x00000010                PROVIDE (__cy_reset, Reset)
 *(.text.Reset)
 .text.Reset    0x00000010       0x18 .\CortexM3\ARM_GCC_493\Debug\Cm3Start.o
                0x00000010                Reset
                0x00000001                ASSERT ((. != __cy_reset), No reset code)
 *(.dma_init)
                0x00000001                ASSERT ((((appl_start + .) <= 0x10000) || 0x1), DMA Init must be within the first 64k of flash)
 *(.text .text.* .gnu.linkonce.t.*)
 .text          0x00000028       0x5c c:/program files (x86)/cypress/psoc creator/4.0/psoc creator/import/gnu/arm/4.9.3/bin/../lib/gcc/arm-none-eabi/4.9.3/armv7-m/crtbegin.o
 .text.isr_RxD  0x00000084        0xc .\CortexM3\ARM_GCC_493\Debug\main.o
                0x00000084                isr_RxD
 .text.updateStatus
                0x00000090       0x18 .\CortexM3\ARM_GCC_493\Debug\main.o
                0x00000090                updateStatus
 .text.main     0x000000a8       0xf8 .\CortexM3\ARM_GCC_493\Debug\main.o
                0x000000a8                main
 .text.IntDefaultHandler
                0x000001a0       0x10 .\CortexM3\ARM_GCC_493\Debug\Cm3Start.o
                0x000001a0                IntDefaultHandler
 .text.Start_c  0x000001b0       0x4c .\CortexM3\ARM_GCC_493\Debug\Cm3Start.o
                0x000001b0                Start_c
 .text.initialize_psoc
                0x000001fc       0x78 .\CortexM3\ARM_GCC_493\Debug\Cm3Start.o
                0x000001fc                initialize_psoc
 .text.CyClockStartupError
                0x00000274        0x4 .\CortexM3\ARM_GCC_493\Debug\Bipolar.a(cyfitter_cfg.o)
 .text.cfg_write_bytes32
                0x00000278       0x34 .\CortexM3\ARM_GCC_493\Debug\Bipolar.a(cyfitter_cfg.o)
 .text.CYMEMZERO
                0x000002ac        0xc .\CortexM3\ARM_GCC_493\Debug\Bipolar.a(cyfitter_cfg.o)
 .text.ClockSetup
                0x000002b8       0xd0 .\CortexM3\ARM_GCC_493\Debug\Bipolar.a(cyfitter_cfg.o)
 .text.AnalogSetDefault
                0x00000388       0x7c .\CortexM3\ARM_GCC_493\Debug\Bipolar.a(cyfitter_cfg.o)
 .text.CYCONFIGCPY
                0x00000404        0x8 .\CortexM3\ARM_GCC_493\Debug\Bipolar.a(cyfitter_cfg.o)
 .text.cyfitter_cfg
                0x0000040c      0x140 .\CortexM3\ARM_GCC_493\Debug\Bipolar.a(cyfitter_cfg.o)
                0x0000040c                cyfitter_cfg
 .text.Direction_1_Write
                0x0000054c       0x18 .\CortexM3\ARM_GCC_493\Debug\Bipolar.a(Direction_1.o)
                0x0000054c                Direction_1_Write
 .text.Enable_1_Write
                0x00000564       0x18 .\CortexM3\ARM_GCC_493\Debug\Bipolar.a(Enable_1.o)
                0x00000564                Enable_1_Write
 .text.PWM_1_Enable
                0x0000057c       0x10 .\CortexM3\ARM_GCC_493\Debug\Bipolar.a(PWM_1.o)
                0x0000057c                PWM_1_Enable
 .text.PWM_1_WriteCounter
                0x0000058c        0xc .\CortexM3\ARM_GCC_493\Debug\Bipolar.a(PWM_1.o)
                0x0000058c                PWM_1_WriteCounter
 .text.PWM_1_WritePeriod
                0x00000598        0xc .\CortexM3\ARM_GCC_493\Debug\Bipolar.a(PWM_1.o)
                0x00000598                PWM_1_WritePeriod
 .text.PWM_1_WriteCompare
                0x000005a4        0xc .\CortexM3\ARM_GCC_493\Debug\Bipolar.a(PWM_1.o)
                0x000005a4                PWM_1_WriteCompare
 .text.PWM_1_SetInterruptMode
                0x000005b0        0xc .\CortexM3\ARM_GCC_493\Debug\Bipolar.a(PWM_1.o)
                0x000005b0                PWM_1_SetInterruptMode
 .text.PWM_1_ReadStatusRegister
                0x000005bc        0xc .\CortexM3\ARM_GCC_493\Debug\Bipolar.a(PWM_1.o)
                0x000005bc                PWM_1_ReadStatusRegister
 .text.PWM_1_ReadCapture
                0x000005c8        0xc .\CortexM3\ARM_GCC_493\Debug\Bipolar.a(PWM_1.o)
                0x000005c8                PWM_1_ReadCapture
 .text.PWM_1_ClearFIFO
                0x000005d4       0x14 .\CortexM3\ARM_GCC_493\Debug\Bipolar.a(PWM_1.o)
                0x000005d4                PWM_1_ClearFIFO
 .text.PWM_1_Init
                0x000005e8       0x60 .\CortexM3\ARM_GCC_493\Debug\Bipolar.a(PWM_1.o)
                0x000005e8                PWM_1_Init
 .text.PWM_1_Start
                0x00000648       0x1c .\CortexM3\ARM_GCC_493\Debug\Bipolar.a(PWM_1.o)
                0x00000648                PWM_1_Start
 .text.isr_RxD_SetVector
                0x00000664        0xc .\CortexM3\ARM_GCC_493\Debug\Bipolar.a(isr_RxD.o)
                0x00000664                isr_RxD_SetVector
 .text.isr_RxD_SetPriority
                0x00000670       0x10 .\CortexM3\ARM_GCC_493\Debug\Bipolar.a(isr_RxD.o)
                0x00000670                isr_RxD_SetPriority
 .text.isr_RxD_Enable
                0x00000680        0xc .\CortexM3\ARM_GCC_493\Debug\Bipolar.a(isr_RxD.o)
                0x00000680                isr_RxD_Enable
 .text.isr_RxD_Disable
                0x0000068c        0xc .\CortexM3\ARM_GCC_493\Debug\Bipolar.a(isr_RxD.o)
                0x0000068c                isr_RxD_Disable
 .text.isr_RxD_StartEx
                0x00000698       0x1c .\CortexM3\ARM_GCC_493\Debug\Bipolar.a(isr_RxD.o)
                0x00000698                isr_RxD_StartEx
 .text.UART_1_Init
                0x000006b4       0x28 .\CortexM3\ARM_GCC_493\Debug\Bipolar.a(UART_1.o)
                0x000006b4                UART_1_Init
 .text.UART_1_Enable
                0x000006dc       0x38 .\CortexM3\ARM_GCC_493\Debug\Bipolar.a(UART_1.o)
                0x000006dc                UART_1_Enable
 .text.UART_1_Start
                0x00000714       0x1c .\CortexM3\ARM_GCC_493\Debug\Bipolar.a(UART_1.o)
                0x00000714                UART_1_Start
 .text.UART_1_WriteTxData
                0x00000730       0x14 .\CortexM3\ARM_GCC_493\Debug\Bipolar.a(UART_1.o)
                0x00000730                UART_1_WriteTxData
 .text.UART_1_ClearTxBuffer
                0x00000744       0x24 .\CortexM3\ARM_GCC_493\Debug\Bipolar.a(UART_1.o)
                0x00000744                UART_1_ClearTxBuffer
 .text.UART_1_IntClock_Start
                0x00000768       0x1c .\CortexM3\ARM_GCC_493\Debug\Bipolar.a(UART_1_IntClock.o)
                0x00000768                UART_1_IntClock_Start
 .text.CyDmacConfigure
                0x00000784       0x34 .\CortexM3\ARM_GCC_493\Debug\Bipolar.a(CyDmac.o)
                0x00000784                CyDmacConfigure
 .text.CyDmaChEnable
                0x000007b8       0x38 .\CortexM3\ARM_GCC_493\Debug\Bipolar.a(CyDmac.o)
                0x000007b8                CyDmaChEnable
 .text.CyDmaChDisable
                0x000007f0       0x24 .\CortexM3\ARM_GCC_493\Debug\Bipolar.a(CyDmac.o)
                0x000007f0                CyDmaChDisable
 .text.CyDmaClearPendingDrq
                0x00000814       0x28 .\CortexM3\ARM_GCC_493\Debug\Bipolar.a(CyDmac.o)
                0x00000814                CyDmaClearPendingDrq
 .text.CyDmaChPriority
                0x0000083c       0x24 .\CortexM3\ARM_GCC_493\Debug\Bipolar.a(CyDmac.o)
                0x0000083c                CyDmaChPriority
 .text.CyDmaChSetExtendedAddress
                0x00000860       0x34 .\CortexM3\ARM_GCC_493\Debug\Bipolar.a(CyDmac.o)
                0x00000860                CyDmaChSetExtendedAddress
 .text.CyDmaChSetInitialTd
                0x00000894       0x18 .\CortexM3\ARM_GCC_493\Debug\Bipolar.a(CyDmac.o)
                0x00000894                CyDmaChSetInitialTd
 .text.CyDmaChSetConfiguration
                0x000008ac       0x48 .\CortexM3\ARM_GCC_493\Debug\Bipolar.a(CyDmac.o)
                0x000008ac                CyDmaChSetConfiguration
 .text.CyDmaTdAllocate
                0x000008f4       0x34 .\CortexM3\ARM_GCC_493\Debug\Bipolar.a(CyDmac.o)
                0x000008f4                CyDmaTdAllocate
 .text.CyDmaTdFree
                0x00000928       0x30 .\CortexM3\ARM_GCC_493\Debug\Bipolar.a(CyDmac.o)
                0x00000928                CyDmaTdFree
 .text.CyDmaTdSetConfiguration
                0x00000958       0x28 .\CortexM3\ARM_GCC_493\Debug\Bipolar.a(CyDmac.o)
                0x00000958                CyDmaTdSetConfiguration
 .text.CyDmaTdSetAddress
                0x00000980       0x1c .\CortexM3\ARM_GCC_493\Debug\Bipolar.a(CyDmac.o)
                0x00000980                CyDmaTdSetAddress
 .text.CyHalt   0x0000099c        0x4 .\CortexM3\ARM_GCC_493\Debug\Bipolar.a(CyLib.o)
                0x0000099c                CyHalt
 .text.CyDelay  0x000009a0       0x2c .\CortexM3\ARM_GCC_493\Debug\Bipolar.a(CyLib.o)
                0x000009a0                CyDelay
 .text.CyDelayUs
                0x000009cc       0x14 .\CortexM3\ARM_GCC_493\Debug\Bipolar.a(CyLib.o)
                0x000009cc                CyDelayUs
 .text.ADC_SAR_Seq_Disable
                0x000009e0       0x3c .\CortexM3\ARM_GCC_493\Debug\Bipolar.a(ADC_SAR_Seq.o)
                0x000009e0                ADC_SAR_Seq_Disable
 .text.ADC_SAR_Seq_Init
                0x00000a1c       0x3c .\CortexM3\ARM_GCC_493\Debug\Bipolar.a(ADC_SAR_Seq.o)
                0x00000a1c                ADC_SAR_Seq_Init
 .text.ADC_SAR_Seq_Enable
                0x00000a58       0xcc .\CortexM3\ARM_GCC_493\Debug\Bipolar.a(ADC_SAR_Seq.o)
                0x00000a58                ADC_SAR_Seq_Enable
 .text.ADC_SAR_Seq_Start
                0x00000b24       0x28 .\CortexM3\ARM_GCC_493\Debug\Bipolar.a(ADC_SAR_Seq.o)
                0x00000b24                ADC_SAR_Seq_Start
 .text.ADC_SAR_Seq_Stop
                0x00000b4c        0xc .\CortexM3\ARM_GCC_493\Debug\Bipolar.a(ADC_SAR_Seq.o)
                0x00000b4c                ADC_SAR_Seq_Stop
 .text.ADC_SAR_Seq_StartConvert
                0x00000b58        0x8 .\CortexM3\ARM_GCC_493\Debug\Bipolar.a(ADC_SAR_Seq.o)
                0x00000b58                ADC_SAR_Seq_StartConvert
 .text.ADC_SAR_Seq_IsEndConversion
                0x00000b60       0x18 .\CortexM3\ARM_GCC_493\Debug\Bipolar.a(ADC_SAR_Seq.o)
                0x00000b60                ADC_SAR_Seq_IsEndConversion
 .text.ADC_SAR_Seq_GetResult16
                0x00000b78       0x1c .\CortexM3\ARM_GCC_493\Debug\Bipolar.a(ADC_SAR_Seq.o)
                0x00000b78                ADC_SAR_Seq_GetResult16
 .text.ADC_SAR_Seq_CountsTo_mVolts
                0x00000b94        0x8 .\CortexM3\ARM_GCC_493\Debug\Bipolar.a(ADC_SAR_Seq.o)
                0x00000b94                ADC_SAR_Seq_CountsTo_mVolts
 .text.ADC_SAR_Seq_ISR
                0x00000b9c        0x4 .\CortexM3\ARM_GCC_493\Debug\Bipolar.a(ADC_SAR_Seq_INT.o)
                0x00000b9c                ADC_SAR_Seq_ISR
 .text.ADC_SAR_Seq_SAR_CalcGain
                0x00000ba0       0x64 .\CortexM3\ARM_GCC_493\Debug\Bipolar.a(ADC_SAR_Seq_SAR.o)
 .text.ADC_SAR_Seq_SAR_Enable
                0x00000c04       0x78 .\CortexM3\ARM_GCC_493\Debug\Bipolar.a(ADC_SAR_Seq_SAR.o)
                0x00000c04                ADC_SAR_Seq_SAR_Enable
 .text.ADC_SAR_Seq_SAR_Stop
                0x00000c7c       0x34 .\CortexM3\ARM_GCC_493\Debug\Bipolar.a(ADC_SAR_Seq_SAR.o)
                0x00000c7c                ADC_SAR_Seq_SAR_Stop
 .text.ADC_SAR_Seq_SAR_SetResolution
                0x00000cb0       0x38 .\CortexM3\ARM_GCC_493\Debug\Bipolar.a(ADC_SAR_Seq_SAR.o)
                0x00000cb0                ADC_SAR_Seq_SAR_SetResolution
 .text.ADC_SAR_Seq_SAR_Init
                0x00000ce8       0x24 .\CortexM3\ARM_GCC_493\Debug\Bipolar.a(ADC_SAR_Seq_SAR.o)
                0x00000ce8                ADC_SAR_Seq_SAR_Init
 .text.ADC_SAR_Seq_SAR_Start
                0x00000d0c       0x1c .\CortexM3\ARM_GCC_493\Debug\Bipolar.a(ADC_SAR_Seq_SAR.o)
                0x00000d0c                ADC_SAR_Seq_SAR_Start
 .text.ADC_SAR_Seq_SAR_StartConvert
                0x00000d28       0x10 .\CortexM3\ARM_GCC_493\Debug\Bipolar.a(ADC_SAR_Seq_SAR.o)
                0x00000d28                ADC_SAR_Seq_SAR_StartConvert
 .text.ADC_SAR_Seq_SAR_CountsTo_mVolts
                0x00000d38       0x54 .\CortexM3\ARM_GCC_493\Debug\Bipolar.a(ADC_SAR_Seq_SAR.o)
                0x00000d38                ADC_SAR_Seq_SAR_CountsTo_mVolts
 .text.ADC_SAR_Seq_TempBuf_DmaInitialize
                0x00000d8c       0x40 .\CortexM3\ARM_GCC_493\Debug\Bipolar.a(ADC_SAR_Seq_TempBuf_dma.o)
                0x00000d8c                ADC_SAR_Seq_TempBuf_DmaInitialize
 .text.ADC_SAR_Seq_FinalBuf_DmaInitialize
                0x00000dcc       0x3c .\CortexM3\ARM_GCC_493\Debug\Bipolar.a(ADC_SAR_Seq_FinalBuf_dma.o)
                0x00000dcc                ADC_SAR_Seq_FinalBuf_DmaInitialize
 .text.ADC_SAR_Seq_IRQ_SetVector
                0x00000e08        0xc .\CortexM3\ARM_GCC_493\Debug\Bipolar.a(ADC_SAR_Seq_IRQ.o)
                0x00000e08                ADC_SAR_Seq_IRQ_SetVector
 .text.ADC_SAR_Seq_IRQ_SetPriority
                0x00000e14       0x10 .\CortexM3\ARM_GCC_493\Debug\Bipolar.a(ADC_SAR_Seq_IRQ.o)
                0x00000e14                ADC_SAR_Seq_IRQ_SetPriority
 .text.isr_x_home_Enable
                0x00000e24       0x10 .\CortexM3\ARM_GCC_493\Debug\Bipolar.a(isr_x_home.o)
                0x00000e24                isr_x_home_Enable
 .text.isr_x_home_GetState
                0x00000e34       0x18 .\CortexM3\ARM_GCC_493\Debug\Bipolar.a(isr_x_home.o)
                0x00000e34                isr_x_home_GetState
 *fill*         0x00000e4c        0x4 
 .text          0x00000e50       0x20 .\CortexM3\ARM_GCC_493\Debug\Bipolar.a(CyBootAsmGnu.o)
                0x00000e50                CyDelayCycles
                0x00000e60                CyEnterCriticalSection
                0x00000e68                CyExitCriticalSection
 .text.__errno  0x00000e70        0xc c:/program files (x86)/cypress/psoc creator/4.0/psoc creator/import/gnu/arm/4.9.3/bin/../lib/gcc/arm-none-eabi/4.9.3/../../../../arm-none-eabi/lib/armv7-m\libg_nano.a(lib_a-errno.o)
                0x00000e70                __errno
 .text.__libc_init_array
                0x00000e7c       0x4c c:/program files (x86)/cypress/psoc creator/4.0/psoc creator/import/gnu/arm/4.9.3/bin/../lib/gcc/arm-none-eabi/4.9.3/../../../../arm-none-eabi/lib/armv7-m\libg_nano.a(lib_a-init.o)
                0x00000e7c                __libc_init_array
 .text.memcpy   0x00000ec8       0x16 c:/program files (x86)/cypress/psoc creator/4.0/psoc creator/import/gnu/arm/4.9.3/bin/../lib/gcc/arm-none-eabi/4.9.3/../../../../arm-none-eabi/lib/armv7-m\libg_nano.a(lib_a-memcpy.o)
                0x00000ec8                memcpy
 .text.memset   0x00000ede       0x10 c:/program files (x86)/cypress/psoc creator/4.0/psoc creator/import/gnu/arm/4.9.3/bin/../lib/gcc/arm-none-eabi/4.9.3/../../../../arm-none-eabi/lib/armv7-m\libg_nano.a(lib_a-memset.o)
                0x00000ede                memset
 *(.plt)
 *(.gnu.warning)
 *(.glue_7t)
 .glue_7t       0x00000000        0x0 linker stubs
 *(.glue_7)
 .glue_7        0x00000000        0x0 linker stubs
 *(.vfp11_veneer)
 .vfp11_veneer  0x00000000        0x0 linker stubs
 *(.bootloader)
 *(.ARM.extab* .gnu.linkonce.armextab.*)
 *(.gcc_except_table)

.v4_bx          0x00000ef0        0x0
 .v4_bx         0x00000000        0x0 linker stubs

.iplt           0x00000ef0        0x0
 .iplt          0x00000000        0x0 c:/program files (x86)/cypress/psoc creator/4.0/psoc creator/import/gnu/arm/4.9.3/bin/../lib/gcc/arm-none-eabi/4.9.3/armv7-m/crtbegin.o

.eh_frame_hdr
 *(.eh_frame_hdr)

.eh_frame       0x00000ef0        0x4
 *(.eh_frame)
 .eh_frame      0x00000ef0        0x0 c:/program files (x86)/cypress/psoc creator/4.0/psoc creator/import/gnu/arm/4.9.3/bin/../lib/gcc/arm-none-eabi/4.9.3/armv7-m/crtbegin.o
 .eh_frame      0x00000ef0        0x4 c:/program files (x86)/cypress/psoc creator/4.0/psoc creator/import/gnu/arm/4.9.3/bin/../lib/gcc/arm-none-eabi/4.9.3/armv7-m/crtend.o
                0x00000ef4                PROVIDE (__exidx_start, .)

.ARM.exidx
 *(.ARM.exidx* .gnu.linkonce.armexidx.*)
                0x00000ef4                __exidx_end = .

.rodata         0x00000ef4       0x74
 *(.rodata .rodata.* .gnu.linkonce.r.*)
 .rodata        0x00000ef4       0x3c .\CortexM3\ARM_GCC_493\Debug\Bipolar.a(cyfitter_cfg.o)
 .rodata.str1.1
                0x00000f30        0x2 c:/program files (x86)/cypress/psoc creator/4.0/psoc creator/import/gnu/arm/4.9.3/bin/../lib/gcc/arm-none-eabi/4.9.3/../../../../arm-none-eabi/lib/armv7-m\libg_nano.a(lib_a-impure.o)
                0x00000f34                . = ALIGN (0x4)
 *fill*         0x00000f32        0x2 
 *(.init)
 .init          0x00000f34        0x4 c:/program files (x86)/cypress/psoc creator/4.0/psoc creator/import/gnu/arm/4.9.3/bin/../lib/gcc/arm-none-eabi/4.9.3/armv7-m/crti.o
                0x00000f34                _init
 .init          0x00000f38        0x8 c:/program files (x86)/cypress/psoc creator/4.0/psoc creator/import/gnu/arm/4.9.3/bin/../lib/gcc/arm-none-eabi/4.9.3/armv7-m/crtn.o
                0x00000f40                . = ALIGN (0x4)
                0x00000f40                __preinit_array_start = .
 *(.preinit_array)
                0x00000f40                __preinit_array_end = .
                0x00000f40                . = ALIGN (0x4)
                0x00000f40                __init_array_start = .
 *(SORT(.init_array.*))
 *(.init_array)
 .init_array    0x00000f40        0x4 c:/program files (x86)/cypress/psoc creator/4.0/psoc creator/import/gnu/arm/4.9.3/bin/../lib/gcc/arm-none-eabi/4.9.3/armv7-m/crtbegin.o
 .init_array    0x00000f44        0x4 .\CortexM3\ARM_GCC_493\Debug\Cm3Start.o
                0x00000f48                __init_array_end = .
                0x00000f48                . = ALIGN (0x4)
 *(.fini)
 .fini          0x00000f48        0x4 c:/program files (x86)/cypress/psoc creator/4.0/psoc creator/import/gnu/arm/4.9.3/bin/../lib/gcc/arm-none-eabi/4.9.3/armv7-m/crti.o
                0x00000f48                _fini
 .fini          0x00000f4c        0x8 c:/program files (x86)/cypress/psoc creator/4.0/psoc creator/import/gnu/arm/4.9.3/bin/../lib/gcc/arm-none-eabi/4.9.3/armv7-m/crtn.o
                0x00000f54                . = ALIGN (0x4)
                0x00000f54                __fini_array_start = .
 *(.fini_array)
 .fini_array    0x00000f54        0x4 c:/program files (x86)/cypress/psoc creator/4.0/psoc creator/import/gnu/arm/4.9.3/bin/../lib/gcc/arm-none-eabi/4.9.3/armv7-m/crtbegin.o
 *(SORT(.fini_array.*))
                0x00000f58                __fini_array_end = .
                0x00000f58                . = ALIGN (0x4)
 *crtbegin.o(.ctors)
 *(EXCLUDE_FILE(*crtend.o) .ctors)
 *(SORT(.ctors.*))
 *crtend.o(.ctors)
                0x00000f58                . = ALIGN (0x4)
 *crtbegin.o(.dtors)
 *(EXCLUDE_FILE(*crtend.o) .dtors)
 *(SORT(.dtors.*))
 *crtend.o(.dtors)
                0x00000f58                . = ALIGN (0x4)
                0x00000f58                __cy_regions = .
                0x00000f58        0x4 LONG 0xf68 __cy_region_init_ram
                0x00000f5c        0x4 LONG 0x1fff8108 __cy_region_start_data
                0x00000f60        0x4 LONG 0x88 __cy_region_init_size_ram
                0x00000f64        0x4 LONG 0x48 __cy_region_zero_size_ram
                0x00000f68                __cy_regions_end = .
                0x00000f68                . = ALIGN (0x8)
                0x00000f68                _etext = .

.cy_checksum_exclude
                0x00000f68        0x0
 *(.cy_checksum_exclude)

.ramvectors     0x1fff8000      0x100
                0x1fff8000                __cy_region_start_ram = .
 *(.ramvectors)
 .ramvectors    0x1fff8000      0x100 .\CortexM3\ARM_GCC_493\Debug\Cm3Start.o
                0x1fff8000                CyRamVectors

.noinit         0x1fff8100        0x5
 *(.noinit)
 .noinit        0x1fff8100        0x4 .\CortexM3\ARM_GCC_493\Debug\Cm3Start.o
 .noinit        0x1fff8104        0x1 .\CortexM3\ARM_GCC_493\Debug\Bipolar.a(CyLib.o)
                0x1fff8104                CyResetStatus

.data           0x1fff8108       0x88 load address 0x00000f68
                0x1fff8108                __cy_region_start_data = .
 *(.jcr)
 .jcr           0x1fff8108        0x0 c:/program files (x86)/cypress/psoc creator/4.0/psoc creator/import/gnu/arm/4.9.3/bin/../lib/gcc/arm-none-eabi/4.9.3/armv7-m/crtbegin.o
 .jcr           0x1fff8108        0x4 c:/program files (x86)/cypress/psoc creator/4.0/psoc creator/import/gnu/arm/4.9.3/bin/../lib/gcc/arm-none-eabi/4.9.3/armv7-m/crtend.o
 *(.got.plt)
 *(.got)
 *(.shdata)
 *(.data .data.* .gnu.linkonce.d.*)
 .data          0x1fff810c        0x8 .\CortexM3\ARM_GCC_493\Debug\Bipolar.a(CyDmac.o)
 .data          0x1fff8114       0x10 .\CortexM3\ARM_GCC_493\Debug\Bipolar.a(CyLib.o)
                0x1fff8114                cydelay_32k_ms
                0x1fff8118                cydelay_freq_khz
                0x1fff811c                cydelay_freq_mhz
                0x1fff8120                cydelay_freq_hz
 .data          0x1fff8124        0x2 .\CortexM3\ARM_GCC_493\Debug\Bipolar.a(ADC_SAR_Seq.o)
 .data          0x1fff8126        0x1 .\CortexM3\ARM_GCC_493\Debug\Bipolar.a(ADC_SAR_Seq_TempBuf_dma.o)
                0x1fff8126                ADC_SAR_Seq_TempBuf_DmaHandle
 .data          0x1fff8127        0x1 .\CortexM3\ARM_GCC_493\Debug\Bipolar.a(ADC_SAR_Seq_FinalBuf_dma.o)
                0x1fff8127                ADC_SAR_Seq_FinalBuf_DmaHandle
 .data.impure_data
                0x1fff8128       0x60 c:/program files (x86)/cypress/psoc creator/4.0/psoc creator/import/gnu/arm/4.9.3/bin/../lib/gcc/arm-none-eabi/4.9.3/../../../../arm-none-eabi/lib/armv7-m\libg_nano.a(lib_a-impure.o)
 .data._impure_ptr
                0x1fff8188        0x4 c:/program files (x86)/cypress/psoc creator/4.0/psoc creator/import/gnu/arm/4.9.3/bin/../lib/gcc/arm-none-eabi/4.9.3/../../../../arm-none-eabi/lib/armv7-m\libg_nano.a(lib_a-impure.o)
                0x1fff8188                _impure_ptr
                0x1fff8190                . = ALIGN (0x8)
 *fill*         0x1fff818c        0x4 
 *(.ram)
                0x1fff8190                _edata = .

.igot.plt       0x1fff8190        0x0 load address 0x00000ff0
 .igot.plt      0x00000000        0x0 c:/program files (x86)/cypress/psoc creator/4.0/psoc creator/import/gnu/arm/4.9.3/bin/../lib/gcc/arm-none-eabi/4.9.3/armv7-m/crtbegin.o

.bss            0x1fff8190       0x48 load address 0x00000ff0
                0x1fff8190                PROVIDE (__bss_start__, .)
 *(.shbss)
 *(.bss .bss.* .gnu.linkonce.b.*)
 .bss           0x1fff8190       0x1c c:/program files (x86)/cypress/psoc creator/4.0/psoc creator/import/gnu/arm/4.9.3/bin/../lib/gcc/arm-none-eabi/4.9.3/armv7-m/crtbegin.o
 .bss           0x1fff81ac        0x6 .\CortexM3\ARM_GCC_493\Debug\main.o
                0x1fff81ac                enabled
                0x1fff81ae                zStepCount
                0x1fff81b0                zStop
 .bss           0x1fff81b2        0x1 .\CortexM3\ARM_GCC_493\Debug\Bipolar.a(PWM_1.o)
                0x1fff81b2                PWM_1_initVar
 .bss           0x1fff81b3        0x2 .\CortexM3\ARM_GCC_493\Debug\Bipolar.a(UART_1.o)
                0x1fff81b3                UART_1_initVar
 *fill*         0x1fff81b5        0x3 
 .bss           0x1fff81b8        0xc .\CortexM3\ARM_GCC_493\Debug\Bipolar.a(ADC_SAR_Seq.o)
                0x1fff81c0                ADC_SAR_Seq_initVar
 .bss           0x1fff81c4        0x1 .\CortexM3\ARM_GCC_493\Debug\Bipolar.a(ADC_SAR_Seq_SAR.o)
                0x1fff81c4                ADC_SAR_Seq_SAR_initVar
 *(COMMON)
 COMMON         0x1fff81c5        0x2 .\CortexM3\ARM_GCC_493\Debug\main.o
                0x1fff81c5                zDirection
                0x1fff81c6                status
 *fill*         0x1fff81c7        0x1 
 COMMON         0x1fff81c8        0x2 .\CortexM3\ARM_GCC_493\Debug\Bipolar.a(ADC_SAR_Seq.o)
                0x1fff81c8                ADC_SAR_Seq_finalArray
 *fill*         0x1fff81ca        0x2 
 COMMON         0x1fff81cc        0xa .\CortexM3\ARM_GCC_493\Debug\Bipolar.a(ADC_SAR_Seq_SAR.o)
                0x1fff81cc                ADC_SAR_Seq_SAR_offset
                0x1fff81ce                ADC_SAR_Seq_SAR_countsPerVolt
                0x1fff81d0                ADC_SAR_Seq_SAR_countsPer10Volt
                0x1fff81d4                ADC_SAR_Seq_SAR_shift
                0x1fff81d8                . = ALIGN (0x8)
 *fill*         0x1fff81d6        0x2 
 *(.ram.b)
                0x1fff81d8                _end = .
                0x1fff81d8                __end = .
                0x1fff81d8                PROVIDE (end, .)
                0x1fff81d8                PROVIDE (__bss_end__, .)
                0x00000f68                __cy_region_init_ram = LOADADDR (.data)
                0x00000088                __cy_region_init_size_ram = (_edata - ADDR (.data))
                0x00000048                __cy_region_zero_size_ram = (_end - _edata)

.heap           0x1fff81d8       0x80 load address 0x00000ff0
                0x1fff81d8                . = _end
                0x1fff8258                . = (. + 0x80)
 *fill*         0x1fff81d8       0x80 
                0x1fff8258                __cy_heap_limit = .

.stack          0x20007800      0x800
                0x20007800                __cy_stack_limit = .
                0x20008000                . = (. + 0x800)
 *fill*         0x20007800      0x800 
                0x00000001                ASSERT ((__cy_stack_limit >= __cy_heap_limit), region RAM overflowed with stack)
                0x00000000                cy_checksum_exclude_size = (CY_APPL_LOADABLE == 0x1)?SIZEOF (.cy_checksum_exclude):0x0
                0x00000001                ASSERT ((cy_checksum_exclude_size <= CY_CHECKSUM_EXCLUDE_SIZE), CY_BOOT: Section .cy_checksum_exclude size exceedes specified limit.)

.cyloadermeta
 *(.cyloadermeta)

.cyloadablemeta
 *(.cyloadablemeta)

.cyconfigecc    0x80000000      0x86c
 *(.cyconfigecc)
 .cyconfigecc   0x80000000      0x86c .\CortexM3\ARM_GCC_493\Debug\cymetadata.o
                0x80000000                cy_meta_configecc

.cycustnvl      0x90000000        0x4
 *(.cycustnvl)
 .cycustnvl     0x90000000        0x4 .\CortexM3\ARM_GCC_493\Debug\cymetadata.o
                0x90000000                cy_meta_custnvl

.cywolatch      0x90100000        0x4
 *(.cywolatch)
 .cywolatch     0x90100000        0x4 .\CortexM3\ARM_GCC_493\Debug\cymetadata.o
                0x90100000                cy_meta_wonvl

.cyeeprom       0x90200000        0x0
 *(.cyeeprom)
                0x00000001                ASSERT ((. <= ((0x90200000 + ee_offset) + ee_size)), .cyeeprom data will not fit in EEPROM)

.cyflashprotect
                0x90400000      0x100
 *(.cyflashprotect)
 .cyflashprotect
                0x90400000      0x100 .\CortexM3\ARM_GCC_493\Debug\cymetadata.o
                0x90400000                cy_meta_flashprotect

.cymeta         0x90500000        0xc
 *(.cymeta)
 .cymeta        0x90500000        0xc .\CortexM3\ARM_GCC_493\Debug\cymetadata.o
                0x90500000                cy_metadata

.rel.dyn        0x00000ff0        0x0 load address 0x9050000c
 .rel.iplt      0x00000000        0x0 c:/program files (x86)/cypress/psoc creator/4.0/psoc creator/import/gnu/arm/4.9.3/bin/../lib/gcc/arm-none-eabi/4.9.3/armv7-m/crtbegin.o

.stab
 *(.stab)

.stabstr
 *(.stabstr)

.debug
 *(.debug)

.line
 *(.line)

.debug_srcinfo
 *(.debug_srcinfo)

.debug_sfnames
 *(.debug_sfnames)

.debug_aranges  0x00000000      0xbc0
 *(.debug_aranges)
 .debug_aranges
                0x00000000       0x40 .\CortexM3\ARM_GCC_493\Debug\main.o
 .debug_aranges
                0x00000040       0x18 .\CortexM3\ARM_GCC_493\Debug\cymetadata.o
 .debug_aranges
                0x00000058       0x48 .\CortexM3\ARM_GCC_493\Debug\Cm3Start.o
 .debug_aranges
                0x000000a0       0x58 .\CortexM3\ARM_GCC_493\Debug\Bipolar.a(cyfitter_cfg.o)
 .debug_aranges
                0x000000f8       0x38 .\CortexM3\ARM_GCC_493\Debug\Bipolar.a(Direction_1.o)
 .debug_aranges
                0x00000130       0x38 .\CortexM3\ARM_GCC_493\Debug\Bipolar.a(Enable_1.o)
 .debug_aranges
                0x00000168       0x98 .\CortexM3\ARM_GCC_493\Debug\Bipolar.a(PWM_1.o)
 .debug_aranges
                0x00000200       0x80 .\CortexM3\ARM_GCC_493\Debug\Bipolar.a(isr_RxD.o)
 .debug_aranges
                0x00000280       0xf0 .\CortexM3\ARM_GCC_493\Debug\Bipolar.a(UART_1.o)
 .debug_aranges
                0x00000370       0x70 .\CortexM3\ARM_GCC_493\Debug\Bipolar.a(UART_1_IntClock.o)
 .debug_aranges
                0x000003e0       0xd8 .\CortexM3\ARM_GCC_493\Debug\Bipolar.a(CyDmac.o)
 .debug_aranges
                0x000004b8      0x2a0 .\CortexM3\ARM_GCC_493\Debug\Bipolar.a(CyLib.o)
 .debug_aranges
                0x00000758       0x98 .\CortexM3\ARM_GCC_493\Debug\Bipolar.a(cyPm.o)
 .debug_aranges
                0x000007f0       0xa0 .\CortexM3\ARM_GCC_493\Debug\Bipolar.a(ADC_SAR_Seq.o)
 .debug_aranges
                0x00000890       0x20 .\CortexM3\ARM_GCC_493\Debug\Bipolar.a(ADC_SAR_Seq_INT.o)
 .debug_aranges
                0x000008b0       0xa8 .\CortexM3\ARM_GCC_493\Debug\Bipolar.a(ADC_SAR_Seq_SAR.o)
 .debug_aranges
                0x00000958       0x28 .\CortexM3\ARM_GCC_493\Debug\Bipolar.a(ADC_SAR_Seq_TempBuf_dma.o)
 .debug_aranges
                0x00000980       0x28 .\CortexM3\ARM_GCC_493\Debug\Bipolar.a(ADC_SAR_Seq_FinalBuf_dma.o)
 .debug_aranges
                0x000009a8       0x80 .\CortexM3\ARM_GCC_493\Debug\Bipolar.a(ADC_SAR_Seq_IRQ.o)
 .debug_aranges
                0x00000a28       0x80 .\CortexM3\ARM_GCC_493\Debug\Bipolar.a(isr_x_home.o)
 .debug_aranges
                0x00000aa8       0x20 .\CortexM3\ARM_GCC_493\Debug\Bipolar.a(CyBootAsmGnu.o)
 .debug_aranges
                0x00000ac8       0x80 .\CortexM3\ARM_GCC_493\Debug\Bipolar.a(CyFlash.o)
 .debug_aranges
                0x00000b48       0x78 .\CortexM3\ARM_GCC_493\Debug\Bipolar.a(CySpc.o)

.debug_pubnames
 *(.debug_pubnames)

.debug_info     0x00000000     0x6bcd
 *(.debug_info .gnu.linkonce.wi.*)
 .debug_info    0x00000000      0x592 .\CortexM3\ARM_GCC_493\Debug\main.o
 .debug_info    0x00000592      0x13f .\CortexM3\ARM_GCC_493\Debug\cymetadata.o
 .debug_info    0x000006d1      0x3c3 .\CortexM3\ARM_GCC_493\Debug\Cm3Start.o
 .debug_info    0x00000a94      0x645 .\CortexM3\ARM_GCC_493\Debug\Bipolar.a(cyfitter_cfg.o)
 .debug_info    0x000010d9      0x11f .\CortexM3\ARM_GCC_493\Debug\Bipolar.a(Direction_1.o)
 .debug_info    0x000011f8      0x121 .\CortexM3\ARM_GCC_493\Debug\Bipolar.a(Enable_1.o)
 .debug_info    0x00001319      0x34e .\CortexM3\ARM_GCC_493\Debug\Bipolar.a(PWM_1.o)
 .debug_info    0x00001667      0x2cb .\CortexM3\ARM_GCC_493\Debug\Bipolar.a(isr_RxD.o)
 .debug_info    0x00001932      0x603 .\CortexM3\ARM_GCC_493\Debug\Bipolar.a(UART_1.o)
 .debug_info    0x00001f35      0x283 .\CortexM3\ARM_GCC_493\Debug\Bipolar.a(UART_1_IntClock.o)
 .debug_info    0x000021b8      0x944 .\CortexM3\ARM_GCC_493\Debug\Bipolar.a(CyDmac.o)
 .debug_info    0x00002afc     0x1385 .\CortexM3\ARM_GCC_493\Debug\Bipolar.a(CyLib.o)
 .debug_info    0x00003e81      0xa57 .\CortexM3\ARM_GCC_493\Debug\Bipolar.a(cyPm.o)
 .debug_info    0x000048d8      0x7d5 .\CortexM3\ARM_GCC_493\Debug\Bipolar.a(ADC_SAR_Seq.o)
 .debug_info    0x000050ad       0x99 .\CortexM3\ARM_GCC_493\Debug\Bipolar.a(ADC_SAR_Seq_INT.o)
 .debug_info    0x00005146      0x549 .\CortexM3\ARM_GCC_493\Debug\Bipolar.a(ADC_SAR_Seq_SAR.o)
 .debug_info    0x0000568f      0x1fd .\CortexM3\ARM_GCC_493\Debug\Bipolar.a(ADC_SAR_Seq_TempBuf_dma.o)
 .debug_info    0x0000588c      0x1fd .\CortexM3\ARM_GCC_493\Debug\Bipolar.a(ADC_SAR_Seq_FinalBuf_dma.o)
 .debug_info    0x00005a89      0x2cb .\CortexM3\ARM_GCC_493\Debug\Bipolar.a(ADC_SAR_Seq_IRQ.o)
 .debug_info    0x00005d54      0x2cb .\CortexM3\ARM_GCC_493\Debug\Bipolar.a(isr_x_home.o)
 .debug_info    0x0000601f       0xbc .\CortexM3\ARM_GCC_493\Debug\Bipolar.a(CyBootAsmGnu.o)
 .debug_info    0x000060db      0x608 .\CortexM3\ARM_GCC_493\Debug\Bipolar.a(CyFlash.o)
 .debug_info    0x000066e3      0x4ea .\CortexM3\ARM_GCC_493\Debug\Bipolar.a(CySpc.o)

.debug_abbrev   0x00000000     0x1fa2
 *(.debug_abbrev)
 .debug_abbrev  0x00000000      0x1dc .\CortexM3\ARM_GCC_493\Debug\main.o
 .debug_abbrev  0x000001dc       0x77 .\CortexM3\ARM_GCC_493\Debug\cymetadata.o
 .debug_abbrev  0x00000253      0x1f7 .\CortexM3\ARM_GCC_493\Debug\Cm3Start.o
 .debug_abbrev  0x0000044a      0x212 .\CortexM3\ARM_GCC_493\Debug\Bipolar.a(cyfitter_cfg.o)
 .debug_abbrev  0x0000065c       0x90 .\CortexM3\ARM_GCC_493\Debug\Bipolar.a(Direction_1.o)
 .debug_abbrev  0x000006ec       0x90 .\CortexM3\ARM_GCC_493\Debug\Bipolar.a(Enable_1.o)
 .debug_abbrev  0x0000077c      0x14d .\CortexM3\ARM_GCC_493\Debug\Bipolar.a(PWM_1.o)
 .debug_abbrev  0x000008c9      0x173 .\CortexM3\ARM_GCC_493\Debug\Bipolar.a(isr_RxD.o)
 .debug_abbrev  0x00000a3c      0x1a2 .\CortexM3\ARM_GCC_493\Debug\Bipolar.a(UART_1.o)
 .debug_abbrev  0x00000bde      0x139 .\CortexM3\ARM_GCC_493\Debug\Bipolar.a(UART_1_IntClock.o)
 .debug_abbrev  0x00000d17      0x1cc .\CortexM3\ARM_GCC_493\Debug\Bipolar.a(CyDmac.o)
 .debug_abbrev  0x00000ee3      0x296 .\CortexM3\ARM_GCC_493\Debug\Bipolar.a(CyLib.o)
 .debug_abbrev  0x00001179      0x1ed .\CortexM3\ARM_GCC_493\Debug\Bipolar.a(cyPm.o)
 .debug_abbrev  0x00001366      0x1a3 .\CortexM3\ARM_GCC_493\Debug\Bipolar.a(ADC_SAR_Seq.o)
 .debug_abbrev  0x00001509       0x42 .\CortexM3\ARM_GCC_493\Debug\Bipolar.a(ADC_SAR_Seq_INT.o)
 .debug_abbrev  0x0000154b      0x1d9 .\CortexM3\ARM_GCC_493\Debug\Bipolar.a(ADC_SAR_Seq_SAR.o)
 .debug_abbrev  0x00001724       0xeb .\CortexM3\ARM_GCC_493\Debug\Bipolar.a(ADC_SAR_Seq_TempBuf_dma.o)
 .debug_abbrev  0x0000180f       0xeb .\CortexM3\ARM_GCC_493\Debug\Bipolar.a(ADC_SAR_Seq_FinalBuf_dma.o)
 .debug_abbrev  0x000018fa      0x173 .\CortexM3\ARM_GCC_493\Debug\Bipolar.a(ADC_SAR_Seq_IRQ.o)
 .debug_abbrev  0x00001a6d      0x173 .\CortexM3\ARM_GCC_493\Debug\Bipolar.a(isr_x_home.o)
 .debug_abbrev  0x00001be0       0x14 .\CortexM3\ARM_GCC_493\Debug\Bipolar.a(CyBootAsmGnu.o)
 .debug_abbrev  0x00001bf4      0x1ed .\CortexM3\ARM_GCC_493\Debug\Bipolar.a(CyFlash.o)
 .debug_abbrev  0x00001de1      0x1c1 .\CortexM3\ARM_GCC_493\Debug\Bipolar.a(CySpc.o)

.debug_line     0x00000000     0x2a70
 *(.debug_line)
 .debug_line    0x00000000      0x287 .\CortexM3\ARM_GCC_493\Debug\main.o
 .debug_line    0x00000287       0x51 .\CortexM3\ARM_GCC_493\Debug\cymetadata.o
 .debug_line    0x000002d8      0x25a .\CortexM3\ARM_GCC_493\Debug\Cm3Start.o
 .debug_line    0x00000532      0x20c .\CortexM3\ARM_GCC_493\Debug\Bipolar.a(cyfitter_cfg.o)
 .debug_line    0x0000073e       0x98 .\CortexM3\ARM_GCC_493\Debug\Bipolar.a(Direction_1.o)
 .debug_line    0x000007d6       0x95 .\CortexM3\ARM_GCC_493\Debug\Bipolar.a(Enable_1.o)
 .debug_line    0x0000086b      0x188 .\CortexM3\ARM_GCC_493\Debug\Bipolar.a(PWM_1.o)
 .debug_line    0x000009f3      0x134 .\CortexM3\ARM_GCC_493\Debug\Bipolar.a(isr_RxD.o)
 .debug_line    0x00000b27      0x2c0 .\CortexM3\ARM_GCC_493\Debug\Bipolar.a(UART_1.o)
 .debug_line    0x00000de7      0x17e .\CortexM3\ARM_GCC_493\Debug\Bipolar.a(UART_1_IntClock.o)
 .debug_line    0x00000f65      0x2e3 .\CortexM3\ARM_GCC_493\Debug\Bipolar.a(CyDmac.o)
 .debug_line    0x00001248      0x816 .\CortexM3\ARM_GCC_493\Debug\Bipolar.a(CyLib.o)
 .debug_line    0x00001a5e      0x364 .\CortexM3\ARM_GCC_493\Debug\Bipolar.a(cyPm.o)
 .debug_line    0x00001dc2      0x22a .\CortexM3\ARM_GCC_493\Debug\Bipolar.a(ADC_SAR_Seq.o)
 .debug_line    0x00001fec       0x58 .\CortexM3\ARM_GCC_493\Debug\Bipolar.a(ADC_SAR_Seq_INT.o)
 .debug_line    0x00002044      0x20c .\CortexM3\ARM_GCC_493\Debug\Bipolar.a(ADC_SAR_Seq_SAR.o)
 .debug_line    0x00002250       0x90 .\CortexM3\ARM_GCC_493\Debug\Bipolar.a(ADC_SAR_Seq_TempBuf_dma.o)
 .debug_line    0x000022e0       0x91 .\CortexM3\ARM_GCC_493\Debug\Bipolar.a(ADC_SAR_Seq_FinalBuf_dma.o)
 .debug_line    0x00002371      0x13c .\CortexM3\ARM_GCC_493\Debug\Bipolar.a(ADC_SAR_Seq_IRQ.o)
 .debug_line    0x000024ad      0x137 .\CortexM3\ARM_GCC_493\Debug\Bipolar.a(isr_x_home.o)
 .debug_line    0x000025e4       0x66 .\CortexM3\ARM_GCC_493\Debug\Bipolar.a(CyBootAsmGnu.o)
 .debug_line    0x0000264a      0x1ea .\CortexM3\ARM_GCC_493\Debug\Bipolar.a(CyFlash.o)
 .debug_line    0x00002834      0x23c .\CortexM3\ARM_GCC_493\Debug\Bipolar.a(CySpc.o)

.debug_frame    0x00000000     0x1e38
 *(.debug_frame)
 .debug_frame   0x00000000       0x94 .\CortexM3\ARM_GCC_493\Debug\main.o
 .debug_frame   0x00000094       0xb8 .\CortexM3\ARM_GCC_493\Debug\Cm3Start.o
 .debug_frame   0x0000014c       0xfc .\CortexM3\ARM_GCC_493\Debug\Bipolar.a(cyfitter_cfg.o)
 .debug_frame   0x00000248       0x50 .\CortexM3\ARM_GCC_493\Debug\Bipolar.a(Direction_1.o)
 .debug_frame   0x00000298       0x50 .\CortexM3\ARM_GCC_493\Debug\Bipolar.a(Enable_1.o)
 .debug_frame   0x000002e8      0x134 .\CortexM3\ARM_GCC_493\Debug\Bipolar.a(PWM_1.o)
 .debug_frame   0x0000041c      0x104 .\CortexM3\ARM_GCC_493\Debug\Bipolar.a(isr_RxD.o)
 .debug_frame   0x00000520      0x250 .\CortexM3\ARM_GCC_493\Debug\Bipolar.a(UART_1.o)
 .debug_frame   0x00000770       0xe0 .\CortexM3\ARM_GCC_493\Debug\Bipolar.a(UART_1_IntClock.o)
 .debug_frame   0x00000850      0x1f4 .\CortexM3\ARM_GCC_493\Debug\Bipolar.a(CyDmac.o)
 .debug_frame   0x00000a44      0x738 .\CortexM3\ARM_GCC_493\Debug\Bipolar.a(CyLib.o)
 .debug_frame   0x0000117c      0x1f8 .\CortexM3\ARM_GCC_493\Debug\Bipolar.a(cyPm.o)
 .debug_frame   0x00001374      0x1dc .\CortexM3\ARM_GCC_493\Debug\Bipolar.a(ADC_SAR_Seq.o)
 .debug_frame   0x00001550       0x20 .\CortexM3\ARM_GCC_493\Debug\Bipolar.a(ADC_SAR_Seq_INT.o)
 .debug_frame   0x00001570      0x1a4 .\CortexM3\ARM_GCC_493\Debug\Bipolar.a(ADC_SAR_Seq_SAR.o)
 .debug_frame   0x00001714       0x54 .\CortexM3\ARM_GCC_493\Debug\Bipolar.a(ADC_SAR_Seq_TempBuf_dma.o)
 .debug_frame   0x00001768       0x54 .\CortexM3\ARM_GCC_493\Debug\Bipolar.a(ADC_SAR_Seq_FinalBuf_dma.o)
 .debug_frame   0x000017bc      0x104 .\CortexM3\ARM_GCC_493\Debug\Bipolar.a(ADC_SAR_Seq_IRQ.o)
 .debug_frame   0x000018c0      0x104 .\CortexM3\ARM_GCC_493\Debug\Bipolar.a(isr_x_home.o)
 .debug_frame   0x000019c4      0x174 .\CortexM3\ARM_GCC_493\Debug\Bipolar.a(CyFlash.o)
 .debug_frame   0x00001b38      0x160 .\CortexM3\ARM_GCC_493\Debug\Bipolar.a(CySpc.o)
 .debug_frame   0x00001c98       0x28 c:/program files (x86)/cypress/psoc creator/4.0/psoc creator/import/gnu/arm/4.9.3/bin/../lib/gcc/arm-none-eabi/4.9.3/armv7-m\libgcc.a(_aeabi_ldivmod.o)
 .debug_frame   0x00001cc0       0x54 c:/program files (x86)/cypress/psoc creator/4.0/psoc creator/import/gnu/arm/4.9.3/bin/../lib/gcc/arm-none-eabi/4.9.3/armv7-m\libgcc.a(bpabi.o)
 .debug_frame   0x00001d14       0x34 c:/program files (x86)/cypress/psoc creator/4.0/psoc creator/import/gnu/arm/4.9.3/bin/../lib/gcc/arm-none-eabi/4.9.3/armv7-m\libgcc.a(_divdi3.o)
 .debug_frame   0x00001d48       0x34 c:/program files (x86)/cypress/psoc creator/4.0/psoc creator/import/gnu/arm/4.9.3/bin/../lib/gcc/arm-none-eabi/4.9.3/armv7-m\libgcc.a(_udivdi3.o)
 .debug_frame   0x00001d7c       0x20 c:/program files (x86)/cypress/psoc creator/4.0/psoc creator/import/gnu/arm/4.9.3/bin/../lib/gcc/arm-none-eabi/4.9.3/../../../../arm-none-eabi/lib/armv7-m\libg_nano.a(lib_a-errno.o)
 .debug_frame   0x00001d9c       0x28 c:/program files (x86)/cypress/psoc creator/4.0/psoc creator/import/gnu/arm/4.9.3/bin/../lib/gcc/arm-none-eabi/4.9.3/../../../../arm-none-eabi/lib/armv7-m\libg_nano.a(lib_a-exit.o)
 .debug_frame   0x00001dc4       0x2c c:/program files (x86)/cypress/psoc creator/4.0/psoc creator/import/gnu/arm/4.9.3/bin/../lib/gcc/arm-none-eabi/4.9.3/../../../../arm-none-eabi/lib/armv7-m\libg_nano.a(lib_a-init.o)
 .debug_frame   0x00001df0       0x28 c:/program files (x86)/cypress/psoc creator/4.0/psoc creator/import/gnu/arm/4.9.3/bin/../lib/gcc/arm-none-eabi/4.9.3/../../../../arm-none-eabi/lib/armv7-m\libg_nano.a(lib_a-memcpy.o)
 .debug_frame   0x00001e18       0x20 c:/program files (x86)/cypress/psoc creator/4.0/psoc creator/import/gnu/arm/4.9.3/bin/../lib/gcc/arm-none-eabi/4.9.3/../../../../arm-none-eabi/lib/armv7-m\libg_nano.a(lib_a-memset.o)

.debug_str      0x00000000     0x2856
 *(.debug_str)
 .debug_str     0x00000000      0x3c0 .\CortexM3\ARM_GCC_493\Debug\main.o
                                0x419 (size before relaxing)
 .debug_str     0x000003c0       0x75 .\CortexM3\ARM_GCC_493\Debug\cymetadata.o
                                0x216 (size before relaxing)
 .debug_str     0x00000435      0x166 .\CortexM3\ARM_GCC_493\Debug\Cm3Start.o
                                0x33a (size before relaxing)
 .debug_str     0x0000059b      0x184 .\CortexM3\ARM_GCC_493\Debug\Bipolar.a(cyfitter_cfg.o)
                                0x36e (size before relaxing)
 .debug_str     0x0000071f       0x77 .\CortexM3\ARM_GCC_493\Debug\Bipolar.a(Direction_1.o)
                                0x22c (size before relaxing)
 .debug_str     0x00000796       0x5b .\CortexM3\ARM_GCC_493\Debug\Bipolar.a(Enable_1.o)
                                0x21d (size before relaxing)
 .debug_str     0x000007f1      0x1bf .\CortexM3\ARM_GCC_493\Debug\Bipolar.a(PWM_1.o)
                                0x37e (size before relaxing)
 .debug_str     0x000009b0      0x10a .\CortexM3\ARM_GCC_493\Debug\Bipolar.a(isr_RxD.o)
                                0x2e2 (size before relaxing)
 .debug_str     0x00000aba      0x2a8 .\CortexM3\ARM_GCC_493\Debug\Bipolar.a(UART_1.o)
                                0x4d3 (size before relaxing)
 .debug_str     0x00000d62      0x19d .\CortexM3\ARM_GCC_493\Debug\Bipolar.a(UART_1_IntClock.o)
                                0x37a (size before relaxing)
 .debug_str     0x00000eff      0x347 .\CortexM3\ARM_GCC_493\Debug\Bipolar.a(CyDmac.o)
                                0x56a (size before relaxing)
 .debug_str     0x00001246      0x7cd .\CortexM3\ARM_GCC_493\Debug\Bipolar.a(CyLib.o)
                                0xa67 (size before relaxing)
 .debug_str     0x00001a13      0x359 .\CortexM3\ARM_GCC_493\Debug\Bipolar.a(cyPm.o)
                                0x747 (size before relaxing)
 .debug_str     0x00001d6c      0x3be .\CortexM3\ARM_GCC_493\Debug\Bipolar.a(ADC_SAR_Seq.o)
                                0x706 (size before relaxing)
 .debug_str     0x0000212a       0x39 .\CortexM3\ARM_GCC_493\Debug\Bipolar.a(ADC_SAR_Seq_INT.o)
                                0x1d4 (size before relaxing)
 .debug_str     0x00002163      0x14f .\CortexM3\ARM_GCC_493\Debug\Bipolar.a(ADC_SAR_Seq_SAR.o)
                                0x51e (size before relaxing)
 .debug_str     0x000022b2       0xa9 .\CortexM3\ARM_GCC_493\Debug\Bipolar.a(ADC_SAR_Seq_TempBuf_dma.o)
                                0x2cd (size before relaxing)
 .debug_str     0x0000235b       0x71 .\CortexM3\ARM_GCC_493\Debug\Bipolar.a(ADC_SAR_Seq_FinalBuf_dma.o)
                                0x2d1 (size before relaxing)
 .debug_str     0x000023cc      0x13c .\CortexM3\ARM_GCC_493\Debug\Bipolar.a(ADC_SAR_Seq_IRQ.o)
                                0x352 (size before relaxing)
 .debug_str     0x00002508      0x106 .\CortexM3\ARM_GCC_493\Debug\Bipolar.a(isr_x_home.o)
                                0x30c (size before relaxing)
 .debug_str     0x0000260e      0x19c .\CortexM3\ARM_GCC_493\Debug\Bipolar.a(CyFlash.o)
                                0x3c1 (size before relaxing)
 .debug_str     0x000027aa       0xac .\CortexM3\ARM_GCC_493\Debug\Bipolar.a(CySpc.o)
                                0x34a (size before relaxing)

.debug_loc      0x00000000     0x2f23
 *(.debug_loc)
 .debug_loc     0x00000000       0xa4 .\CortexM3\ARM_GCC_493\Debug\main.o
 .debug_loc     0x000000a4      0x144 .\CortexM3\ARM_GCC_493\Debug\Cm3Start.o
 .debug_loc     0x000001e8      0x280 .\CortexM3\ARM_GCC_493\Debug\Bipolar.a(cyfitter_cfg.o)
 .debug_loc     0x00000468       0x42 .\CortexM3\ARM_GCC_493\Debug\Bipolar.a(Direction_1.o)
 .debug_loc     0x000004aa       0x55 .\CortexM3\ARM_GCC_493\Debug\Bipolar.a(Enable_1.o)
 .debug_loc     0x000004ff       0x26 .\CortexM3\ARM_GCC_493\Debug\Bipolar.a(PWM_1.o)
 .debug_loc     0x00000525       0x56 .\CortexM3\ARM_GCC_493\Debug\Bipolar.a(isr_RxD.o)
 .debug_loc     0x0000057b      0x258 .\CortexM3\ARM_GCC_493\Debug\Bipolar.a(UART_1.o)
 .debug_loc     0x000007d3      0x128 .\CortexM3\ARM_GCC_493\Debug\Bipolar.a(UART_1_IntClock.o)
 .debug_loc     0x000008fb      0xb83 .\CortexM3\ARM_GCC_493\Debug\Bipolar.a(CyDmac.o)
 .debug_loc     0x0000147e      0xa11 .\CortexM3\ARM_GCC_493\Debug\Bipolar.a(CyLib.o)
 .debug_loc     0x00001e8f      0x1e4 .\CortexM3\ARM_GCC_493\Debug\Bipolar.a(cyPm.o)
 .debug_loc     0x00002073      0x13c .\CortexM3\ARM_GCC_493\Debug\Bipolar.a(ADC_SAR_Seq.o)
 .debug_loc     0x000021af      0x273 .\CortexM3\ARM_GCC_493\Debug\Bipolar.a(ADC_SAR_Seq_SAR.o)
 .debug_loc     0x00002422       0x84 .\CortexM3\ARM_GCC_493\Debug\Bipolar.a(ADC_SAR_Seq_TempBuf_dma.o)
 .debug_loc     0x000024a6       0x84 .\CortexM3\ARM_GCC_493\Debug\Bipolar.a(ADC_SAR_Seq_FinalBuf_dma.o)
 .debug_loc     0x0000252a       0x56 .\CortexM3\ARM_GCC_493\Debug\Bipolar.a(ADC_SAR_Seq_IRQ.o)
 .debug_loc     0x00002580       0x56 .\CortexM3\ARM_GCC_493\Debug\Bipolar.a(isr_x_home.o)
 .debug_loc     0x000025d6      0x300 .\CortexM3\ARM_GCC_493\Debug\Bipolar.a(CyFlash.o)
 .debug_loc     0x000028d6      0x64d .\CortexM3\ARM_GCC_493\Debug\Bipolar.a(CySpc.o)

.debug_macinfo
 *(.debug_macinfo)

.debug_ranges   0x00000000      0xa38
 *(.debug_ranges)
 .debug_ranges  0x00000000       0x30 .\CortexM3\ARM_GCC_493\Debug\main.o
 .debug_ranges  0x00000030       0x38 .\CortexM3\ARM_GCC_493\Debug\Cm3Start.o
 .debug_ranges  0x00000068       0x48 .\CortexM3\ARM_GCC_493\Debug\Bipolar.a(cyfitter_cfg.o)
 .debug_ranges  0x000000b0       0x28 .\CortexM3\ARM_GCC_493\Debug\Bipolar.a(Direction_1.o)
 .debug_ranges  0x000000d8       0x28 .\CortexM3\ARM_GCC_493\Debug\Bipolar.a(Enable_1.o)
 .debug_ranges  0x00000100       0x88 .\CortexM3\ARM_GCC_493\Debug\Bipolar.a(PWM_1.o)
 .debug_ranges  0x00000188       0x70 .\CortexM3\ARM_GCC_493\Debug\Bipolar.a(isr_RxD.o)
 .debug_ranges  0x000001f8       0xe0 .\CortexM3\ARM_GCC_493\Debug\Bipolar.a(UART_1.o)
 .debug_ranges  0x000002d8       0x60 .\CortexM3\ARM_GCC_493\Debug\Bipolar.a(UART_1_IntClock.o)
 .debug_ranges  0x00000338       0xc8 .\CortexM3\ARM_GCC_493\Debug\Bipolar.a(CyDmac.o)
 .debug_ranges  0x00000400      0x290 .\CortexM3\ARM_GCC_493\Debug\Bipolar.a(CyLib.o)
 .debug_ranges  0x00000690       0x88 .\CortexM3\ARM_GCC_493\Debug\Bipolar.a(cyPm.o)
 .debug_ranges  0x00000718       0x90 .\CortexM3\ARM_GCC_493\Debug\Bipolar.a(ADC_SAR_Seq.o)
 .debug_ranges  0x000007a8       0x10 .\CortexM3\ARM_GCC_493\Debug\Bipolar.a(ADC_SAR_Seq_INT.o)
 .debug_ranges  0x000007b8       0x98 .\CortexM3\ARM_GCC_493\Debug\Bipolar.a(ADC_SAR_Seq_SAR.o)
 .debug_ranges  0x00000850       0x18 .\CortexM3\ARM_GCC_493\Debug\Bipolar.a(ADC_SAR_Seq_TempBuf_dma.o)
 .debug_ranges  0x00000868       0x18 .\CortexM3\ARM_GCC_493\Debug\Bipolar.a(ADC_SAR_Seq_FinalBuf_dma.o)
 .debug_ranges  0x00000880       0x70 .\CortexM3\ARM_GCC_493\Debug\Bipolar.a(ADC_SAR_Seq_IRQ.o)
 .debug_ranges  0x000008f0       0x70 .\CortexM3\ARM_GCC_493\Debug\Bipolar.a(isr_x_home.o)
 .debug_ranges  0x00000960       0x70 .\CortexM3\ARM_GCC_493\Debug\Bipolar.a(CyFlash.o)
 .debug_ranges  0x000009d0       0x68 .\CortexM3\ARM_GCC_493\Debug\Bipolar.a(CySpc.o)

.comment        0x00000000       0x70
 .comment       0x00000000       0x70 .\CortexM3\ARM_GCC_493\Debug\main.o
                                 0x71 (size before relaxing)
 .comment       0x00000000       0x71 .\CortexM3\ARM_GCC_493\Debug\cymetadata.o
 .comment       0x00000000       0x71 .\CortexM3\ARM_GCC_493\Debug\Cm3Start.o
 .comment       0x00000000       0x71 .\CortexM3\ARM_GCC_493\Debug\Bipolar.a(cyfitter_cfg.o)
 .comment       0x00000000       0x71 .\CortexM3\ARM_GCC_493\Debug\Bipolar.a(Direction_1.o)
 .comment       0x00000000       0x71 .\CortexM3\ARM_GCC_493\Debug\Bipolar.a(Enable_1.o)
 .comment       0x00000000       0x71 .\CortexM3\ARM_GCC_493\Debug\Bipolar.a(PWM_1.o)
 .comment       0x00000000       0x71 .\CortexM3\ARM_GCC_493\Debug\Bipolar.a(isr_RxD.o)
 .comment       0x00000000       0x71 .\CortexM3\ARM_GCC_493\Debug\Bipolar.a(UART_1.o)
 .comment       0x00000000       0x71 .\CortexM3\ARM_GCC_493\Debug\Bipolar.a(UART_1_IntClock.o)
 .comment       0x00000000       0x71 .\CortexM3\ARM_GCC_493\Debug\Bipolar.a(CyDmac.o)
 .comment       0x00000000       0x71 .\CortexM3\ARM_GCC_493\Debug\Bipolar.a(CyLib.o)
 .comment       0x00000000       0x71 .\CortexM3\ARM_GCC_493\Debug\Bipolar.a(cyPm.o)
 .comment       0x00000000       0x71 .\CortexM3\ARM_GCC_493\Debug\Bipolar.a(ADC_SAR_Seq.o)
 .comment       0x00000000       0x71 .\CortexM3\ARM_GCC_493\Debug\Bipolar.a(ADC_SAR_Seq_INT.o)
 .comment       0x00000000       0x71 .\CortexM3\ARM_GCC_493\Debug\Bipolar.a(ADC_SAR_Seq_SAR.o)
 .comment       0x00000000       0x71 .\CortexM3\ARM_GCC_493\Debug\Bipolar.a(ADC_SAR_Seq_TempBuf_dma.o)
 .comment       0x00000000       0x71 .\CortexM3\ARM_GCC_493\Debug\Bipolar.a(ADC_SAR_Seq_FinalBuf_dma.o)
 .comment       0x00000000       0x71 .\CortexM3\ARM_GCC_493\Debug\Bipolar.a(ADC_SAR_Seq_IRQ.o)
 .comment       0x00000000       0x71 .\CortexM3\ARM_GCC_493\Debug\Bipolar.a(isr_x_home.o)
 .comment       0x00000000       0x71 .\CortexM3\ARM_GCC_493\Debug\Bipolar.a(CyFlash.o)
 .comment       0x00000000       0x71 .\CortexM3\ARM_GCC_493\Debug\Bipolar.a(CySpc.o)

.debug_weaknames
 *(.debug_weaknames)

.debug_funcnames
 *(.debug_funcnames)

.debug_typenames
 *(.debug_typenames)

.debug_varnames
 *(.debug_varnames)

.note.gnu.arm.ident
 *(.note.gnu.arm.ident)

.ARM.attributes
                0x00000000       0x29
 *(.ARM.attributes)
 .ARM.attributes
                0x00000000       0x1d c:/program files (x86)/cypress/psoc creator/4.0/psoc creator/import/gnu/arm/4.9.3/bin/../lib/gcc/arm-none-eabi/4.9.3/armv7-m/crti.o
 .ARM.attributes
                0x0000001d       0x2d c:/program files (x86)/cypress/psoc creator/4.0/psoc creator/import/gnu/arm/4.9.3/bin/../lib/gcc/arm-none-eabi/4.9.3/armv7-m/crtbegin.o
 .ARM.attributes
                0x0000004a       0x1b c:/program files (x86)/cypress/psoc creator/4.0/psoc creator/import/gnu/arm/4.9.3/bin/../lib/gcc/arm-none-eabi/4.9.3/../../../../arm-none-eabi/lib/armv7-m/crt0.o
 .ARM.attributes
                0x00000065       0x33 .\CortexM3\ARM_GCC_493\Debug\main.o
 .ARM.attributes
                0x00000098       0x33 .\CortexM3\ARM_GCC_493\Debug\cymetadata.o
 .ARM.attributes
                0x000000cb       0x33 .\CortexM3\ARM_GCC_493\Debug\Cm3Start.o
 .ARM.attributes
                0x000000fe       0x33 .\CortexM3\ARM_GCC_493\Debug\Bipolar.a(cyfitter_cfg.o)
 .ARM.attributes
                0x00000131       0x33 .\CortexM3\ARM_GCC_493\Debug\Bipolar.a(Direction_1.o)
 .ARM.attributes
                0x00000164       0x33 .\CortexM3\ARM_GCC_493\Debug\Bipolar.a(Enable_1.o)
 .ARM.attributes
                0x00000197       0x33 .\CortexM3\ARM_GCC_493\Debug\Bipolar.a(PWM_1.o)
 .ARM.attributes
                0x000001ca       0x33 .\CortexM3\ARM_GCC_493\Debug\Bipolar.a(isr_RxD.o)
 .ARM.attributes
                0x000001fd       0x33 .\CortexM3\ARM_GCC_493\Debug\Bipolar.a(UART_1.o)
 .ARM.attributes
                0x00000230       0x33 .\CortexM3\ARM_GCC_493\Debug\Bipolar.a(UART_1_IntClock.o)
 .ARM.attributes
                0x00000263       0x33 .\CortexM3\ARM_GCC_493\Debug\Bipolar.a(CyDmac.o)
 .ARM.attributes
                0x00000296       0x33 .\CortexM3\ARM_GCC_493\Debug\Bipolar.a(CyLib.o)
 .ARM.attributes
                0x000002c9       0x33 .\CortexM3\ARM_GCC_493\Debug\Bipolar.a(cyPm.o)
 .ARM.attributes
                0x000002fc       0x33 .\CortexM3\ARM_GCC_493\Debug\Bipolar.a(ADC_SAR_Seq.o)
 .ARM.attributes
                0x0000032f       0x33 .\CortexM3\ARM_GCC_493\Debug\Bipolar.a(ADC_SAR_Seq_INT.o)
 .ARM.attributes
                0x00000362       0x33 .\CortexM3\ARM_GCC_493\Debug\Bipolar.a(ADC_SAR_Seq_SAR.o)
 .ARM.attributes
                0x00000395       0x33 .\CortexM3\ARM_GCC_493\Debug\Bipolar.a(ADC_SAR_Seq_TempBuf_dma.o)
 .ARM.attributes
                0x000003c8       0x33 .\CortexM3\ARM_GCC_493\Debug\Bipolar.a(ADC_SAR_Seq_FinalBuf_dma.o)
 .ARM.attributes
                0x000003fb       0x33 .\CortexM3\ARM_GCC_493\Debug\Bipolar.a(ADC_SAR_Seq_IRQ.o)
 .ARM.attributes
                0x0000042e       0x33 .\CortexM3\ARM_GCC_493\Debug\Bipolar.a(isr_x_home.o)
 .ARM.attributes
                0x00000461       0x21 .\CortexM3\ARM_GCC_493\Debug\Bipolar.a(CyBootAsmGnu.o)
 .ARM.attributes
                0x00000482       0x33 .\CortexM3\ARM_GCC_493\Debug\Bipolar.a(CyFlash.o)
 .ARM.attributes
                0x000004b5       0x33 .\CortexM3\ARM_GCC_493\Debug\Bipolar.a(CySpc.o)
 .ARM.attributes
                0x000004e8       0x1d c:/program files (x86)/cypress/psoc creator/4.0/psoc creator/import/gnu/arm/4.9.3/bin/../lib/gcc/arm-none-eabi/4.9.3/armv7-m\libgcc.a(_arm_addsubsf3.o)
 .ARM.attributes
                0x00000505       0x1d c:/program files (x86)/cypress/psoc creator/4.0/psoc creator/import/gnu/arm/4.9.3/bin/../lib/gcc/arm-none-eabi/4.9.3/armv7-m\libgcc.a(_arm_muldivsf3.o)
 .ARM.attributes
                0x00000522       0x1d c:/program files (x86)/cypress/psoc creator/4.0/psoc creator/import/gnu/arm/4.9.3/bin/../lib/gcc/arm-none-eabi/4.9.3/armv7-m\libgcc.a(_aeabi_ldivmod.o)
 .ARM.attributes
                0x0000053f       0x2d c:/program files (x86)/cypress/psoc creator/4.0/psoc creator/import/gnu/arm/4.9.3/bin/../lib/gcc/arm-none-eabi/4.9.3/armv7-m\libgcc.a(bpabi.o)
 .ARM.attributes
                0x0000056c       0x1d c:/program files (x86)/cypress/psoc creator/4.0/psoc creator/import/gnu/arm/4.9.3/bin/../lib/gcc/arm-none-eabi/4.9.3/armv7-m\libgcc.a(_dvmd_tls.o)
 .ARM.attributes
                0x00000589       0x2d c:/program files (x86)/cypress/psoc creator/4.0/psoc creator/import/gnu/arm/4.9.3/bin/../lib/gcc/arm-none-eabi/4.9.3/armv7-m\libgcc.a(_divdi3.o)
 .ARM.attributes
                0x000005b6       0x2d c:/program files (x86)/cypress/psoc creator/4.0/psoc creator/import/gnu/arm/4.9.3/bin/../lib/gcc/arm-none-eabi/4.9.3/armv7-m\libgcc.a(_udivdi3.o)
 .ARM.attributes
                0x000005e3       0x2d c:/program files (x86)/cypress/psoc creator/4.0/psoc creator/import/gnu/arm/4.9.3/bin/../lib/gcc/arm-none-eabi/4.9.3/../../../../arm-none-eabi/lib/armv7-m\libg_nano.a(lib_a-errno.o)
 .ARM.attributes
                0x00000610       0x2d c:/program files (x86)/cypress/psoc creator/4.0/psoc creator/import/gnu/arm/4.9.3/bin/../lib/gcc/arm-none-eabi/4.9.3/../../../../arm-none-eabi/lib/armv7-m\libg_nano.a(lib_a-exit.o)
 .ARM.attributes
                0x0000063d       0x2d c:/program files (x86)/cypress/psoc creator/4.0/psoc creator/import/gnu/arm/4.9.3/bin/../lib/gcc/arm-none-eabi/4.9.3/../../../../arm-none-eabi/lib/armv7-m\libg_nano.a(lib_a-impure.o)
 .ARM.attributes
                0x0000066a       0x2d c:/program files (x86)/cypress/psoc creator/4.0/psoc creator/import/gnu/arm/4.9.3/bin/../lib/gcc/arm-none-eabi/4.9.3/../../../../arm-none-eabi/lib/armv7-m\libg_nano.a(lib_a-init.o)
 .ARM.attributes
                0x00000697       0x2d c:/program files (x86)/cypress/psoc creator/4.0/psoc creator/import/gnu/arm/4.9.3/bin/../lib/gcc/arm-none-eabi/4.9.3/../../../../arm-none-eabi/lib/armv7-m\libg_nano.a(lib_a-memcpy.o)
 .ARM.attributes
                0x000006c4       0x2d c:/program files (x86)/cypress/psoc creator/4.0/psoc creator/import/gnu/arm/4.9.3/bin/../lib/gcc/arm-none-eabi/4.9.3/../../../../arm-none-eabi/lib/armv7-m\libg_nano.a(lib_a-memset.o)
 .ARM.attributes
                0x000006f1       0x2d c:/program files (x86)/cypress/psoc creator/4.0/psoc creator/import/gnu/arm/4.9.3/bin/../lib/gcc/arm-none-eabi/4.9.3/armv7-m/crtend.o
 .ARM.attributes
                0x0000071e       0x1d c:/program files (x86)/cypress/psoc creator/4.0/psoc creator/import/gnu/arm/4.9.3/bin/../lib/gcc/arm-none-eabi/4.9.3/armv7-m/crtn.o

/DISCARD/
 *(.note.GNU-stack)
OUTPUT(.\CortexM3\ARM_GCC_493\Debug\Bipolar.elf elf32-littlearm)
