Archive member included because of file (symbol)

.\CortexM3\ARM_GCC_493\Debug\SlaveBottom.a(cyfitter_cfg.o)
                              .\CortexM3\ARM_GCC_493\Debug\Cm3Start.o (cyfitter_cfg)
.\CortexM3\ARM_GCC_493\Debug\SlaveBottom.a(isr_1.o)
                              .\CortexM3\ARM_GCC_493\Debug\main.o (isr_1_StartEx)
.\CortexM3\ARM_GCC_493\Debug\SlaveBottom.a(SPIS_1.o)
                              .\CortexM3\ARM_GCC_493\Debug\main.o (SPIS_1_EnableRxInt)
.\CortexM3\ARM_GCC_493\Debug\SlaveBottom.a(PWM_1.o)
                              .\CortexM3\ARM_GCC_493\Debug\main.o (PWM_1_ReadStatusRegister)
.\CortexM3\ARM_GCC_493\Debug\SlaveBottom.a(Enable_1.o)
                              .\CortexM3\ARM_GCC_493\Debug\main.o (Enable_1_Write)
.\CortexM3\ARM_GCC_493\Debug\SlaveBottom.a(pwm_isr_1.o)
                              .\CortexM3\ARM_GCC_493\Debug\main.o (pwm_isr_1_Enable)
.\CortexM3\ARM_GCC_493\Debug\SlaveBottom.a(CyLib.o)
                              .\CortexM3\ARM_GCC_493\Debug\Cm3Start.o (CyHalt)
.\CortexM3\ARM_GCC_493\Debug\SlaveBottom.a(cyPm.o)
                              .\CortexM3\ARM_GCC_493\Debug\SlaveBottom.a(CyLib.o) (CyPmReadStatus)
.\CortexM3\ARM_GCC_493\Debug\SlaveBottom.a(Direction_1.o)
                              .\CortexM3\ARM_GCC_493\Debug\main.o (Direction_1_Write)
.\CortexM3\ARM_GCC_493\Debug\SlaveBottom.a(CyBootAsmGnu.o)
                              .\CortexM3\ARM_GCC_493\Debug\SlaveBottom.a(cyfitter_cfg.o) (CyDelayCycles)
.\CortexM3\ARM_GCC_493\Debug\SlaveBottom.a(CyFlash.o)
                              .\CortexM3\ARM_GCC_493\Debug\SlaveBottom.a(cyPm.o) (CyFlash_SetWaitCycles)
.\CortexM3\ARM_GCC_493\Debug\SlaveBottom.a(CySpc.o)
                              .\CortexM3\ARM_GCC_493\Debug\SlaveBottom.a(CyFlash.o) (CySpcStart)
c:/program files (x86)/cypress/psoc creator/4.0/psoc creator/import/gnu/arm/4.9.3/bin/../lib/gcc/arm-none-eabi/4.9.3/../../../../arm-none-eabi/lib/armv7-m\libg_nano.a(lib_a-errno.o)
                              .\CortexM3\ARM_GCC_493\Debug\Cm3Start.o (__errno)
c:/program files (x86)/cypress/psoc creator/4.0/psoc creator/import/gnu/arm/4.9.3/bin/../lib/gcc/arm-none-eabi/4.9.3/../../../../arm-none-eabi/lib/armv7-m\libg_nano.a(lib_a-exit.o)
                              c:/program files (x86)/cypress/psoc creator/4.0/psoc creator/import/gnu/arm/4.9.3/bin/../lib/gcc/arm-none-eabi/4.9.3/../../../../arm-none-eabi/lib/armv7-m/crt0.o (exit)
c:/program files (x86)/cypress/psoc creator/4.0/psoc creator/import/gnu/arm/4.9.3/bin/../lib/gcc/arm-none-eabi/4.9.3/../../../../arm-none-eabi/lib/armv7-m\libg_nano.a(lib_a-impure.o)
                              c:/program files (x86)/cypress/psoc creator/4.0/psoc creator/import/gnu/arm/4.9.3/bin/../lib/gcc/arm-none-eabi/4.9.3/../../../../arm-none-eabi/lib/armv7-m\libg_nano.a(lib_a-exit.o) (_global_impure_ptr)
c:/program files (x86)/cypress/psoc creator/4.0/psoc creator/import/gnu/arm/4.9.3/bin/../lib/gcc/arm-none-eabi/4.9.3/../../../../arm-none-eabi/lib/armv7-m\libg_nano.a(lib_a-init.o)
                              c:/program files (x86)/cypress/psoc creator/4.0/psoc creator/import/gnu/arm/4.9.3/bin/../lib/gcc/arm-none-eabi/4.9.3/../../../../arm-none-eabi/lib/armv7-m/crt0.o (__libc_init_array)
c:/program files (x86)/cypress/psoc creator/4.0/psoc creator/import/gnu/arm/4.9.3/bin/../lib/gcc/arm-none-eabi/4.9.3/../../../../arm-none-eabi/lib/armv7-m\libg_nano.a(lib_a-memcpy.o)
                              .\CortexM3\ARM_GCC_493\Debug\SlaveBottom.a(cyfitter_cfg.o) (memcpy)
c:/program files (x86)/cypress/psoc creator/4.0/psoc creator/import/gnu/arm/4.9.3/bin/../lib/gcc/arm-none-eabi/4.9.3/../../../../arm-none-eabi/lib/armv7-m\libg_nano.a(lib_a-memset.o)
                              c:/program files (x86)/cypress/psoc creator/4.0/psoc creator/import/gnu/arm/4.9.3/bin/../lib/gcc/arm-none-eabi/4.9.3/../../../../arm-none-eabi/lib/armv7-m/crt0.o (memset)

Allocating common symbols
Common symbol       size              file

SPIS_1_swStatusTx   0x1               .\CortexM3\ARM_GCC_493\Debug\SlaveBottom.a(SPIS_1.o)
SPIS_1_swStatusRx   0x1               .\CortexM3\ARM_GCC_493\Debug\SlaveBottom.a(SPIS_1.o)
dieTemperature      0x2               .\CortexM3\ARM_GCC_493\Debug\SlaveBottom.a(CyFlash.o)
status              0x1               .\CortexM3\ARM_GCC_493\Debug\main.o

Discarded input sections

 .text          0x00000000        0x0 c:/program files (x86)/cypress/psoc creator/4.0/psoc creator/import/gnu/arm/4.9.3/bin/../lib/gcc/arm-none-eabi/4.9.3/armv7-m/crti.o
 .data          0x00000000        0x0 c:/program files (x86)/cypress/psoc creator/4.0/psoc creator/import/gnu/arm/4.9.3/bin/../lib/gcc/arm-none-eabi/4.9.3/armv7-m/crti.o
 .bss           0x00000000        0x0 c:/program files (x86)/cypress/psoc creator/4.0/psoc creator/import/gnu/arm/4.9.3/bin/../lib/gcc/arm-none-eabi/4.9.3/armv7-m/crti.o
 .data          0x00000000        0x4 c:/program files (x86)/cypress/psoc creator/4.0/psoc creator/import/gnu/arm/4.9.3/bin/../lib/gcc/arm-none-eabi/4.9.3/armv7-m/crtbegin.o
 .text          0x00000000       0x74 c:/program files (x86)/cypress/psoc creator/4.0/psoc creator/import/gnu/arm/4.9.3/bin/../lib/gcc/arm-none-eabi/4.9.3/../../../../arm-none-eabi/lib/armv7-m/crt0.o
 .data          0x00000000        0x0 c:/program files (x86)/cypress/psoc creator/4.0/psoc creator/import/gnu/arm/4.9.3/bin/../lib/gcc/arm-none-eabi/4.9.3/../../../../arm-none-eabi/lib/armv7-m/crt0.o
 .bss           0x00000000        0x0 c:/program files (x86)/cypress/psoc creator/4.0/psoc creator/import/gnu/arm/4.9.3/bin/../lib/gcc/arm-none-eabi/4.9.3/../../../../arm-none-eabi/lib/armv7-m/crt0.o
 .ARM.extab     0x00000000        0x0 c:/program files (x86)/cypress/psoc creator/4.0/psoc creator/import/gnu/arm/4.9.3/bin/../lib/gcc/arm-none-eabi/4.9.3/../../../../arm-none-eabi/lib/armv7-m/crt0.o
 .ARM.exidx     0x00000000        0x8 c:/program files (x86)/cypress/psoc creator/4.0/psoc creator/import/gnu/arm/4.9.3/bin/../lib/gcc/arm-none-eabi/4.9.3/../../../../arm-none-eabi/lib/armv7-m/crt0.o
 .text          0x00000000        0x0 .\CortexM3\ARM_GCC_493\Debug\main.o
 .data          0x00000000        0x0 .\CortexM3\ARM_GCC_493\Debug\main.o
 .text          0x00000000        0x0 .\CortexM3\ARM_GCC_493\Debug\cymetadata.o
 .data          0x00000000        0x0 .\CortexM3\ARM_GCC_493\Debug\cymetadata.o
 .bss           0x00000000        0x0 .\CortexM3\ARM_GCC_493\Debug\cymetadata.o
 .text          0x00000000        0x0 .\CortexM3\ARM_GCC_493\Debug\Cm3Start.o
 .data          0x00000000        0x4 .\CortexM3\ARM_GCC_493\Debug\Cm3Start.o
 .bss           0x00000000        0x0 .\CortexM3\ARM_GCC_493\Debug\Cm3Start.o
 .text._exit    0x00000000        0xc .\CortexM3\ARM_GCC_493\Debug\Cm3Start.o
 .text._sbrk    0x00000000       0x30 .\CortexM3\ARM_GCC_493\Debug\Cm3Start.o
 .text          0x00000000        0x0 .\CortexM3\ARM_GCC_493\Debug\SlaveBottom.a(cyfitter_cfg.o)
 .data          0x00000000        0x0 .\CortexM3\ARM_GCC_493\Debug\SlaveBottom.a(cyfitter_cfg.o)
 .bss           0x00000000        0x0 .\CortexM3\ARM_GCC_493\Debug\SlaveBottom.a(cyfitter_cfg.o)
 .text.SetAnalogRoutingPumps
                0x00000000       0x10 .\CortexM3\ARM_GCC_493\Debug\SlaveBottom.a(cyfitter_cfg.o)
 .text          0x00000000        0x0 .\CortexM3\ARM_GCC_493\Debug\SlaveBottom.a(isr_1.o)
 .data          0x00000000        0x0 .\CortexM3\ARM_GCC_493\Debug\SlaveBottom.a(isr_1.o)
 .bss           0x00000000        0x0 .\CortexM3\ARM_GCC_493\Debug\SlaveBottom.a(isr_1.o)
 .text.isr_1_Interrupt
                0x00000000        0x4 .\CortexM3\ARM_GCC_493\Debug\SlaveBottom.a(isr_1.o)
 .text.isr_1_GetVector
                0x00000000        0xc .\CortexM3\ARM_GCC_493\Debug\SlaveBottom.a(isr_1.o)
 .text.isr_1_GetPriority
                0x00000000        0xc .\CortexM3\ARM_GCC_493\Debug\SlaveBottom.a(isr_1.o)
 .text.isr_1_GetState
                0x00000000       0x10 .\CortexM3\ARM_GCC_493\Debug\SlaveBottom.a(isr_1.o)
 .text.isr_1_Start
                0x00000000       0x1c .\CortexM3\ARM_GCC_493\Debug\SlaveBottom.a(isr_1.o)
 .text.isr_1_Stop
                0x00000000       0x14 .\CortexM3\ARM_GCC_493\Debug\SlaveBottom.a(isr_1.o)
 .text.isr_1_SetPending
                0x00000000        0xc .\CortexM3\ARM_GCC_493\Debug\SlaveBottom.a(isr_1.o)
 .text.isr_1_ClearPending
                0x00000000        0xc .\CortexM3\ARM_GCC_493\Debug\SlaveBottom.a(isr_1.o)
 .text          0x00000000        0x0 .\CortexM3\ARM_GCC_493\Debug\SlaveBottom.a(SPIS_1.o)
 .data          0x00000000        0x0 .\CortexM3\ARM_GCC_493\Debug\SlaveBottom.a(SPIS_1.o)
 .text.SPIS_1_Stop
                0x00000000       0x28 .\CortexM3\ARM_GCC_493\Debug\SlaveBottom.a(SPIS_1.o)
 .text.SPIS_1_EnableTxInt
                0x00000000        0x4 .\CortexM3\ARM_GCC_493\Debug\SlaveBottom.a(SPIS_1.o)
 .text.SPIS_1_DisableTxInt
                0x00000000        0x4 .\CortexM3\ARM_GCC_493\Debug\SlaveBottom.a(SPIS_1.o)
 .text.SPIS_1_DisableRxInt
                0x00000000        0x4 .\CortexM3\ARM_GCC_493\Debug\SlaveBottom.a(SPIS_1.o)
 .text.SPIS_1_SetTxInterruptMode
                0x00000000        0xc .\CortexM3\ARM_GCC_493\Debug\SlaveBottom.a(SPIS_1.o)
 .text.SPIS_1_SetRxInterruptMode
                0x00000000        0xc .\CortexM3\ARM_GCC_493\Debug\SlaveBottom.a(SPIS_1.o)
 .text.SPIS_1_WriteTxDataZero
                0x00000000        0xc .\CortexM3\ARM_GCC_493\Debug\SlaveBottom.a(SPIS_1.o)
 .text.SPIS_1_GetRxBufferSize
                0x00000000       0x18 .\CortexM3\ARM_GCC_493\Debug\SlaveBottom.a(SPIS_1.o)
 .text.SPIS_1_GetTxBufferSize
                0x00000000       0x24 .\CortexM3\ARM_GCC_493\Debug\SlaveBottom.a(SPIS_1.o)
 .text.SPIS_1_ClearRxBuffer
                0x00000000       0x1c .\CortexM3\ARM_GCC_493\Debug\SlaveBottom.a(SPIS_1.o)
 .text.SPIS_1_PutArray
                0x00000000       0x20 .\CortexM3\ARM_GCC_493\Debug\SlaveBottom.a(SPIS_1.o)
 .text.SPIS_1_EnableInt
                0x00000000        0x4 .\CortexM3\ARM_GCC_493\Debug\SlaveBottom.a(SPIS_1.o)
 .text.SPIS_1_DisableInt
                0x00000000        0x4 .\CortexM3\ARM_GCC_493\Debug\SlaveBottom.a(SPIS_1.o)
 .text.SPIS_1_SetInterruptMode
                0x00000000       0x10 .\CortexM3\ARM_GCC_493\Debug\SlaveBottom.a(SPIS_1.o)
 .text.SPIS_1_ReadStatus
                0x00000000       0x18 .\CortexM3\ARM_GCC_493\Debug\SlaveBottom.a(SPIS_1.o)
 COMMON         0x00000000        0x2 .\CortexM3\ARM_GCC_493\Debug\SlaveBottom.a(SPIS_1.o)
 .text          0x00000000        0x0 .\CortexM3\ARM_GCC_493\Debug\SlaveBottom.a(PWM_1.o)
 .data          0x00000000        0x0 .\CortexM3\ARM_GCC_493\Debug\SlaveBottom.a(PWM_1.o)
 .text.PWM_1_Stop
                0x00000000       0x10 .\CortexM3\ARM_GCC_493\Debug\SlaveBottom.a(PWM_1.o)
 .text.PWM_1_ReadCounter
                0x00000000       0x14 .\CortexM3\ARM_GCC_493\Debug\SlaveBottom.a(PWM_1.o)
 .text.PWM_1_ReadControlRegister
                0x00000000        0xc .\CortexM3\ARM_GCC_493\Debug\SlaveBottom.a(PWM_1.o)
 .text.PWM_1_WriteControlRegister
                0x00000000        0xc .\CortexM3\ARM_GCC_493\Debug\SlaveBottom.a(PWM_1.o)
 .text.PWM_1_ReadCompare
                0x00000000        0xc .\CortexM3\ARM_GCC_493\Debug\SlaveBottom.a(PWM_1.o)
 .text.PWM_1_ReadPeriod
                0x00000000        0xc .\CortexM3\ARM_GCC_493\Debug\SlaveBottom.a(PWM_1.o)
 .text          0x00000000        0x0 .\CortexM3\ARM_GCC_493\Debug\SlaveBottom.a(Enable_1.o)
 .data          0x00000000        0x0 .\CortexM3\ARM_GCC_493\Debug\SlaveBottom.a(Enable_1.o)
 .bss           0x00000000        0x0 .\CortexM3\ARM_GCC_493\Debug\SlaveBottom.a(Enable_1.o)
 .text.Enable_1_SetDriveMode
                0x00000000       0x18 .\CortexM3\ARM_GCC_493\Debug\SlaveBottom.a(Enable_1.o)
 .text.Enable_1_Read
                0x00000000       0x10 .\CortexM3\ARM_GCC_493\Debug\SlaveBottom.a(Enable_1.o)
 .text.Enable_1_ReadDataReg
                0x00000000       0x10 .\CortexM3\ARM_GCC_493\Debug\SlaveBottom.a(Enable_1.o)
 .text          0x00000000        0x0 .\CortexM3\ARM_GCC_493\Debug\SlaveBottom.a(pwm_isr_1.o)
 .data          0x00000000        0x0 .\CortexM3\ARM_GCC_493\Debug\SlaveBottom.a(pwm_isr_1.o)
 .bss           0x00000000        0x0 .\CortexM3\ARM_GCC_493\Debug\SlaveBottom.a(pwm_isr_1.o)
 .text.pwm_isr_1_Interrupt
                0x00000000        0x4 .\CortexM3\ARM_GCC_493\Debug\SlaveBottom.a(pwm_isr_1.o)
 .text.pwm_isr_1_GetVector
                0x00000000        0xc .\CortexM3\ARM_GCC_493\Debug\SlaveBottom.a(pwm_isr_1.o)
 .text.pwm_isr_1_GetPriority
                0x00000000        0xc .\CortexM3\ARM_GCC_493\Debug\SlaveBottom.a(pwm_isr_1.o)
 .text.pwm_isr_1_GetState
                0x00000000       0x18 .\CortexM3\ARM_GCC_493\Debug\SlaveBottom.a(pwm_isr_1.o)
 .text.pwm_isr_1_Start
                0x00000000       0x1c .\CortexM3\ARM_GCC_493\Debug\SlaveBottom.a(pwm_isr_1.o)
 .text.pwm_isr_1_Stop
                0x00000000       0x14 .\CortexM3\ARM_GCC_493\Debug\SlaveBottom.a(pwm_isr_1.o)
 .text.pwm_isr_1_SetPending
                0x00000000        0xc .\CortexM3\ARM_GCC_493\Debug\SlaveBottom.a(pwm_isr_1.o)
 .text.pwm_isr_1_ClearPending
                0x00000000        0xc .\CortexM3\ARM_GCC_493\Debug\SlaveBottom.a(pwm_isr_1.o)
 .text          0x00000000        0x0 .\CortexM3\ARM_GCC_493\Debug\SlaveBottom.a(CyLib.o)
 .data          0x00000000       0x10 .\CortexM3\ARM_GCC_493\Debug\SlaveBottom.a(CyLib.o)
 .bss           0x00000000       0x1c .\CortexM3\ARM_GCC_493\Debug\SlaveBottom.a(CyLib.o)
 .text.CyUSB_PowerOnCheck
                0x00000000       0x48 .\CortexM3\ARM_GCC_493\Debug\SlaveBottom.a(CyLib.o)
 .text.CyBusClk_Internal_SetDivider
                0x00000000       0x48 .\CortexM3\ARM_GCC_493\Debug\SlaveBottom.a(CyLib.o)
 .text.CyPLL_OUT_Stop
                0x00000000       0x10 .\CortexM3\ARM_GCC_493\Debug\SlaveBottom.a(CyLib.o)
 .text.CyIMO_Stop
                0x00000000       0x1c .\CortexM3\ARM_GCC_493\Debug\SlaveBottom.a(CyLib.o)
 .text.CyIMO_EnableDoubler
                0x00000000       0x10 .\CortexM3\ARM_GCC_493\Debug\SlaveBottom.a(CyLib.o)
 .text.CyIMO_DisableDoubler
                0x00000000       0x10 .\CortexM3\ARM_GCC_493\Debug\SlaveBottom.a(CyLib.o)
 .text.CyMasterClk_SetSource
                0x00000000       0x18 .\CortexM3\ARM_GCC_493\Debug\SlaveBottom.a(CyLib.o)
 .text.CyMasterClk_SetDivider
                0x00000000        0xc .\CortexM3\ARM_GCC_493\Debug\SlaveBottom.a(CyLib.o)
 .text.CyBusClk_SetDivider
                0x00000000       0x70 .\CortexM3\ARM_GCC_493\Debug\SlaveBottom.a(CyLib.o)
 .text.CyUsbClk_SetSource
                0x00000000       0x18 .\CortexM3\ARM_GCC_493\Debug\SlaveBottom.a(CyLib.o)
 .text.CyILO_Start1K
                0x00000000       0x10 .\CortexM3\ARM_GCC_493\Debug\SlaveBottom.a(CyLib.o)
 .text.CyILO_Stop1K
                0x00000000       0x10 .\CortexM3\ARM_GCC_493\Debug\SlaveBottom.a(CyLib.o)
 .text.CyILO_Start100K
                0x00000000       0x10 .\CortexM3\ARM_GCC_493\Debug\SlaveBottom.a(CyLib.o)
 .text.CyILO_Stop100K
                0x00000000       0x10 .\CortexM3\ARM_GCC_493\Debug\SlaveBottom.a(CyLib.o)
 .text.CyPLL_OUT_Start
                0x00000000       0x78 .\CortexM3\ARM_GCC_493\Debug\SlaveBottom.a(CyLib.o)
 .text.CyIMO_Start
                0x00000000       0x60 .\CortexM3\ARM_GCC_493\Debug\SlaveBottom.a(CyLib.o)
 .text.CyILO_Enable33K
                0x00000000       0x10 .\CortexM3\ARM_GCC_493\Debug\SlaveBottom.a(CyLib.o)
 .text.CyILO_Disable33K
                0x00000000       0x10 .\CortexM3\ARM_GCC_493\Debug\SlaveBottom.a(CyLib.o)
 .text.CyILO_SetSource
                0x00000000       0x18 .\CortexM3\ARM_GCC_493\Debug\SlaveBottom.a(CyLib.o)
 .text.CyILO_SetPowerMode
                0x00000000       0x24 .\CortexM3\ARM_GCC_493\Debug\SlaveBottom.a(CyLib.o)
 .text.CyXTAL_32KHZ_Stop
                0x00000000       0x30 .\CortexM3\ARM_GCC_493\Debug\SlaveBottom.a(CyLib.o)
 .text.CyXTAL_32KHZ_ReadStatus
                0x00000000       0x10 .\CortexM3\ARM_GCC_493\Debug\SlaveBottom.a(CyLib.o)
 .text.CyXTAL_Start
                0x00000000       0xac .\CortexM3\ARM_GCC_493\Debug\SlaveBottom.a(CyLib.o)
 .text.CyXTAL_Stop
                0x00000000       0x10 .\CortexM3\ARM_GCC_493\Debug\SlaveBottom.a(CyLib.o)
 .text.CyXTAL_EnableErrStatus
                0x00000000       0x10 .\CortexM3\ARM_GCC_493\Debug\SlaveBottom.a(CyLib.o)
 .text.CyXTAL_DisableErrStatus
                0x00000000       0x10 .\CortexM3\ARM_GCC_493\Debug\SlaveBottom.a(CyLib.o)
 .text.CyXTAL_ReadStatus
                0x00000000       0x18 .\CortexM3\ARM_GCC_493\Debug\SlaveBottom.a(CyLib.o)
 .text.CyXTAL_EnableFaultRecovery
                0x00000000       0x10 .\CortexM3\ARM_GCC_493\Debug\SlaveBottom.a(CyLib.o)
 .text.CyXTAL_DisableFaultRecovery
                0x00000000       0x10 .\CortexM3\ARM_GCC_493\Debug\SlaveBottom.a(CyLib.o)
 .text.CyXTAL_SetStartup
                0x00000000       0x18 .\CortexM3\ARM_GCC_493\Debug\SlaveBottom.a(CyLib.o)
 .text.CyXTAL_SetFbVoltage
                0x00000000       0x18 .\CortexM3\ARM_GCC_493\Debug\SlaveBottom.a(CyLib.o)
 .text.CyXTAL_SetWdVoltage
                0x00000000       0x18 .\CortexM3\ARM_GCC_493\Debug\SlaveBottom.a(CyLib.o)
 .text.CyHalt   0x00000000        0x4 .\CortexM3\ARM_GCC_493\Debug\SlaveBottom.a(CyLib.o)
 .text.CyPLL_OUT_SetPQ
                0x00000000       0x60 .\CortexM3\ARM_GCC_493\Debug\SlaveBottom.a(CyLib.o)
 .text.CyPLL_OUT_SetSource
                0x00000000       0x34 .\CortexM3\ARM_GCC_493\Debug\SlaveBottom.a(CyLib.o)
 .text.CyIMO_SetTrimValue
                0x00000000       0xcc .\CortexM3\ARM_GCC_493\Debug\SlaveBottom.a(CyLib.o)
 .text.CyIMO_SetFreq
                0x00000000       0xf4 .\CortexM3\ARM_GCC_493\Debug\SlaveBottom.a(CyLib.o)
 .text.CyIMO_SetSource
                0x00000000       0x58 .\CortexM3\ARM_GCC_493\Debug\SlaveBottom.a(CyLib.o)
 .text.CySoftwareReset
                0x00000000       0x10 .\CortexM3\ARM_GCC_493\Debug\SlaveBottom.a(CyLib.o)
 .text.CyDelay  0x00000000       0x2c .\CortexM3\ARM_GCC_493\Debug\SlaveBottom.a(CyLib.o)
 .text.CyDelayUs
                0x00000000       0x14 .\CortexM3\ARM_GCC_493\Debug\SlaveBottom.a(CyLib.o)
 .text.CyXTAL_32KHZ_SetPowerMode
                0x00000000       0x84 .\CortexM3\ARM_GCC_493\Debug\SlaveBottom.a(CyLib.o)
 .text.CyXTAL_32KHZ_Start
                0x00000000       0x70 .\CortexM3\ARM_GCC_493\Debug\SlaveBottom.a(CyLib.o)
 .text.CyDelayFreq
                0x00000000       0x4c .\CortexM3\ARM_GCC_493\Debug\SlaveBottom.a(CyLib.o)
 .text.CyWdtStart
                0x00000000       0x40 .\CortexM3\ARM_GCC_493\Debug\SlaveBottom.a(CyLib.o)
 .text.CyWdtClear
                0x00000000        0xc .\CortexM3\ARM_GCC_493\Debug\SlaveBottom.a(CyLib.o)
 .text.CyVdStickyStatus
                0x00000000       0x2c .\CortexM3\ARM_GCC_493\Debug\SlaveBottom.a(CyLib.o)
 .text.CyVdLvDigitEnable
                0x00000000       0x84 .\CortexM3\ARM_GCC_493\Debug\SlaveBottom.a(CyLib.o)
 .text.CyVdLvAnalogEnable
                0x00000000       0x80 .\CortexM3\ARM_GCC_493\Debug\SlaveBottom.a(CyLib.o)
 .text.CyVdLvDigitDisable
                0x00000000       0x30 .\CortexM3\ARM_GCC_493\Debug\SlaveBottom.a(CyLib.o)
 .text.CyVdLvAnalogDisable
                0x00000000       0x28 .\CortexM3\ARM_GCC_493\Debug\SlaveBottom.a(CyLib.o)
 .text.CyVdHvAnalogEnable
                0x00000000       0x54 .\CortexM3\ARM_GCC_493\Debug\SlaveBottom.a(CyLib.o)
 .text.CyVdHvAnalogDisable
                0x00000000       0x20 .\CortexM3\ARM_GCC_493\Debug\SlaveBottom.a(CyLib.o)
 .text.CyVdRealTimeStatus
                0x00000000       0x1c .\CortexM3\ARM_GCC_493\Debug\SlaveBottom.a(CyLib.o)
 .text.CyDisableInts
                0x00000000       0x1c .\CortexM3\ARM_GCC_493\Debug\SlaveBottom.a(CyLib.o)
 .text.CyEnableInts
                0x00000000       0x18 .\CortexM3\ARM_GCC_493\Debug\SlaveBottom.a(CyLib.o)
 .text.CyFlushCache
                0x00000000       0x44 .\CortexM3\ARM_GCC_493\Debug\SlaveBottom.a(CyLib.o)
 .text.CyIntSetSysVector
                0x00000000       0x28 .\CortexM3\ARM_GCC_493\Debug\SlaveBottom.a(CyLib.o)
 .text.CyIntGetSysVector
                0x00000000       0x20 .\CortexM3\ARM_GCC_493\Debug\SlaveBottom.a(CyLib.o)
 .text.CyIntSetVector
                0x00000000       0x28 .\CortexM3\ARM_GCC_493\Debug\SlaveBottom.a(CyLib.o)
 .text.CyIntGetVector
                0x00000000       0x24 .\CortexM3\ARM_GCC_493\Debug\SlaveBottom.a(CyLib.o)
 .text.CyIntSetPriority
                0x00000000       0x30 .\CortexM3\ARM_GCC_493\Debug\SlaveBottom.a(CyLib.o)
 .text.CyIntGetPriority
                0x00000000       0x20 .\CortexM3\ARM_GCC_493\Debug\SlaveBottom.a(CyLib.o)
 .text.CyIntGetState
                0x00000000       0x24 .\CortexM3\ARM_GCC_493\Debug\SlaveBottom.a(CyLib.o)
 .text.CySysTickStop
                0x00000000       0x10 .\CortexM3\ARM_GCC_493\Debug\SlaveBottom.a(CyLib.o)
 .text.CySysTickEnableInterrupt
                0x00000000       0x10 .\CortexM3\ARM_GCC_493\Debug\SlaveBottom.a(CyLib.o)
 .text.CySysTickEnable
                0x00000000       0x18 .\CortexM3\ARM_GCC_493\Debug\SlaveBottom.a(CyLib.o)
 .text.CySysTickDisableInterrupt
                0x00000000       0x10 .\CortexM3\ARM_GCC_493\Debug\SlaveBottom.a(CyLib.o)
 .text.CySysTickSetReload
                0x00000000       0x10 .\CortexM3\ARM_GCC_493\Debug\SlaveBottom.a(CyLib.o)
 .text.CySysTickGetReload
                0x00000000       0x10 .\CortexM3\ARM_GCC_493\Debug\SlaveBottom.a(CyLib.o)
 .text.CySysTickGetValue
                0x00000000       0x10 .\CortexM3\ARM_GCC_493\Debug\SlaveBottom.a(CyLib.o)
 .text.CySysTickSetClockSource
                0x00000000       0x20 .\CortexM3\ARM_GCC_493\Debug\SlaveBottom.a(CyLib.o)
 .text.CySysTickGetClockSource
                0x00000000       0x10 .\CortexM3\ARM_GCC_493\Debug\SlaveBottom.a(CyLib.o)
 .text.CySysTickGetCountFlag
                0x00000000       0x10 .\CortexM3\ARM_GCC_493\Debug\SlaveBottom.a(CyLib.o)
 .text.CySysTickServiceCallbacks
                0x00000000       0x28 .\CortexM3\ARM_GCC_493\Debug\SlaveBottom.a(CyLib.o)
 .text.CySysTickClear
                0x00000000        0xc .\CortexM3\ARM_GCC_493\Debug\SlaveBottom.a(CyLib.o)
 .text.CySysTickInit
                0x00000000       0x58 .\CortexM3\ARM_GCC_493\Debug\SlaveBottom.a(CyLib.o)
 .text.CySysTickStart
                0x00000000       0x1c .\CortexM3\ARM_GCC_493\Debug\SlaveBottom.a(CyLib.o)
 .text.CySysTickSetCallback
                0x00000000       0x10 .\CortexM3\ARM_GCC_493\Debug\SlaveBottom.a(CyLib.o)
 .text.CySysTickGetCallback
                0x00000000       0x10 .\CortexM3\ARM_GCC_493\Debug\SlaveBottom.a(CyLib.o)
 .text.CyGetUniqueId
                0x00000000       0x70 .\CortexM3\ARM_GCC_493\Debug\SlaveBottom.a(CyLib.o)
 .text          0x00000000        0x0 .\CortexM3\ARM_GCC_493\Debug\SlaveBottom.a(cyPm.o)
 .data          0x00000000        0x0 .\CortexM3\ARM_GCC_493\Debug\SlaveBottom.a(cyPm.o)
 .bss           0x00000000       0x44 .\CortexM3\ARM_GCC_493\Debug\SlaveBottom.a(cyPm.o)
 .text.CyPmHibSlpSaveSet
                0x00000000      0x1dc .\CortexM3\ARM_GCC_493\Debug\SlaveBottom.a(cyPm.o)
 .text.CyPmHibSlpRestore
                0x00000000       0xd4 .\CortexM3\ARM_GCC_493\Debug\SlaveBottom.a(cyPm.o)
 .text.CyPmHviLviSaveDisable
                0x00000000       0xa0 .\CortexM3\ARM_GCC_493\Debug\SlaveBottom.a(cyPm.o)
 .text.CyPmHibSaveSet
                0x00000000       0x8c .\CortexM3\ARM_GCC_493\Debug\SlaveBottom.a(cyPm.o)
 .text.CyPmHviLviRestore
                0x00000000       0x48 .\CortexM3\ARM_GCC_493\Debug\SlaveBottom.a(cyPm.o)
 .text.CyPmHibRestore
                0x00000000       0x58 .\CortexM3\ARM_GCC_493\Debug\SlaveBottom.a(cyPm.o)
 .text.CyPmSaveClocks
                0x00000000      0x218 .\CortexM3\ARM_GCC_493\Debug\SlaveBottom.a(cyPm.o)
 .text.CyPmRestoreClocks
                0x00000000      0x24c .\CortexM3\ARM_GCC_493\Debug\SlaveBottom.a(cyPm.o)
 .text.CyPmAltAct
                0x00000000       0x6c .\CortexM3\ARM_GCC_493\Debug\SlaveBottom.a(cyPm.o)
 .text.CyPmSleep
                0x00000000       0xf4 .\CortexM3\ARM_GCC_493\Debug\SlaveBottom.a(cyPm.o)
 .text.CyPmHibernateEx
                0x00000000       0xf4 .\CortexM3\ARM_GCC_493\Debug\SlaveBottom.a(cyPm.o)
 .text.CyPmHibernate
                0x00000000        0xc .\CortexM3\ARM_GCC_493\Debug\SlaveBottom.a(cyPm.o)
 .text.CyPmReadStatus
                0x00000000       0x30 .\CortexM3\ARM_GCC_493\Debug\SlaveBottom.a(cyPm.o)
 .text.CyPmCtwSetInterval
                0x00000000       0x5c .\CortexM3\ARM_GCC_493\Debug\SlaveBottom.a(cyPm.o)
 .text.CyPmOppsSet
                0x00000000       0x2c .\CortexM3\ARM_GCC_493\Debug\SlaveBottom.a(cyPm.o)
 .text.CyPmFtwSetInterval
                0x00000000       0x5c .\CortexM3\ARM_GCC_493\Debug\SlaveBottom.a(cyPm.o)
 .rodata        0x00000000       0x10 .\CortexM3\ARM_GCC_493\Debug\SlaveBottom.a(cyPm.o)
 .text          0x00000000        0x0 .\CortexM3\ARM_GCC_493\Debug\SlaveBottom.a(Direction_1.o)
 .data          0x00000000        0x0 .\CortexM3\ARM_GCC_493\Debug\SlaveBottom.a(Direction_1.o)
 .bss           0x00000000        0x0 .\CortexM3\ARM_GCC_493\Debug\SlaveBottom.a(Direction_1.o)
 .text.Direction_1_SetDriveMode
                0x00000000       0x18 .\CortexM3\ARM_GCC_493\Debug\SlaveBottom.a(Direction_1.o)
 .text.Direction_1_Read
                0x00000000       0x10 .\CortexM3\ARM_GCC_493\Debug\SlaveBottom.a(Direction_1.o)
 .text.Direction_1_ReadDataReg
                0x00000000       0x10 .\CortexM3\ARM_GCC_493\Debug\SlaveBottom.a(Direction_1.o)
 .data          0x00000000        0x0 .\CortexM3\ARM_GCC_493\Debug\SlaveBottom.a(CyBootAsmGnu.o)
 .bss           0x00000000        0x0 .\CortexM3\ARM_GCC_493\Debug\SlaveBottom.a(CyBootAsmGnu.o)
 .text          0x00000000        0x0 .\CortexM3\ARM_GCC_493\Debug\SlaveBottom.a(CyFlash.o)
 .data          0x00000000        0x0 .\CortexM3\ARM_GCC_493\Debug\SlaveBottom.a(CyFlash.o)
 .bss           0x00000000        0x4 .\CortexM3\ARM_GCC_493\Debug\SlaveBottom.a(CyFlash.o)
 .text.CyFlashGetSpcAlgorithm
                0x00000000       0x4c .\CortexM3\ARM_GCC_493\Debug\SlaveBottom.a(CyFlash.o)
 .text.CySetTempInt
                0x00000000       0x60 .\CortexM3\ARM_GCC_493\Debug\SlaveBottom.a(CyFlash.o)
 .text.CyFlash_Start
                0x00000000       0x54 .\CortexM3\ARM_GCC_493\Debug\SlaveBottom.a(CyFlash.o)
 .text.CyFlash_Stop
                0x00000000       0x24 .\CortexM3\ARM_GCC_493\Debug\SlaveBottom.a(CyFlash.o)
 .text.CySetTemp
                0x00000000       0x14 .\CortexM3\ARM_GCC_493\Debug\SlaveBottom.a(CyFlash.o)
 .text.CySetFlashEEBuffer
                0x00000000       0x28 .\CortexM3\ARM_GCC_493\Debug\SlaveBottom.a(CyFlash.o)
 .text.CyWriteRowFull
                0x00000000       0xf8 .\CortexM3\ARM_GCC_493\Debug\SlaveBottom.a(CyFlash.o)
 .text.CyWriteRowData
                0x00000000       0x14 .\CortexM3\ARM_GCC_493\Debug\SlaveBottom.a(CyFlash.o)
 .text.CyFlash_SetWaitCycles
                0x00000000       0x7c .\CortexM3\ARM_GCC_493\Debug\SlaveBottom.a(CyFlash.o)
 .text.CyEEPROM_Start
                0x00000000       0x54 .\CortexM3\ARM_GCC_493\Debug\SlaveBottom.a(CyFlash.o)
 .text.CyEEPROM_Stop
                0x00000000       0x24 .\CortexM3\ARM_GCC_493\Debug\SlaveBottom.a(CyFlash.o)
 .text.CyEEPROM_ReadReserve
                0x00000000       0x1c .\CortexM3\ARM_GCC_493\Debug\SlaveBottom.a(CyFlash.o)
 .text.CyEEPROM_ReadRelease
                0x00000000       0x10 .\CortexM3\ARM_GCC_493\Debug\SlaveBottom.a(CyFlash.o)
 COMMON         0x00000000        0x2 .\CortexM3\ARM_GCC_493\Debug\SlaveBottom.a(CyFlash.o)
 .text          0x00000000        0x0 .\CortexM3\ARM_GCC_493\Debug\SlaveBottom.a(CySpc.o)
 .data          0x00000000        0x0 .\CortexM3\ARM_GCC_493\Debug\SlaveBottom.a(CySpc.o)
 .bss           0x00000000        0x8 .\CortexM3\ARM_GCC_493\Debug\SlaveBottom.a(CySpc.o)
 .text.CySpcStart
                0x00000000       0x24 .\CortexM3\ARM_GCC_493\Debug\SlaveBottom.a(CySpc.o)
 .text.CySpcStop
                0x00000000       0x24 .\CortexM3\ARM_GCC_493\Debug\SlaveBottom.a(CySpc.o)
 .text.CySpcReadData
                0x00000000       0x34 .\CortexM3\ARM_GCC_493\Debug\SlaveBottom.a(CySpc.o)
 .text.CySpcLoadMultiByte
                0x00000000       0x78 .\CortexM3\ARM_GCC_493\Debug\SlaveBottom.a(CySpc.o)
 .text.CySpcLoadRow
                0x00000000       0x54 .\CortexM3\ARM_GCC_493\Debug\SlaveBottom.a(CySpc.o)
 .text.CySpcLoadRowFull
                0x00000000       0x80 .\CortexM3\ARM_GCC_493\Debug\SlaveBottom.a(CySpc.o)
 .text.CySpcWriteRow
                0x00000000       0x4c .\CortexM3\ARM_GCC_493\Debug\SlaveBottom.a(CySpc.o)
 .text.CySpcEraseSector
                0x00000000       0x3c .\CortexM3\ARM_GCC_493\Debug\SlaveBottom.a(CySpc.o)
 .text.CySpcGetTemp
                0x00000000       0x3c .\CortexM3\ARM_GCC_493\Debug\SlaveBottom.a(CySpc.o)
 .text.CySpcLock
                0x00000000       0x4c .\CortexM3\ARM_GCC_493\Debug\SlaveBottom.a(CySpc.o)
 .text.CySpcUnlock
                0x00000000       0x38 .\CortexM3\ARM_GCC_493\Debug\SlaveBottom.a(CySpc.o)
 .text.CySpcGetAlgorithm
                0x00000000       0x28 .\CortexM3\ARM_GCC_493\Debug\SlaveBottom.a(CySpc.o)
 .text          0x00000000        0x0 c:/program files (x86)/cypress/psoc creator/4.0/psoc creator/import/gnu/arm/4.9.3/bin/../lib/gcc/arm-none-eabi/4.9.3/../../../../arm-none-eabi/lib/armv7-m\libg_nano.a(lib_a-errno.o)
 .data          0x00000000        0x0 c:/program files (x86)/cypress/psoc creator/4.0/psoc creator/import/gnu/arm/4.9.3/bin/../lib/gcc/arm-none-eabi/4.9.3/../../../../arm-none-eabi/lib/armv7-m\libg_nano.a(lib_a-errno.o)
 .bss           0x00000000        0x0 c:/program files (x86)/cypress/psoc creator/4.0/psoc creator/import/gnu/arm/4.9.3/bin/../lib/gcc/arm-none-eabi/4.9.3/../../../../arm-none-eabi/lib/armv7-m\libg_nano.a(lib_a-errno.o)
 .text          0x00000000        0x0 c:/program files (x86)/cypress/psoc creator/4.0/psoc creator/import/gnu/arm/4.9.3/bin/../lib/gcc/arm-none-eabi/4.9.3/../../../../arm-none-eabi/lib/armv7-m\libg_nano.a(lib_a-exit.o)
 .data          0x00000000        0x0 c:/program files (x86)/cypress/psoc creator/4.0/psoc creator/import/gnu/arm/4.9.3/bin/../lib/gcc/arm-none-eabi/4.9.3/../../../../arm-none-eabi/lib/armv7-m\libg_nano.a(lib_a-exit.o)
 .bss           0x00000000        0x0 c:/program files (x86)/cypress/psoc creator/4.0/psoc creator/import/gnu/arm/4.9.3/bin/../lib/gcc/arm-none-eabi/4.9.3/../../../../arm-none-eabi/lib/armv7-m\libg_nano.a(lib_a-exit.o)
 .text.exit     0x00000000       0x28 c:/program files (x86)/cypress/psoc creator/4.0/psoc creator/import/gnu/arm/4.9.3/bin/../lib/gcc/arm-none-eabi/4.9.3/../../../../arm-none-eabi/lib/armv7-m\libg_nano.a(lib_a-exit.o)
 .text          0x00000000        0x0 c:/program files (x86)/cypress/psoc creator/4.0/psoc creator/import/gnu/arm/4.9.3/bin/../lib/gcc/arm-none-eabi/4.9.3/../../../../arm-none-eabi/lib/armv7-m\libg_nano.a(lib_a-impure.o)
 .data          0x00000000        0x0 c:/program files (x86)/cypress/psoc creator/4.0/psoc creator/import/gnu/arm/4.9.3/bin/../lib/gcc/arm-none-eabi/4.9.3/../../../../arm-none-eabi/lib/armv7-m\libg_nano.a(lib_a-impure.o)
 .bss           0x00000000        0x0 c:/program files (x86)/cypress/psoc creator/4.0/psoc creator/import/gnu/arm/4.9.3/bin/../lib/gcc/arm-none-eabi/4.9.3/../../../../arm-none-eabi/lib/armv7-m\libg_nano.a(lib_a-impure.o)
 .rodata._global_impure_ptr
                0x00000000        0x4 c:/program files (x86)/cypress/psoc creator/4.0/psoc creator/import/gnu/arm/4.9.3/bin/../lib/gcc/arm-none-eabi/4.9.3/../../../../arm-none-eabi/lib/armv7-m\libg_nano.a(lib_a-impure.o)
 .text          0x00000000        0x0 c:/program files (x86)/cypress/psoc creator/4.0/psoc creator/import/gnu/arm/4.9.3/bin/../lib/gcc/arm-none-eabi/4.9.3/../../../../arm-none-eabi/lib/armv7-m\libg_nano.a(lib_a-init.o)
 .data          0x00000000        0x0 c:/program files (x86)/cypress/psoc creator/4.0/psoc creator/import/gnu/arm/4.9.3/bin/../lib/gcc/arm-none-eabi/4.9.3/../../../../arm-none-eabi/lib/armv7-m\libg_nano.a(lib_a-init.o)
 .bss           0x00000000        0x0 c:/program files (x86)/cypress/psoc creator/4.0/psoc creator/import/gnu/arm/4.9.3/bin/../lib/gcc/arm-none-eabi/4.9.3/../../../../arm-none-eabi/lib/armv7-m\libg_nano.a(lib_a-init.o)
 .text          0x00000000        0x0 c:/program files (x86)/cypress/psoc creator/4.0/psoc creator/import/gnu/arm/4.9.3/bin/../lib/gcc/arm-none-eabi/4.9.3/../../../../arm-none-eabi/lib/armv7-m\libg_nano.a(lib_a-memcpy.o)
 .data          0x00000000        0x0 c:/program files (x86)/cypress/psoc creator/4.0/psoc creator/import/gnu/arm/4.9.3/bin/../lib/gcc/arm-none-eabi/4.9.3/../../../../arm-none-eabi/lib/armv7-m\libg_nano.a(lib_a-memcpy.o)
 .bss           0x00000000        0x0 c:/program files (x86)/cypress/psoc creator/4.0/psoc creator/import/gnu/arm/4.9.3/bin/../lib/gcc/arm-none-eabi/4.9.3/../../../../arm-none-eabi/lib/armv7-m\libg_nano.a(lib_a-memcpy.o)
 .text          0x00000000        0x0 c:/program files (x86)/cypress/psoc creator/4.0/psoc creator/import/gnu/arm/4.9.3/bin/../lib/gcc/arm-none-eabi/4.9.3/../../../../arm-none-eabi/lib/armv7-m\libg_nano.a(lib_a-memset.o)
 .data          0x00000000        0x0 c:/program files (x86)/cypress/psoc creator/4.0/psoc creator/import/gnu/arm/4.9.3/bin/../lib/gcc/arm-none-eabi/4.9.3/../../../../arm-none-eabi/lib/armv7-m\libg_nano.a(lib_a-memset.o)
 .bss           0x00000000        0x0 c:/program files (x86)/cypress/psoc creator/4.0/psoc creator/import/gnu/arm/4.9.3/bin/../lib/gcc/arm-none-eabi/4.9.3/../../../../arm-none-eabi/lib/armv7-m\libg_nano.a(lib_a-memset.o)
 .text          0x00000000        0x0 c:/program files (x86)/cypress/psoc creator/4.0/psoc creator/import/gnu/arm/4.9.3/bin/../lib/gcc/arm-none-eabi/4.9.3/armv7-m/crtend.o
 .data          0x00000000        0x0 c:/program files (x86)/cypress/psoc creator/4.0/psoc creator/import/gnu/arm/4.9.3/bin/../lib/gcc/arm-none-eabi/4.9.3/armv7-m/crtend.o
 .bss           0x00000000        0x0 c:/program files (x86)/cypress/psoc creator/4.0/psoc creator/import/gnu/arm/4.9.3/bin/../lib/gcc/arm-none-eabi/4.9.3/armv7-m/crtend.o
 .text          0x00000000        0x0 c:/program files (x86)/cypress/psoc creator/4.0/psoc creator/import/gnu/arm/4.9.3/bin/../lib/gcc/arm-none-eabi/4.9.3/armv7-m/crtn.o
 .data          0x00000000        0x0 c:/program files (x86)/cypress/psoc creator/4.0/psoc creator/import/gnu/arm/4.9.3/bin/../lib/gcc/arm-none-eabi/4.9.3/armv7-m/crtn.o
 .bss           0x00000000        0x0 c:/program files (x86)/cypress/psoc creator/4.0/psoc creator/import/gnu/arm/4.9.3/bin/../lib/gcc/arm-none-eabi/4.9.3/armv7-m/crtn.o

Memory Configuration

Name             Origin             Length             Attributes
rom              0x00000000         0x00040000         xr
ram              0x1fff8000         0x00010000         xrw
*default*        0x00000000         0xffffffff

Linker script and memory map

LOAD c:/program files (x86)/cypress/psoc creator/4.0/psoc creator/import/gnu/arm/4.9.3/bin/../lib/gcc/arm-none-eabi/4.9.3/armv7-m/crti.o
LOAD c:/program files (x86)/cypress/psoc creator/4.0/psoc creator/import/gnu/arm/4.9.3/bin/../lib/gcc/arm-none-eabi/4.9.3/armv7-m/crtbegin.o
LOAD c:/program files (x86)/cypress/psoc creator/4.0/psoc creator/import/gnu/arm/4.9.3/bin/../lib/gcc/arm-none-eabi/4.9.3/../../../../arm-none-eabi/lib/armv7-m/crt0.o
START GROUP
LOAD .\CortexM3\ARM_GCC_493\Debug\main.o
LOAD .\CortexM3\ARM_GCC_493\Debug\cymetadata.o
LOAD .\CortexM3\ARM_GCC_493\Debug\Cm3Start.o
LOAD .\CortexM3\ARM_GCC_493\Debug\SlaveBottom.a
LOAD C:\Program Files (x86)\Cypress\PSoC Creator\4.0\PSoC Creator\psoc\content\cycomponentlibrary\CyComponentLibrary.cylib\CortexM3\ARM_GCC_493\Debug\CyComponentLibrary.a
END GROUP
START GROUP
LOAD c:/program files (x86)/cypress/psoc creator/4.0/psoc creator/import/gnu/arm/4.9.3/bin/../lib/gcc/arm-none-eabi/4.9.3/armv7-m\libgcc.a
LOAD c:/program files (x86)/cypress/psoc creator/4.0/psoc creator/import/gnu/arm/4.9.3/bin/../lib/gcc/arm-none-eabi/4.9.3/../../../../arm-none-eabi/lib/armv7-m\libg_nano.a
LOAD c:/program files (x86)/cypress/psoc creator/4.0/psoc creator/import/gnu/arm/4.9.3/bin/../lib/gcc/arm-none-eabi/4.9.3/../../../../arm-none-eabi/lib/armv7-m\libc_nano.a
END GROUP
START GROUP
LOAD c:/program files (x86)/cypress/psoc creator/4.0/psoc creator/import/gnu/arm/4.9.3/bin/../lib/gcc/arm-none-eabi/4.9.3/armv7-m\libgcc.a
LOAD c:/program files (x86)/cypress/psoc creator/4.0/psoc creator/import/gnu/arm/4.9.3/bin/../lib/gcc/arm-none-eabi/4.9.3/../../../../arm-none-eabi/lib/armv7-m\libc_nano.a
END GROUP
LOAD c:/program files (x86)/cypress/psoc creator/4.0/psoc creator/import/gnu/arm/4.9.3/bin/../lib/gcc/arm-none-eabi/4.9.3/armv7-m/crtend.o
LOAD c:/program files (x86)/cypress/psoc creator/4.0/psoc creator/import/gnu/arm/4.9.3/bin/../lib/gcc/arm-none-eabi/4.9.3/armv7-m/crtn.o
START GROUP
LOAD c:/program files (x86)/cypress/psoc creator/4.0/psoc creator/import/gnu/arm/4.9.3/bin/../lib/gcc/arm-none-eabi/4.9.3/armv7-m\libgcc.a
LOAD c:/program files (x86)/cypress/psoc creator/4.0/psoc creator/import/gnu/arm/4.9.3/bin/../lib/gcc/arm-none-eabi/4.9.3/../../../../arm-none-eabi/lib/armv7-m\libc.a
LOAD c:/program files (x86)/cypress/psoc creator/4.0/psoc creator/import/gnu/arm/4.9.3/bin/../lib/gcc/arm-none-eabi/4.9.3/../../../../arm-none-eabi/lib/armv7-m\libnosys.a
END GROUP
                0x00000000                CY_APPL_ORIGIN = 0x0
                0x00000100                CY_FLASH_ROW_SIZE = 0x100
                0x00000020                CY_ECC_ROW_SIZE = 0x20
                0x00000000                CY_EE_IN_BTLDR = 0x0
                0x00000000                CY_APPL_LOADABLE = 0x0
                0x00000800                CY_EE_SIZE = 0x800
                0x00000001                CY_APPL_NUM = 0x1
                0x00000001                CY_APPL_MAX = 0x1
                0x00000040                CY_METADATA_SIZE = 0x40
                0x00000000                CY_APPL_LOADABLE = 0x0
                0x00000000                CY_CHECKSUM_EXCLUDE_SIZE = ALIGN (0x0, CY_FLASH_ROW_SIZE)
                0x1fff8198                PROVIDE (__cy_heap_start, _end)
                0x00000001                PROVIDE (__cy_region_num, ((__cy_regions_end - __cy_regions) / 0x10))
                0x20008000                PROVIDE (__cy_stack, (ORIGIN (ram) + 0x10000))
                0x20007800                PROVIDE (__cy_heap_end, (__cy_stack - 0x800))

.cybootloader   0x00000000        0x0
 *(.cybootloader)
                0x00000000                appl1_start = CY_APPL_ORIGIN?CY_APPL_ORIGIN:ALIGN (CY_FLASH_ROW_SIZE)
                0x0001ff00                appl2_start = (appl1_start + ALIGN ((((0x40000 - appl1_start) - (0x2 * CY_FLASH_ROW_SIZE)) / 0x2), CY_FLASH_ROW_SIZE))
                0x00000000                appl_start = (CY_APPL_NUM == 0x1)?appl1_start:appl2_start
                0x00000000                ecc_offset = ((appl_start / CY_FLASH_ROW_SIZE) * CY_ECC_ROW_SIZE)
                0x00000000                ee_offset = (CY_APPL_LOADABLE && ! (CY_EE_IN_BTLDR))?((CY_EE_SIZE / CY_APPL_MAX) * (CY_APPL_NUM - 0x1)):0x0
                0x00000800                ee_size = (CY_APPL_LOADABLE && ! (CY_EE_IN_BTLDR))?(CY_EE_SIZE / CY_APPL_MAX):CY_EE_SIZE
                0x00000000                PROVIDE (CY_ECC_OFFSET, ecc_offset)

.text           0x00000000      0x87e
 CREATE_OBJECT_SYMBOLS
                0x00000000                PROVIDE (__cy_interrupt_vector, RomVectors)
 *(.romvectors)
 .romvectors    0x00000000       0x10 .\CortexM3\ARM_GCC_493\Debug\Cm3Start.o
                0x00000000                RomVectors
                0x00000001                ASSERT ((. != __cy_interrupt_vector), No interrupt vector)
                0x00000001                ASSERT (CY_APPL_ORIGIN?(SIZEOF (.cybootloader) <= CY_APPL_ORIGIN):0x1, Wrong image location)
                0x00000010                PROVIDE (__cy_reset, Reset)
 *(.text.Reset)
 .text.Reset    0x00000010       0x18 .\CortexM3\ARM_GCC_493\Debug\Cm3Start.o
                0x00000010                Reset
                0x00000001                ASSERT ((. != __cy_reset), No reset code)
 *(.dma_init)
                0x00000001                ASSERT ((((appl_start + .) <= 0x10000) || 0x1), DMA Init must be within the first 64k of flash)
 *(.text .text.* .gnu.linkonce.t.*)
 .text          0x00000028       0x5c c:/program files (x86)/cypress/psoc creator/4.0/psoc creator/import/gnu/arm/4.9.3/bin/../lib/gcc/arm-none-eabi/4.9.3/armv7-m/crtbegin.o
 .text.pwm_isr_1
                0x00000084       0x24 .\CortexM3\ARM_GCC_493\Debug\main.o
                0x00000084                pwm_isr_1
 .text.moveZ    0x000000a8       0x30 .\CortexM3\ARM_GCC_493\Debug\main.o
                0x000000a8                moveZ
 .text.reset    0x000000d8       0x2c .\CortexM3\ARM_GCC_493\Debug\main.o
                0x000000d8                reset
 .text.updateStatus
                0x00000104       0x18 .\CortexM3\ARM_GCC_493\Debug\main.o
                0x00000104                updateStatus
 .text.isr_1    0x0000011c       0x48 .\CortexM3\ARM_GCC_493\Debug\main.o
                0x0000011c                isr_1
 .text.main     0x00000164       0x84 .\CortexM3\ARM_GCC_493\Debug\main.o
                0x00000164                main
 .text.IntDefaultHandler
                0x000001e8       0x10 .\CortexM3\ARM_GCC_493\Debug\Cm3Start.o
                0x000001e8                IntDefaultHandler
 .text.Start_c  0x000001f8       0x4c .\CortexM3\ARM_GCC_493\Debug\Cm3Start.o
                0x000001f8                Start_c
 .text.initialize_psoc
                0x00000244       0x74 .\CortexM3\ARM_GCC_493\Debug\Cm3Start.o
                0x00000244                initialize_psoc
 .text.CyClockStartupError
                0x000002b8        0x4 .\CortexM3\ARM_GCC_493\Debug\SlaveBottom.a(cyfitter_cfg.o)
 .text.cfg_write_bytes32
                0x000002bc       0x34 .\CortexM3\ARM_GCC_493\Debug\SlaveBottom.a(cyfitter_cfg.o)
 .text.AnalogSetDefault
                0x000002f0       0x28 .\CortexM3\ARM_GCC_493\Debug\SlaveBottom.a(cyfitter_cfg.o)
 .text.CYMEMZERO
                0x00000318        0xc .\CortexM3\ARM_GCC_493\Debug\SlaveBottom.a(cyfitter_cfg.o)
 .text.ClockSetup
                0x00000324       0xc8 .\CortexM3\ARM_GCC_493\Debug\SlaveBottom.a(cyfitter_cfg.o)
 .text.CYCONFIGCPY
                0x000003ec        0x8 .\CortexM3\ARM_GCC_493\Debug\SlaveBottom.a(cyfitter_cfg.o)
 .text.cyfitter_cfg
                0x000003f4      0x11c .\CortexM3\ARM_GCC_493\Debug\SlaveBottom.a(cyfitter_cfg.o)
                0x000003f4                cyfitter_cfg
 .text.isr_1_SetVector
                0x00000510        0xc .\CortexM3\ARM_GCC_493\Debug\SlaveBottom.a(isr_1.o)
                0x00000510                isr_1_SetVector
 .text.isr_1_SetPriority
                0x0000051c       0x10 .\CortexM3\ARM_GCC_493\Debug\SlaveBottom.a(isr_1.o)
                0x0000051c                isr_1_SetPriority
 .text.isr_1_Enable
                0x0000052c        0xc .\CortexM3\ARM_GCC_493\Debug\SlaveBottom.a(isr_1.o)
                0x0000052c                isr_1_Enable
 .text.isr_1_Disable
                0x00000538        0xc .\CortexM3\ARM_GCC_493\Debug\SlaveBottom.a(isr_1.o)
                0x00000538                isr_1_Disable
 .text.isr_1_StartEx
                0x00000544       0x1c .\CortexM3\ARM_GCC_493\Debug\SlaveBottom.a(isr_1.o)
                0x00000544                isr_1_StartEx
 .text.SPIS_1_Enable
                0x00000560       0x30 .\CortexM3\ARM_GCC_493\Debug\SlaveBottom.a(SPIS_1.o)
                0x00000560                SPIS_1_Enable
 .text.SPIS_1_EnableRxInt
                0x00000590        0x4 .\CortexM3\ARM_GCC_493\Debug\SlaveBottom.a(SPIS_1.o)
                0x00000590                SPIS_1_EnableRxInt
 .text.SPIS_1_ReadTxStatus
                0x00000594        0xc .\CortexM3\ARM_GCC_493\Debug\SlaveBottom.a(SPIS_1.o)
                0x00000594                SPIS_1_ReadTxStatus
 .text.SPIS_1_ReadRxStatus
                0x000005a0        0xc .\CortexM3\ARM_GCC_493\Debug\SlaveBottom.a(SPIS_1.o)
                0x000005a0                SPIS_1_ReadRxStatus
 .text.SPIS_1_WriteTxData
                0x000005ac       0x18 .\CortexM3\ARM_GCC_493\Debug\SlaveBottom.a(SPIS_1.o)
                0x000005ac                SPIS_1_WriteTxData
 .text.SPIS_1_ReadRxData
                0x000005c4        0xc .\CortexM3\ARM_GCC_493\Debug\SlaveBottom.a(SPIS_1.o)
                0x000005c4                SPIS_1_ReadRxData
 .text.SPIS_1_ClearTxBuffer
                0x000005d0       0x24 .\CortexM3\ARM_GCC_493\Debug\SlaveBottom.a(SPIS_1.o)
                0x000005d0                SPIS_1_ClearTxBuffer
 .text.SPIS_1_ClearFIFO
                0x000005f4       0x3c .\CortexM3\ARM_GCC_493\Debug\SlaveBottom.a(SPIS_1.o)
                0x000005f4                SPIS_1_ClearFIFO
 .text.SPIS_1_Init
                0x00000630       0x2c .\CortexM3\ARM_GCC_493\Debug\SlaveBottom.a(SPIS_1.o)
                0x00000630                SPIS_1_Init
 .text.SPIS_1_Start
                0x0000065c       0x1c .\CortexM3\ARM_GCC_493\Debug\SlaveBottom.a(SPIS_1.o)
                0x0000065c                SPIS_1_Start
 .text.PWM_1_Enable
                0x00000678       0x10 .\CortexM3\ARM_GCC_493\Debug\SlaveBottom.a(PWM_1.o)
                0x00000678                PWM_1_Enable
 .text.PWM_1_WriteCounter
                0x00000688        0xc .\CortexM3\ARM_GCC_493\Debug\SlaveBottom.a(PWM_1.o)
                0x00000688                PWM_1_WriteCounter
 .text.PWM_1_WritePeriod
                0x00000694        0xc .\CortexM3\ARM_GCC_493\Debug\SlaveBottom.a(PWM_1.o)
                0x00000694                PWM_1_WritePeriod
 .text.PWM_1_WriteCompare
                0x000006a0        0xc .\CortexM3\ARM_GCC_493\Debug\SlaveBottom.a(PWM_1.o)
                0x000006a0                PWM_1_WriteCompare
 .text.PWM_1_SetInterruptMode
                0x000006ac        0xc .\CortexM3\ARM_GCC_493\Debug\SlaveBottom.a(PWM_1.o)
                0x000006ac                PWM_1_SetInterruptMode
 .text.PWM_1_ReadStatusRegister
                0x000006b8        0xc .\CortexM3\ARM_GCC_493\Debug\SlaveBottom.a(PWM_1.o)
                0x000006b8                PWM_1_ReadStatusRegister
 .text.PWM_1_ReadCapture
                0x000006c4        0xc .\CortexM3\ARM_GCC_493\Debug\SlaveBottom.a(PWM_1.o)
                0x000006c4                PWM_1_ReadCapture
 .text.PWM_1_ClearFIFO
                0x000006d0       0x14 .\CortexM3\ARM_GCC_493\Debug\SlaveBottom.a(PWM_1.o)
                0x000006d0                PWM_1_ClearFIFO
 .text.PWM_1_Init
                0x000006e4       0x60 .\CortexM3\ARM_GCC_493\Debug\SlaveBottom.a(PWM_1.o)
                0x000006e4                PWM_1_Init
 .text.PWM_1_Start
                0x00000744       0x1c .\CortexM3\ARM_GCC_493\Debug\SlaveBottom.a(PWM_1.o)
                0x00000744                PWM_1_Start
 .text.Enable_1_Write
                0x00000760       0x18 .\CortexM3\ARM_GCC_493\Debug\SlaveBottom.a(Enable_1.o)
                0x00000760                Enable_1_Write
 .text.pwm_isr_1_SetVector
                0x00000778        0xc .\CortexM3\ARM_GCC_493\Debug\SlaveBottom.a(pwm_isr_1.o)
                0x00000778                pwm_isr_1_SetVector
 .text.pwm_isr_1_SetPriority
                0x00000784       0x10 .\CortexM3\ARM_GCC_493\Debug\SlaveBottom.a(pwm_isr_1.o)
                0x00000784                pwm_isr_1_SetPriority
 .text.pwm_isr_1_Enable
                0x00000794        0xc .\CortexM3\ARM_GCC_493\Debug\SlaveBottom.a(pwm_isr_1.o)
                0x00000794                pwm_isr_1_Enable
 .text.pwm_isr_1_Disable
                0x000007a0        0xc .\CortexM3\ARM_GCC_493\Debug\SlaveBottom.a(pwm_isr_1.o)
                0x000007a0                pwm_isr_1_Disable
 .text.pwm_isr_1_StartEx
                0x000007ac       0x1c .\CortexM3\ARM_GCC_493\Debug\SlaveBottom.a(pwm_isr_1.o)
                0x000007ac                pwm_isr_1_StartEx
 .text.Direction_1_Write
                0x000007c8       0x18 .\CortexM3\ARM_GCC_493\Debug\SlaveBottom.a(Direction_1.o)
                0x000007c8                Direction_1_Write
 .text          0x000007e0       0x20 .\CortexM3\ARM_GCC_493\Debug\SlaveBottom.a(CyBootAsmGnu.o)
                0x000007e0                CyDelayCycles
                0x000007f0                CyEnterCriticalSection
                0x000007f8                CyExitCriticalSection
 .text.__errno  0x00000800        0xc c:/program files (x86)/cypress/psoc creator/4.0/psoc creator/import/gnu/arm/4.9.3/bin/../lib/gcc/arm-none-eabi/4.9.3/../../../../arm-none-eabi/lib/armv7-m\libg_nano.a(lib_a-errno.o)
                0x00000800                __errno
 .text.__libc_init_array
                0x0000080c       0x4c c:/program files (x86)/cypress/psoc creator/4.0/psoc creator/import/gnu/arm/4.9.3/bin/../lib/gcc/arm-none-eabi/4.9.3/../../../../arm-none-eabi/lib/armv7-m\libg_nano.a(lib_a-init.o)
                0x0000080c                __libc_init_array
 .text.memcpy   0x00000858       0x16 c:/program files (x86)/cypress/psoc creator/4.0/psoc creator/import/gnu/arm/4.9.3/bin/../lib/gcc/arm-none-eabi/4.9.3/../../../../arm-none-eabi/lib/armv7-m\libg_nano.a(lib_a-memcpy.o)
                0x00000858                memcpy
 .text.memset   0x0000086e       0x10 c:/program files (x86)/cypress/psoc creator/4.0/psoc creator/import/gnu/arm/4.9.3/bin/../lib/gcc/arm-none-eabi/4.9.3/../../../../arm-none-eabi/lib/armv7-m\libg_nano.a(lib_a-memset.o)
                0x0000086e                memset
 *(.plt)
 *(.gnu.warning)
 *(.glue_7t)
 .glue_7t       0x00000000        0x0 linker stubs
 *(.glue_7)
 .glue_7        0x00000000        0x0 linker stubs
 *(.vfp11_veneer)
 .vfp11_veneer  0x00000000        0x0 linker stubs
 *(.bootloader)
 *(.ARM.extab* .gnu.linkonce.armextab.*)
 *(.gcc_except_table)

.v4_bx          0x00000880        0x0
 .v4_bx         0x00000000        0x0 linker stubs

.iplt           0x00000880        0x0
 .iplt          0x00000000        0x0 c:/program files (x86)/cypress/psoc creator/4.0/psoc creator/import/gnu/arm/4.9.3/bin/../lib/gcc/arm-none-eabi/4.9.3/armv7-m/crtbegin.o

.eh_frame_hdr
 *(.eh_frame_hdr)

.eh_frame       0x00000880        0x4
 *(.eh_frame)
 .eh_frame      0x00000880        0x0 c:/program files (x86)/cypress/psoc creator/4.0/psoc creator/import/gnu/arm/4.9.3/bin/../lib/gcc/arm-none-eabi/4.9.3/armv7-m/crtbegin.o
 .eh_frame      0x00000880        0x4 c:/program files (x86)/cypress/psoc creator/4.0/psoc creator/import/gnu/arm/4.9.3/bin/../lib/gcc/arm-none-eabi/4.9.3/armv7-m/crtend.o
                0x00000884                PROVIDE (__exidx_start, .)

.ARM.exidx
 *(.ARM.exidx* .gnu.linkonce.armexidx.*)
                0x00000884                __exidx_end = .

.rodata         0x00000884       0x64
 *(.rodata .rodata.* .gnu.linkonce.r.*)
 .rodata        0x00000884       0x2c .\CortexM3\ARM_GCC_493\Debug\SlaveBottom.a(cyfitter_cfg.o)
 .rodata.str1.1
                0x000008b0        0x2 c:/program files (x86)/cypress/psoc creator/4.0/psoc creator/import/gnu/arm/4.9.3/bin/../lib/gcc/arm-none-eabi/4.9.3/../../../../arm-none-eabi/lib/armv7-m\libg_nano.a(lib_a-impure.o)
                0x000008b4                . = ALIGN (0x4)
 *fill*         0x000008b2        0x2 
 *(.init)
 .init          0x000008b4        0x4 c:/program files (x86)/cypress/psoc creator/4.0/psoc creator/import/gnu/arm/4.9.3/bin/../lib/gcc/arm-none-eabi/4.9.3/armv7-m/crti.o
                0x000008b4                _init
 .init          0x000008b8        0x8 c:/program files (x86)/cypress/psoc creator/4.0/psoc creator/import/gnu/arm/4.9.3/bin/../lib/gcc/arm-none-eabi/4.9.3/armv7-m/crtn.o
                0x000008c0                . = ALIGN (0x4)
                0x000008c0                __preinit_array_start = .
 *(.preinit_array)
                0x000008c0                __preinit_array_end = .
                0x000008c0                . = ALIGN (0x4)
                0x000008c0                __init_array_start = .
 *(SORT(.init_array.*))
 *(.init_array)
 .init_array    0x000008c0        0x4 c:/program files (x86)/cypress/psoc creator/4.0/psoc creator/import/gnu/arm/4.9.3/bin/../lib/gcc/arm-none-eabi/4.9.3/armv7-m/crtbegin.o
 .init_array    0x000008c4        0x4 .\CortexM3\ARM_GCC_493\Debug\Cm3Start.o
                0x000008c8                __init_array_end = .
                0x000008c8                . = ALIGN (0x4)
 *(.fini)
 .fini          0x000008c8        0x4 c:/program files (x86)/cypress/psoc creator/4.0/psoc creator/import/gnu/arm/4.9.3/bin/../lib/gcc/arm-none-eabi/4.9.3/armv7-m/crti.o
                0x000008c8                _fini
 .fini          0x000008cc        0x8 c:/program files (x86)/cypress/psoc creator/4.0/psoc creator/import/gnu/arm/4.9.3/bin/../lib/gcc/arm-none-eabi/4.9.3/armv7-m/crtn.o
                0x000008d4                . = ALIGN (0x4)
                0x000008d4                __fini_array_start = .
 *(.fini_array)
 .fini_array    0x000008d4        0x4 c:/program files (x86)/cypress/psoc creator/4.0/psoc creator/import/gnu/arm/4.9.3/bin/../lib/gcc/arm-none-eabi/4.9.3/armv7-m/crtbegin.o
 *(SORT(.fini_array.*))
                0x000008d8                __fini_array_end = .
                0x000008d8                . = ALIGN (0x4)
 *crtbegin.o(.ctors)
 *(EXCLUDE_FILE(*crtend.o) .ctors)
 *(SORT(.ctors.*))
 *crtend.o(.ctors)
                0x000008d8                . = ALIGN (0x4)
 *crtbegin.o(.dtors)
 *(EXCLUDE_FILE(*crtend.o) .dtors)
 *(SORT(.dtors.*))
 *crtend.o(.dtors)
                0x000008d8                . = ALIGN (0x4)
                0x000008d8                __cy_regions = .
                0x000008d8        0x4 LONG 0x8e8 __cy_region_init_ram
                0x000008dc        0x4 LONG 0x1fff8108 __cy_region_start_data
                0x000008e0        0x4 LONG 0x68 __cy_region_init_size_ram
                0x000008e4        0x4 LONG 0x28 __cy_region_zero_size_ram
                0x000008e8                __cy_regions_end = .
                0x000008e8                . = ALIGN (0x8)
                0x000008e8                _etext = .

.cy_checksum_exclude
                0x000008e8        0x0
 *(.cy_checksum_exclude)

.ramvectors     0x1fff8000      0x100
                0x1fff8000                __cy_region_start_ram = .
 *(.ramvectors)
 .ramvectors    0x1fff8000      0x100 .\CortexM3\ARM_GCC_493\Debug\Cm3Start.o
                0x1fff8000                CyRamVectors

.noinit         0x1fff8100        0x5
 *(.noinit)
 .noinit        0x1fff8100        0x4 .\CortexM3\ARM_GCC_493\Debug\Cm3Start.o
 .noinit        0x1fff8104        0x1 .\CortexM3\ARM_GCC_493\Debug\SlaveBottom.a(CyLib.o)
                0x1fff8104                CyResetStatus

.data           0x1fff8108       0x68 load address 0x000008e8
                0x1fff8108                __cy_region_start_data = .
 *(.jcr)
 .jcr           0x1fff8108        0x0 c:/program files (x86)/cypress/psoc creator/4.0/psoc creator/import/gnu/arm/4.9.3/bin/../lib/gcc/arm-none-eabi/4.9.3/armv7-m/crtbegin.o
 .jcr           0x1fff8108        0x4 c:/program files (x86)/cypress/psoc creator/4.0/psoc creator/import/gnu/arm/4.9.3/bin/../lib/gcc/arm-none-eabi/4.9.3/armv7-m/crtend.o
 *(.got.plt)
 *(.got)
 *(.shdata)
 *(.data .data.* .gnu.linkonce.d.*)
 .data.impure_data
                0x1fff810c       0x60 c:/program files (x86)/cypress/psoc creator/4.0/psoc creator/import/gnu/arm/4.9.3/bin/../lib/gcc/arm-none-eabi/4.9.3/../../../../arm-none-eabi/lib/armv7-m\libg_nano.a(lib_a-impure.o)
 .data._impure_ptr
                0x1fff816c        0x4 c:/program files (x86)/cypress/psoc creator/4.0/psoc creator/import/gnu/arm/4.9.3/bin/../lib/gcc/arm-none-eabi/4.9.3/../../../../arm-none-eabi/lib/armv7-m\libg_nano.a(lib_a-impure.o)
                0x1fff816c                _impure_ptr
                0x1fff8170                . = ALIGN (0x8)
 *(.ram)
                0x1fff8170                _edata = .

.igot.plt       0x1fff8170        0x0 load address 0x00000950
 .igot.plt      0x00000000        0x0 c:/program files (x86)/cypress/psoc creator/4.0/psoc creator/import/gnu/arm/4.9.3/bin/../lib/gcc/arm-none-eabi/4.9.3/armv7-m/crtbegin.o

.bss            0x1fff8170       0x28 load address 0x00000950
                0x1fff8170                PROVIDE (__bss_start__, .)
 *(.shbss)
 *(.bss .bss.* .gnu.linkonce.b.*)
 .bss           0x1fff8170       0x1c c:/program files (x86)/cypress/psoc creator/4.0/psoc creator/import/gnu/arm/4.9.3/bin/../lib/gcc/arm-none-eabi/4.9.3/armv7-m/crtbegin.o
 .bss           0x1fff818c        0x4 .\CortexM3\ARM_GCC_493\Debug\main.o
                0x1fff818c                zStepCount
                0x1fff818e                zDirection
                0x1fff818f                enabled
 .bss           0x1fff8190        0x1 .\CortexM3\ARM_GCC_493\Debug\SlaveBottom.a(SPIS_1.o)
                0x1fff8190                SPIS_1_initVar
 .bss           0x1fff8191        0x1 .\CortexM3\ARM_GCC_493\Debug\SlaveBottom.a(PWM_1.o)
                0x1fff8191                PWM_1_initVar
 *(COMMON)
 COMMON         0x1fff8192        0x1 .\CortexM3\ARM_GCC_493\Debug\main.o
                0x1fff8192                status
                0x1fff8198                . = ALIGN (0x8)
 *fill*         0x1fff8193        0x5 
 *(.ram.b)
                0x1fff8198                _end = .
                0x1fff8198                __end = .
                0x1fff8198                PROVIDE (end, .)
                0x1fff8198                PROVIDE (__bss_end__, .)
                0x000008e8                __cy_region_init_ram = LOADADDR (.data)
                0x00000068                __cy_region_init_size_ram = (_edata - ADDR (.data))
                0x00000028                __cy_region_zero_size_ram = (_end - _edata)

.heap           0x1fff8198       0x80 load address 0x00000950
                0x1fff8198                . = _end
                0x1fff8218                . = (. + 0x80)
 *fill*         0x1fff8198       0x80 
                0x1fff8218                __cy_heap_limit = .

.stack          0x20007800      0x800
                0x20007800                __cy_stack_limit = .
                0x20008000                . = (. + 0x800)
 *fill*         0x20007800      0x800 
                0x00000001                ASSERT ((__cy_stack_limit >= __cy_heap_limit), region RAM overflowed with stack)
                0x00000000                cy_checksum_exclude_size = (CY_APPL_LOADABLE == 0x1)?SIZEOF (.cy_checksum_exclude):0x0
                0x00000001                ASSERT ((cy_checksum_exclude_size <= CY_CHECKSUM_EXCLUDE_SIZE), CY_BOOT: Section .cy_checksum_exclude size exceedes specified limit.)

.cyloadermeta
 *(.cyloadermeta)

.cyloadablemeta
 *(.cyloadablemeta)

.cyconfigecc    0x80000000      0x2ec
 *(.cyconfigecc)
 .cyconfigecc   0x80000000      0x2ec .\CortexM3\ARM_GCC_493\Debug\cymetadata.o
                0x80000000                cy_meta_configecc

.cycustnvl      0x90000000        0x4
 *(.cycustnvl)
 .cycustnvl     0x90000000        0x4 .\CortexM3\ARM_GCC_493\Debug\cymetadata.o
                0x90000000                cy_meta_custnvl

.cywolatch      0x90100000        0x4
 *(.cywolatch)
 .cywolatch     0x90100000        0x4 .\CortexM3\ARM_GCC_493\Debug\cymetadata.o
                0x90100000                cy_meta_wonvl

.cyeeprom       0x90200000        0x0
 *(.cyeeprom)
                0x00000001                ASSERT ((. <= ((0x90200000 + ee_offset) + ee_size)), .cyeeprom data will not fit in EEPROM)

.cyflashprotect
                0x90400000      0x100
 *(.cyflashprotect)
 .cyflashprotect
                0x90400000      0x100 .\CortexM3\ARM_GCC_493\Debug\cymetadata.o
                0x90400000                cy_meta_flashprotect

.cymeta         0x90500000        0xc
 *(.cymeta)
 .cymeta        0x90500000        0xc .\CortexM3\ARM_GCC_493\Debug\cymetadata.o
                0x90500000                cy_metadata

.rel.dyn        0x00000950        0x0 load address 0x9050000c
 .rel.iplt      0x00000000        0x0 c:/program files (x86)/cypress/psoc creator/4.0/psoc creator/import/gnu/arm/4.9.3/bin/../lib/gcc/arm-none-eabi/4.9.3/armv7-m/crtbegin.o

.stab
 *(.stab)

.stabstr
 *(.stabstr)

.debug
 *(.debug)

.line
 *(.line)

.debug_srcinfo
 *(.debug_srcinfo)

.debug_sfnames
 *(.debug_sfnames)

.debug_aranges  0x00000000      0x838
 *(.debug_aranges)
 .debug_aranges
                0x00000000       0x48 .\CortexM3\ARM_GCC_493\Debug\main.o
 .debug_aranges
                0x00000048       0x18 .\CortexM3\ARM_GCC_493\Debug\cymetadata.o
 .debug_aranges
                0x00000060       0x48 .\CortexM3\ARM_GCC_493\Debug\Cm3Start.o
 .debug_aranges
                0x000000a8       0x58 .\CortexM3\ARM_GCC_493\Debug\SlaveBottom.a(cyfitter_cfg.o)
 .debug_aranges
                0x00000100       0x80 .\CortexM3\ARM_GCC_493\Debug\SlaveBottom.a(isr_1.o)
 .debug_aranges
                0x00000180       0xe0 .\CortexM3\ARM_GCC_493\Debug\SlaveBottom.a(SPIS_1.o)
 .debug_aranges
                0x00000260       0x98 .\CortexM3\ARM_GCC_493\Debug\SlaveBottom.a(PWM_1.o)
 .debug_aranges
                0x000002f8       0x38 .\CortexM3\ARM_GCC_493\Debug\SlaveBottom.a(Enable_1.o)
 .debug_aranges
                0x00000330       0x80 .\CortexM3\ARM_GCC_493\Debug\SlaveBottom.a(pwm_isr_1.o)
 .debug_aranges
                0x000003b0      0x2a0 .\CortexM3\ARM_GCC_493\Debug\SlaveBottom.a(CyLib.o)
 .debug_aranges
                0x00000650       0x98 .\CortexM3\ARM_GCC_493\Debug\SlaveBottom.a(cyPm.o)
 .debug_aranges
                0x000006e8       0x38 .\CortexM3\ARM_GCC_493\Debug\SlaveBottom.a(Direction_1.o)
 .debug_aranges
                0x00000720       0x20 .\CortexM3\ARM_GCC_493\Debug\SlaveBottom.a(CyBootAsmGnu.o)
 .debug_aranges
                0x00000740       0x80 .\CortexM3\ARM_GCC_493\Debug\SlaveBottom.a(CyFlash.o)
 .debug_aranges
                0x000007c0       0x78 .\CortexM3\ARM_GCC_493\Debug\SlaveBottom.a(CySpc.o)

.debug_pubnames
 *(.debug_pubnames)

.debug_info     0x00000000     0x4855
 *(.debug_info .gnu.linkonce.wi.*)
 .debug_info    0x00000000      0x4e5 .\CortexM3\ARM_GCC_493\Debug\main.o
 .debug_info    0x000004e5      0x13b .\CortexM3\ARM_GCC_493\Debug\cymetadata.o
 .debug_info    0x00000620      0x3b3 .\CortexM3\ARM_GCC_493\Debug\Cm3Start.o
 .debug_info    0x000009d3      0x51d .\CortexM3\ARM_GCC_493\Debug\SlaveBottom.a(cyfitter_cfg.o)
 .debug_info    0x00000ef0      0x2cb .\CortexM3\ARM_GCC_493\Debug\SlaveBottom.a(isr_1.o)
 .debug_info    0x000011bb      0x4b4 .\CortexM3\ARM_GCC_493\Debug\SlaveBottom.a(SPIS_1.o)
 .debug_info    0x0000166f      0x34e .\CortexM3\ARM_GCC_493\Debug\SlaveBottom.a(PWM_1.o)
 .debug_info    0x000019bd      0x11f .\CortexM3\ARM_GCC_493\Debug\SlaveBottom.a(Enable_1.o)
 .debug_info    0x00001adc      0x2cb .\CortexM3\ARM_GCC_493\Debug\SlaveBottom.a(pwm_isr_1.o)
 .debug_info    0x00001da7     0x1385 .\CortexM3\ARM_GCC_493\Debug\SlaveBottom.a(CyLib.o)
 .debug_info    0x0000312c      0xa57 .\CortexM3\ARM_GCC_493\Debug\SlaveBottom.a(cyPm.o)
 .debug_info    0x00003b83      0x11f .\CortexM3\ARM_GCC_493\Debug\SlaveBottom.a(Direction_1.o)
 .debug_info    0x00003ca2       0xc1 .\CortexM3\ARM_GCC_493\Debug\SlaveBottom.a(CyBootAsmGnu.o)
 .debug_info    0x00003d63      0x608 .\CortexM3\ARM_GCC_493\Debug\SlaveBottom.a(CyFlash.o)
 .debug_info    0x0000436b      0x4ea .\CortexM3\ARM_GCC_493\Debug\SlaveBottom.a(CySpc.o)

.debug_abbrev   0x00000000     0x14ef
 *(.debug_abbrev)
 .debug_abbrev  0x00000000      0x197 .\CortexM3\ARM_GCC_493\Debug\main.o
 .debug_abbrev  0x00000197       0x66 .\CortexM3\ARM_GCC_493\Debug\cymetadata.o
 .debug_abbrev  0x000001fd      0x1f7 .\CortexM3\ARM_GCC_493\Debug\Cm3Start.o
 .debug_abbrev  0x000003f4      0x203 .\CortexM3\ARM_GCC_493\Debug\SlaveBottom.a(cyfitter_cfg.o)
 .debug_abbrev  0x000005f7      0x173 .\CortexM3\ARM_GCC_493\Debug\SlaveBottom.a(isr_1.o)
 .debug_abbrev  0x0000076a      0x160 .\CortexM3\ARM_GCC_493\Debug\SlaveBottom.a(SPIS_1.o)
 .debug_abbrev  0x000008ca      0x14d .\CortexM3\ARM_GCC_493\Debug\SlaveBottom.a(PWM_1.o)
 .debug_abbrev  0x00000a17       0x90 .\CortexM3\ARM_GCC_493\Debug\SlaveBottom.a(Enable_1.o)
 .debug_abbrev  0x00000aa7      0x173 .\CortexM3\ARM_GCC_493\Debug\SlaveBottom.a(pwm_isr_1.o)
 .debug_abbrev  0x00000c1a      0x296 .\CortexM3\ARM_GCC_493\Debug\SlaveBottom.a(CyLib.o)
 .debug_abbrev  0x00000eb0      0x1ed .\CortexM3\ARM_GCC_493\Debug\SlaveBottom.a(cyPm.o)
 .debug_abbrev  0x0000109d       0x90 .\CortexM3\ARM_GCC_493\Debug\SlaveBottom.a(Direction_1.o)
 .debug_abbrev  0x0000112d       0x14 .\CortexM3\ARM_GCC_493\Debug\SlaveBottom.a(CyBootAsmGnu.o)
 .debug_abbrev  0x00001141      0x1ed .\CortexM3\ARM_GCC_493\Debug\SlaveBottom.a(CyFlash.o)
 .debug_abbrev  0x0000132e      0x1c1 .\CortexM3\ARM_GCC_493\Debug\SlaveBottom.a(CySpc.o)

.debug_line     0x00000000     0x1e27
 *(.debug_line)
 .debug_line    0x00000000      0x23e .\CortexM3\ARM_GCC_493\Debug\main.o
 .debug_line    0x0000023e       0x51 .\CortexM3\ARM_GCC_493\Debug\cymetadata.o
 .debug_line    0x0000028f      0x24f .\CortexM3\ARM_GCC_493\Debug\Cm3Start.o
 .debug_line    0x000004de      0x1e1 .\CortexM3\ARM_GCC_493\Debug\SlaveBottom.a(cyfitter_cfg.o)
 .debug_line    0x000006bf      0x132 .\CortexM3\ARM_GCC_493\Debug\SlaveBottom.a(isr_1.o)
 .debug_line    0x000007f1      0x245 .\CortexM3\ARM_GCC_493\Debug\SlaveBottom.a(SPIS_1.o)
 .debug_line    0x00000a36      0x188 .\CortexM3\ARM_GCC_493\Debug\SlaveBottom.a(PWM_1.o)
 .debug_line    0x00000bbe       0x95 .\CortexM3\ARM_GCC_493\Debug\SlaveBottom.a(Enable_1.o)
 .debug_line    0x00000c53      0x136 .\CortexM3\ARM_GCC_493\Debug\SlaveBottom.a(pwm_isr_1.o)
 .debug_line    0x00000d89      0x816 .\CortexM3\ARM_GCC_493\Debug\SlaveBottom.a(CyLib.o)
 .debug_line    0x0000159f      0x364 .\CortexM3\ARM_GCC_493\Debug\SlaveBottom.a(cyPm.o)
 .debug_line    0x00001903       0x98 .\CortexM3\ARM_GCC_493\Debug\SlaveBottom.a(Direction_1.o)
 .debug_line    0x0000199b       0x66 .\CortexM3\ARM_GCC_493\Debug\SlaveBottom.a(CyBootAsmGnu.o)
 .debug_line    0x00001a01      0x1ea .\CortexM3\ARM_GCC_493\Debug\SlaveBottom.a(CyFlash.o)
 .debug_line    0x00001beb      0x23c .\CortexM3\ARM_GCC_493\Debug\SlaveBottom.a(CySpc.o)

.debug_frame    0x00000000     0x14e8
 *(.debug_frame)
 .debug_frame   0x00000000       0xb8 .\CortexM3\ARM_GCC_493\Debug\main.o
 .debug_frame   0x000000b8       0xb8 .\CortexM3\ARM_GCC_493\Debug\Cm3Start.o
 .debug_frame   0x00000170       0xe4 .\CortexM3\ARM_GCC_493\Debug\SlaveBottom.a(cyfitter_cfg.o)
 .debug_frame   0x00000254      0x104 .\CortexM3\ARM_GCC_493\Debug\SlaveBottom.a(isr_1.o)
 .debug_frame   0x00000358      0x1f8 .\CortexM3\ARM_GCC_493\Debug\SlaveBottom.a(SPIS_1.o)
 .debug_frame   0x00000550      0x134 .\CortexM3\ARM_GCC_493\Debug\SlaveBottom.a(PWM_1.o)
 .debug_frame   0x00000684       0x50 .\CortexM3\ARM_GCC_493\Debug\SlaveBottom.a(Enable_1.o)
 .debug_frame   0x000006d4      0x104 .\CortexM3\ARM_GCC_493\Debug\SlaveBottom.a(pwm_isr_1.o)
 .debug_frame   0x000007d8      0x738 .\CortexM3\ARM_GCC_493\Debug\SlaveBottom.a(CyLib.o)
 .debug_frame   0x00000f10      0x1f8 .\CortexM3\ARM_GCC_493\Debug\SlaveBottom.a(cyPm.o)
 .debug_frame   0x00001108       0x50 .\CortexM3\ARM_GCC_493\Debug\SlaveBottom.a(Direction_1.o)
 .debug_frame   0x00001158      0x174 .\CortexM3\ARM_GCC_493\Debug\SlaveBottom.a(CyFlash.o)
 .debug_frame   0x000012cc      0x160 .\CortexM3\ARM_GCC_493\Debug\SlaveBottom.a(CySpc.o)
 .debug_frame   0x0000142c       0x20 c:/program files (x86)/cypress/psoc creator/4.0/psoc creator/import/gnu/arm/4.9.3/bin/../lib/gcc/arm-none-eabi/4.9.3/../../../../arm-none-eabi/lib/armv7-m\libg_nano.a(lib_a-errno.o)
 .debug_frame   0x0000144c       0x28 c:/program files (x86)/cypress/psoc creator/4.0/psoc creator/import/gnu/arm/4.9.3/bin/../lib/gcc/arm-none-eabi/4.9.3/../../../../arm-none-eabi/lib/armv7-m\libg_nano.a(lib_a-exit.o)
 .debug_frame   0x00001474       0x2c c:/program files (x86)/cypress/psoc creator/4.0/psoc creator/import/gnu/arm/4.9.3/bin/../lib/gcc/arm-none-eabi/4.9.3/../../../../arm-none-eabi/lib/armv7-m\libg_nano.a(lib_a-init.o)
 .debug_frame   0x000014a0       0x28 c:/program files (x86)/cypress/psoc creator/4.0/psoc creator/import/gnu/arm/4.9.3/bin/../lib/gcc/arm-none-eabi/4.9.3/../../../../arm-none-eabi/lib/armv7-m\libg_nano.a(lib_a-memcpy.o)
 .debug_frame   0x000014c8       0x20 c:/program files (x86)/cypress/psoc creator/4.0/psoc creator/import/gnu/arm/4.9.3/bin/../lib/gcc/arm-none-eabi/4.9.3/../../../../arm-none-eabi/lib/armv7-m\libg_nano.a(lib_a-memset.o)

.debug_str      0x00000000     0x19f8
 *(.debug_str)
 .debug_str     0x00000000      0x3a1 .\CortexM3\ARM_GCC_493\Debug\main.o
                                0x3fd (size before relaxing)
 .debug_str     0x000003a1       0x75 .\CortexM3\ARM_GCC_493\Debug\cymetadata.o
                                0x21b (size before relaxing)
 .debug_str     0x00000416      0x15d .\CortexM3\ARM_GCC_493\Debug\Cm3Start.o
                                0x32f (size before relaxing)
 .debug_str     0x00000573      0x14c .\CortexM3\ARM_GCC_493\Debug\SlaveBottom.a(cyfitter_cfg.o)
                                0x334 (size before relaxing)
 .debug_str     0x000006bf       0x37 .\CortexM3\ARM_GCC_493\Debug\SlaveBottom.a(isr_1.o)
                                0x2cb (size before relaxing)
 .debug_str     0x000006f6      0x249 .\CortexM3\ARM_GCC_493\Debug\SlaveBottom.a(SPIS_1.o)
                                0x464 (size before relaxing)
 .debug_str     0x0000093f      0x179 .\CortexM3\ARM_GCC_493\Debug\SlaveBottom.a(PWM_1.o)
                                0x383 (size before relaxing)
 .debug_str     0x00000ab8       0x6b .\CortexM3\ARM_GCC_493\Debug\SlaveBottom.a(Enable_1.o)
                                0x222 (size before relaxing)
 .debug_str     0x00000b23       0xe9 .\CortexM3\ARM_GCC_493\Debug\SlaveBottom.a(pwm_isr_1.o)
                                0x303 (size before relaxing)
 .debug_str     0x00000c0c      0x7eb .\CortexM3\ARM_GCC_493\Debug\SlaveBottom.a(CyLib.o)
                                0xa6c (size before relaxing)
 .debug_str     0x000013f7      0x359 .\CortexM3\ARM_GCC_493\Debug\SlaveBottom.a(cyPm.o)
                                0x74c (size before relaxing)
 .debug_str     0x00001750       0x67 .\CortexM3\ARM_GCC_493\Debug\SlaveBottom.a(Direction_1.o)
                                0x231 (size before relaxing)
 .debug_str     0x000017b7      0x195 .\CortexM3\ARM_GCC_493\Debug\SlaveBottom.a(CyFlash.o)
                                0x3c6 (size before relaxing)
 .debug_str     0x0000194c       0xac .\CortexM3\ARM_GCC_493\Debug\SlaveBottom.a(CySpc.o)
                                0x34f (size before relaxing)

.debug_loc      0x00000000     0x1b06
 *(.debug_loc)
 .debug_loc     0x00000000       0x60 .\CortexM3\ARM_GCC_493\Debug\main.o
 .debug_loc     0x00000060      0x144 .\CortexM3\ARM_GCC_493\Debug\Cm3Start.o
 .debug_loc     0x000001a4      0x1d7 .\CortexM3\ARM_GCC_493\Debug\SlaveBottom.a(cyfitter_cfg.o)
 .debug_loc     0x0000037b       0x56 .\CortexM3\ARM_GCC_493\Debug\SlaveBottom.a(isr_1.o)
 .debug_loc     0x000003d1       0xf3 .\CortexM3\ARM_GCC_493\Debug\SlaveBottom.a(SPIS_1.o)
 .debug_loc     0x000004c4       0x26 .\CortexM3\ARM_GCC_493\Debug\SlaveBottom.a(PWM_1.o)
 .debug_loc     0x000004ea       0x42 .\CortexM3\ARM_GCC_493\Debug\SlaveBottom.a(Enable_1.o)
 .debug_loc     0x0000052c       0x56 .\CortexM3\ARM_GCC_493\Debug\SlaveBottom.a(pwm_isr_1.o)
 .debug_loc     0x00000582      0xa11 .\CortexM3\ARM_GCC_493\Debug\SlaveBottom.a(CyLib.o)
 .debug_loc     0x00000f93      0x1e4 .\CortexM3\ARM_GCC_493\Debug\SlaveBottom.a(cyPm.o)
 .debug_loc     0x00001177       0x42 .\CortexM3\ARM_GCC_493\Debug\SlaveBottom.a(Direction_1.o)
 .debug_loc     0x000011b9      0x300 .\CortexM3\ARM_GCC_493\Debug\SlaveBottom.a(CyFlash.o)
 .debug_loc     0x000014b9      0x64d .\CortexM3\ARM_GCC_493\Debug\SlaveBottom.a(CySpc.o)

.debug_macinfo
 *(.debug_macinfo)

.debug_ranges   0x00000000      0x730
 *(.debug_ranges)
 .debug_ranges  0x00000000       0x38 .\CortexM3\ARM_GCC_493\Debug\main.o
 .debug_ranges  0x00000038       0x38 .\CortexM3\ARM_GCC_493\Debug\Cm3Start.o
 .debug_ranges  0x00000070       0x48 .\CortexM3\ARM_GCC_493\Debug\SlaveBottom.a(cyfitter_cfg.o)
 .debug_ranges  0x000000b8       0x70 .\CortexM3\ARM_GCC_493\Debug\SlaveBottom.a(isr_1.o)
 .debug_ranges  0x00000128       0xd0 .\CortexM3\ARM_GCC_493\Debug\SlaveBottom.a(SPIS_1.o)
 .debug_ranges  0x000001f8       0x88 .\CortexM3\ARM_GCC_493\Debug\SlaveBottom.a(PWM_1.o)
 .debug_ranges  0x00000280       0x28 .\CortexM3\ARM_GCC_493\Debug\SlaveBottom.a(Enable_1.o)
 .debug_ranges  0x000002a8       0x70 .\CortexM3\ARM_GCC_493\Debug\SlaveBottom.a(pwm_isr_1.o)
 .debug_ranges  0x00000318      0x290 .\CortexM3\ARM_GCC_493\Debug\SlaveBottom.a(CyLib.o)
 .debug_ranges  0x000005a8       0x88 .\CortexM3\ARM_GCC_493\Debug\SlaveBottom.a(cyPm.o)
 .debug_ranges  0x00000630       0x28 .\CortexM3\ARM_GCC_493\Debug\SlaveBottom.a(Direction_1.o)
 .debug_ranges  0x00000658       0x70 .\CortexM3\ARM_GCC_493\Debug\SlaveBottom.a(CyFlash.o)
 .debug_ranges  0x000006c8       0x68 .\CortexM3\ARM_GCC_493\Debug\SlaveBottom.a(CySpc.o)

.comment        0x00000000       0x70
 .comment       0x00000000       0x70 .\CortexM3\ARM_GCC_493\Debug\main.o
                                 0x71 (size before relaxing)
 .comment       0x00000000       0x71 .\CortexM3\ARM_GCC_493\Debug\cymetadata.o
 .comment       0x00000000       0x71 .\CortexM3\ARM_GCC_493\Debug\Cm3Start.o
 .comment       0x00000000       0x71 .\CortexM3\ARM_GCC_493\Debug\SlaveBottom.a(cyfitter_cfg.o)
 .comment       0x00000000       0x71 .\CortexM3\ARM_GCC_493\Debug\SlaveBottom.a(isr_1.o)
 .comment       0x00000000       0x71 .\CortexM3\ARM_GCC_493\Debug\SlaveBottom.a(SPIS_1.o)
 .comment       0x00000000       0x71 .\CortexM3\ARM_GCC_493\Debug\SlaveBottom.a(PWM_1.o)
 .comment       0x00000000       0x71 .\CortexM3\ARM_GCC_493\Debug\SlaveBottom.a(Enable_1.o)
 .comment       0x00000000       0x71 .\CortexM3\ARM_GCC_493\Debug\SlaveBottom.a(pwm_isr_1.o)
 .comment       0x00000000       0x71 .\CortexM3\ARM_GCC_493\Debug\SlaveBottom.a(CyLib.o)
 .comment       0x00000000       0x71 .\CortexM3\ARM_GCC_493\Debug\SlaveBottom.a(cyPm.o)
 .comment       0x00000000       0x71 .\CortexM3\ARM_GCC_493\Debug\SlaveBottom.a(Direction_1.o)
 .comment       0x00000000       0x71 .\CortexM3\ARM_GCC_493\Debug\SlaveBottom.a(CyFlash.o)
 .comment       0x00000000       0x71 .\CortexM3\ARM_GCC_493\Debug\SlaveBottom.a(CySpc.o)

.debug_weaknames
 *(.debug_weaknames)

.debug_funcnames
 *(.debug_funcnames)

.debug_typenames
 *(.debug_typenames)

.debug_varnames
 *(.debug_varnames)

.note.gnu.arm.ident
 *(.note.gnu.arm.ident)

.ARM.attributes
                0x00000000       0x29
 *(.ARM.attributes)
 .ARM.attributes
                0x00000000       0x1d c:/program files (x86)/cypress/psoc creator/4.0/psoc creator/import/gnu/arm/4.9.3/bin/../lib/gcc/arm-none-eabi/4.9.3/armv7-m/crti.o
 .ARM.attributes
                0x0000001d       0x2d c:/program files (x86)/cypress/psoc creator/4.0/psoc creator/import/gnu/arm/4.9.3/bin/../lib/gcc/arm-none-eabi/4.9.3/armv7-m/crtbegin.o
 .ARM.attributes
                0x0000004a       0x1b c:/program files (x86)/cypress/psoc creator/4.0/psoc creator/import/gnu/arm/4.9.3/bin/../lib/gcc/arm-none-eabi/4.9.3/../../../../arm-none-eabi/lib/armv7-m/crt0.o
 .ARM.attributes
                0x00000065       0x33 .\CortexM3\ARM_GCC_493\Debug\main.o
 .ARM.attributes
                0x00000098       0x33 .\CortexM3\ARM_GCC_493\Debug\cymetadata.o
 .ARM.attributes
                0x000000cb       0x33 .\CortexM3\ARM_GCC_493\Debug\Cm3Start.o
 .ARM.attributes
                0x000000fe       0x33 .\CortexM3\ARM_GCC_493\Debug\SlaveBottom.a(cyfitter_cfg.o)
 .ARM.attributes
                0x00000131       0x33 .\CortexM3\ARM_GCC_493\Debug\SlaveBottom.a(isr_1.o)
 .ARM.attributes
                0x00000164       0x33 .\CortexM3\ARM_GCC_493\Debug\SlaveBottom.a(SPIS_1.o)
 .ARM.attributes
                0x00000197       0x33 .\CortexM3\ARM_GCC_493\Debug\SlaveBottom.a(PWM_1.o)
 .ARM.attributes
                0x000001ca       0x33 .\CortexM3\ARM_GCC_493\Debug\SlaveBottom.a(Enable_1.o)
 .ARM.attributes
                0x000001fd       0x33 .\CortexM3\ARM_GCC_493\Debug\SlaveBottom.a(pwm_isr_1.o)
 .ARM.attributes
                0x00000230       0x33 .\CortexM3\ARM_GCC_493\Debug\SlaveBottom.a(CyLib.o)
 .ARM.attributes
                0x00000263       0x33 .\CortexM3\ARM_GCC_493\Debug\SlaveBottom.a(cyPm.o)
 .ARM.attributes
                0x00000296       0x33 .\CortexM3\ARM_GCC_493\Debug\SlaveBottom.a(Direction_1.o)
 .ARM.attributes
                0x000002c9       0x21 .\CortexM3\ARM_GCC_493\Debug\SlaveBottom.a(CyBootAsmGnu.o)
 .ARM.attributes
                0x000002ea       0x33 .\CortexM3\ARM_GCC_493\Debug\SlaveBottom.a(CyFlash.o)
 .ARM.attributes
                0x0000031d       0x33 .\CortexM3\ARM_GCC_493\Debug\SlaveBottom.a(CySpc.o)
 .ARM.attributes
                0x00000350       0x2d c:/program files (x86)/cypress/psoc creator/4.0/psoc creator/import/gnu/arm/4.9.3/bin/../lib/gcc/arm-none-eabi/4.9.3/../../../../arm-none-eabi/lib/armv7-m\libg_nano.a(lib_a-errno.o)
 .ARM.attributes
                0x0000037d       0x2d c:/program files (x86)/cypress/psoc creator/4.0/psoc creator/import/gnu/arm/4.9.3/bin/../lib/gcc/arm-none-eabi/4.9.3/../../../../arm-none-eabi/lib/armv7-m\libg_nano.a(lib_a-exit.o)
 .ARM.attributes
                0x000003aa       0x2d c:/program files (x86)/cypress/psoc creator/4.0/psoc creator/import/gnu/arm/4.9.3/bin/../lib/gcc/arm-none-eabi/4.9.3/../../../../arm-none-eabi/lib/armv7-m\libg_nano.a(lib_a-impure.o)
 .ARM.attributes
                0x000003d7       0x2d c:/program files (x86)/cypress/psoc creator/4.0/psoc creator/import/gnu/arm/4.9.3/bin/../lib/gcc/arm-none-eabi/4.9.3/../../../../arm-none-eabi/lib/armv7-m\libg_nano.a(lib_a-init.o)
 .ARM.attributes
                0x00000404       0x2d c:/program files (x86)/cypress/psoc creator/4.0/psoc creator/import/gnu/arm/4.9.3/bin/../lib/gcc/arm-none-eabi/4.9.3/../../../../arm-none-eabi/lib/armv7-m\libg_nano.a(lib_a-memcpy.o)
 .ARM.attributes
                0x00000431       0x2d c:/program files (x86)/cypress/psoc creator/4.0/psoc creator/import/gnu/arm/4.9.3/bin/../lib/gcc/arm-none-eabi/4.9.3/../../../../arm-none-eabi/lib/armv7-m\libg_nano.a(lib_a-memset.o)
 .ARM.attributes
                0x0000045e       0x2d c:/program files (x86)/cypress/psoc creator/4.0/psoc creator/import/gnu/arm/4.9.3/bin/../lib/gcc/arm-none-eabi/4.9.3/armv7-m/crtend.o
 .ARM.attributes
                0x0000048b       0x1d c:/program files (x86)/cypress/psoc creator/4.0/psoc creator/import/gnu/arm/4.9.3/bin/../lib/gcc/arm-none-eabi/4.9.3/armv7-m/crtn.o

/DISCARD/
 *(.note.GNU-stack)
OUTPUT(.\CortexM3\ARM_GCC_493\Debug\SlaveBottom.elf elf32-littlearm)
